Archive member included to satisfy reference by file (symbol)

c:/st/stm32cubeide_1.5.0/stm32cubeide/plugins/com.st.stm32cube.ide.mcu.externaltools.gnu-tools-for-stm32.9-2020-q2-update.win32_1.5.0.202011040924/tools/bin/../lib/gcc/arm-none-eabi/9.3.1/../../../../arm-none-eabi/lib/thumb/v7-m/nofp\libc_nano.a(lib_a-errno.o)
                              Core/Src/syscalls.o (__errno)
c:/st/stm32cubeide_1.5.0/stm32cubeide/plugins/com.st.stm32cube.ide.mcu.externaltools.gnu-tools-for-stm32.9-2020-q2-update.win32_1.5.0.202011040924/tools/bin/../lib/gcc/arm-none-eabi/9.3.1/../../../../arm-none-eabi/lib/thumb/v7-m/nofp\libc_nano.a(lib_a-exit.o)
                              c:/st/stm32cubeide_1.5.0/stm32cubeide/plugins/com.st.stm32cube.ide.mcu.externaltools.gnu-tools-for-stm32.9-2020-q2-update.win32_1.5.0.202011040924/tools/bin/../lib/gcc/arm-none-eabi/9.3.1/../../../../arm-none-eabi/lib/thumb/v7-m/nofp/crt0.o (exit)
c:/st/stm32cubeide_1.5.0/stm32cubeide/plugins/com.st.stm32cube.ide.mcu.externaltools.gnu-tools-for-stm32.9-2020-q2-update.win32_1.5.0.202011040924/tools/bin/../lib/gcc/arm-none-eabi/9.3.1/../../../../arm-none-eabi/lib/thumb/v7-m/nofp\libc_nano.a(lib_a-impure.o)
                              c:/st/stm32cubeide_1.5.0/stm32cubeide/plugins/com.st.stm32cube.ide.mcu.externaltools.gnu-tools-for-stm32.9-2020-q2-update.win32_1.5.0.202011040924/tools/bin/../lib/gcc/arm-none-eabi/9.3.1/../../../../arm-none-eabi/lib/thumb/v7-m/nofp\libc_nano.a(lib_a-exit.o) (_global_impure_ptr)
c:/st/stm32cubeide_1.5.0/stm32cubeide/plugins/com.st.stm32cube.ide.mcu.externaltools.gnu-tools-for-stm32.9-2020-q2-update.win32_1.5.0.202011040924/tools/bin/../lib/gcc/arm-none-eabi/9.3.1/../../../../arm-none-eabi/lib/thumb/v7-m/nofp\libc_nano.a(lib_a-init.o)
                              c:/st/stm32cubeide_1.5.0/stm32cubeide/plugins/com.st.stm32cube.ide.mcu.externaltools.gnu-tools-for-stm32.9-2020-q2-update.win32_1.5.0.202011040924/tools/bin/../lib/gcc/arm-none-eabi/9.3.1/../../../../arm-none-eabi/lib/thumb/v7-m/nofp/crt0.o (__libc_init_array)
c:/st/stm32cubeide_1.5.0/stm32cubeide/plugins/com.st.stm32cube.ide.mcu.externaltools.gnu-tools-for-stm32.9-2020-q2-update.win32_1.5.0.202011040924/tools/bin/../lib/gcc/arm-none-eabi/9.3.1/../../../../arm-none-eabi/lib/thumb/v7-m/nofp\libc_nano.a(lib_a-memccpy.o)
                              Core/Src/main.o (memccpy)
c:/st/stm32cubeide_1.5.0/stm32cubeide/plugins/com.st.stm32cube.ide.mcu.externaltools.gnu-tools-for-stm32.9-2020-q2-update.win32_1.5.0.202011040924/tools/bin/../lib/gcc/arm-none-eabi/9.3.1/../../../../arm-none-eabi/lib/thumb/v7-m/nofp\libc_nano.a(lib_a-memset.o)
                              c:/st/stm32cubeide_1.5.0/stm32cubeide/plugins/com.st.stm32cube.ide.mcu.externaltools.gnu-tools-for-stm32.9-2020-q2-update.win32_1.5.0.202011040924/tools/bin/../lib/gcc/arm-none-eabi/9.3.1/../../../../arm-none-eabi/lib/thumb/v7-m/nofp/crt0.o (memset)
c:/st/stm32cubeide_1.5.0/stm32cubeide/plugins/com.st.stm32cube.ide.mcu.externaltools.gnu-tools-for-stm32.9-2020-q2-update.win32_1.5.0.202011040924/tools/bin/../lib/gcc/arm-none-eabi/9.3.1/../../../../arm-none-eabi/lib/thumb/v7-m/nofp\libc_nano.a(lib_a-nano-vfprintf_float.o)
                              (_printf_float)
c:/st/stm32cubeide_1.5.0/stm32cubeide/plugins/com.st.stm32cube.ide.mcu.externaltools.gnu-tools-for-stm32.9-2020-q2-update.win32_1.5.0.202011040924/tools/bin/../lib/gcc/arm-none-eabi/9.3.1/../../../../arm-none-eabi/lib/thumb/v7-m/nofp\libc_nano.a(lib_a-nano-vfprintf_i.o)
                              c:/st/stm32cubeide_1.5.0/stm32cubeide/plugins/com.st.stm32cube.ide.mcu.externaltools.gnu-tools-for-stm32.9-2020-q2-update.win32_1.5.0.202011040924/tools/bin/../lib/gcc/arm-none-eabi/9.3.1/../../../../arm-none-eabi/lib/thumb/v7-m/nofp\libc_nano.a(lib_a-nano-vfprintf_float.o) (_printf_common)
c:/st/stm32cubeide_1.5.0/stm32cubeide/plugins/com.st.stm32cube.ide.mcu.externaltools.gnu-tools-for-stm32.9-2020-q2-update.win32_1.5.0.202011040924/tools/bin/../lib/gcc/arm-none-eabi/9.3.1/../../../../arm-none-eabi/lib/thumb/v7-m/nofp\libc_nano.a(lib_a-sprintf.o)
                              Core/Src/MPU6050.o (sprintf)
c:/st/stm32cubeide_1.5.0/stm32cubeide/plugins/com.st.stm32cube.ide.mcu.externaltools.gnu-tools-for-stm32.9-2020-q2-update.win32_1.5.0.202011040924/tools/bin/../lib/gcc/arm-none-eabi/9.3.1/../../../../arm-none-eabi/lib/thumb/v7-m/nofp\libc_nano.a(lib_a-strcmp.o)
                              Core/Src/file_handling.o (strcmp)
c:/st/stm32cubeide_1.5.0/stm32cubeide/plugins/com.st.stm32cube.ide.mcu.externaltools.gnu-tools-for-stm32.9-2020-q2-update.win32_1.5.0.202011040924/tools/bin/../lib/gcc/arm-none-eabi/9.3.1/../../../../arm-none-eabi/lib/thumb/v7-m/nofp\libc_nano.a(lib_a-strlen.o)
                              Core/Src/UartRingbuffer.o (strlen)
[...]
Memory Configuration

Name             Origin             Length             Attributes
RAM              0x0000000020000000 0x0000000000005000 xrw
FLASH            0x0000000008000000 0x0000000000010000 xr
*default*        0x0000000000000000 0xffffffffffffffff

Linker script and memory map

LOAD c:/st/stm32cubeide_1.5.0/stm32cubeide/plugins/com.st.stm32cube.ide.mcu.externaltools.gnu-tools-for-stm32.9-2020-q2-update.win32_1.5.0.202011040924/tools/bin/../lib/gcc/arm-none-eabi/9.3.1/thumb/v7-m/nofp/crti.o
LOAD c:/st/stm32cubeide_1.5.0/stm32cubeide/plugins/com.st.stm32cube.ide.mcu.externaltools.gnu-tools-for-stm32.9-2020-q2-update.win32_1.5.0.202011040924/tools/bin/../lib/gcc/arm-none-eabi/9.3.1/thumb/v7-m/nofp/crtbegin.o
LOAD c:/st/stm32cubeide_1.5.0/stm32cubeide/plugins/com.st.stm32cube.ide.mcu.externaltools.gnu-tools-for-stm32.9-2020-q2-update.win32_1.5.0.202011040924/tools/bin/../lib/gcc/arm-none-eabi/9.3.1/../../../../arm-none-eabi/lib/thumb/v7-m/nofp/crt0.o
LOAD Core/Src/MPU6050.o
LOAD Core/Src/UartRingbuffer.o
LOAD Core/Src/ads1256.o
LOAD Core/Src/fatfs_sd.o
LOAD Core/Src/file_handling.o
LOAD Core/Src/main.o
LOAD Core/Src/stm32f1xx_hal_msp.o
LOAD Core/Src/stm32f1xx_it.o
LOAD Core/Src/syscalls.o
LOAD Core/Src/sysmem.o
LOAD Core/Src/system_stm32f1xx.o
LOAD Core/Startup/startup_stm32f103c8tx.o
LOAD Drivers/STM32F1xx_HAL_Driver/Src/stm32f1xx_hal.o
LOAD Drivers/STM32F1xx_HAL_Driver/Src/stm32f1xx_hal_cortex.o
LOAD Drivers/STM32F1xx_HAL_Driver/Src/stm32f1xx_hal_dma.o
LOAD Drivers/STM32F1xx_HAL_Driver/Src/stm32f1xx_hal_exti.o
LOAD Drivers/STM32F1xx_HAL_Driver/Src/stm32f1xx_hal_flash.o
LOAD Drivers/STM32F1xx_HAL_Driver/Src/stm32f1xx_hal_flash_ex.o
LOAD Drivers/STM32F1xx_HAL_Driver/Src/stm32f1xx_hal_gpio.o
LOAD Drivers/STM32F1xx_HAL_Driver/Src/stm32f1xx_hal_gpio_ex.o
LOAD Drivers/STM32F1xx_HAL_Driver/Src/stm32f1xx_hal_i2c.o
LOAD Drivers/STM32F1xx_HAL_Driver/Src/stm32f1xx_hal_pwr.o
LOAD Drivers/STM32F1xx_HAL_Driver/Src/stm32f1xx_hal_rcc.o
LOAD Drivers/STM32F1xx_HAL_Driver/Src/stm32f1xx_hal_rcc_ex.o
LOAD Drivers/STM32F1xx_HAL_Driver/Src/stm32f1xx_hal_spi.o
LOAD Drivers/STM32F1xx_HAL_Driver/Src/stm32f1xx_hal_tim.o
LOAD Drivers/STM32F1xx_HAL_Driver/Src/stm32f1xx_hal_tim_ex.o
LOAD Drivers/STM32F1xx_HAL_Driver/Src/stm32f1xx_hal_uart.o
LOAD FATFS/App/fatfs.o
LOAD FATFS/Target/user_diskio.o
LOAD Middlewares/Third_Party/FatFs/src/diskio.o
LOAD Middlewares/Third_Party/FatFs/src/ff.o
LOAD Middlewares/Third_Party/FatFs/src/ff_gen_drv.o
LOAD Middlewares/Third_Party/FatFs/src/option/ccsbcs.o
LOAD Middlewares/Third_Party/FatFs/src/option/syscall.o
START GROUP
LOAD c:/st/stm32cubeide_1.5.0/stm32cubeide/plugins/com.st.stm32cube.ide.mcu.externaltools.gnu-tools-for-stm32.9-2020-q2-update.win32_1.5.0.202011040924/tools/bin/../lib/gcc/arm-none-eabi/9.3.1/../../../../arm-none-eabi/lib/thumb/v7-m/nofp\libc_nano.a
LOAD c:/st/stm32cubeide_1.5.0/stm32cubeide/plugins/com.st.stm32cube.ide.mcu.externaltools.gnu-tools-for-stm32.9-2020-q2-update.win32_1.5.0.202011040924/tools/bin/../lib/gcc/arm-none-eabi/9.3.1/../../../../arm-none-eabi/lib/thumb/v7-m/nofp\libm.a
END GROUP
START GROUP
LOAD c:/st/stm32cubeide_1.5.0/stm32cubeide/plugins/com.st.stm32cube.ide.mcu.externaltools.gnu-tools-for-stm32.9-2020-q2-update.win32_1.5.0.202011040924/tools/bin/../lib/gcc/arm-none-eabi/9.3.1/thumb/v7-m/nofp\libgcc.a
LOAD c:/st/stm32cubeide_1.5.0/stm32cubeide/plugins/com.st.stm32cube.ide.mcu.externaltools.gnu-tools-for-stm32.9-2020-q2-update.win32_1.5.0.202011040924/tools/bin/../lib/gcc/arm-none-eabi/9.3.1/../../../../arm-none-eabi/lib/thumb/v7-m/nofp\libc_nano.a
END GROUP
START GROUP
LOAD c:/st/stm32cubeide_1.5.0/stm32cubeide/plugins/com.st.stm32cube.ide.mcu.externaltools.gnu-tools-for-stm32.9-2020-q2-update.win32_1.5.0.202011040924/tools/bin/../lib/gcc/arm-none-eabi/9.3.1/thumb/v7-m/nofp\libgcc.a
LOAD c:/st/stm32cubeide_1.5.0/stm32cubeide/plugins/com.st.stm32cube.ide.mcu.externaltools.gnu-tools-for-stm32.9-2020-q2-update.win32_1.5.0.202011040924/tools/bin/../lib/gcc/arm-none-eabi/9.3.1/../../../../arm-none-eabi/lib/thumb/v7-m/nofp\libc_nano.a
LOAD c:/st/stm32cubeide_1.5.0/stm32cubeide/plugins/com.st.stm32cube.ide.mcu.externaltools.gnu-tools-for-stm32.9-2020-q2-update.win32_1.5.0.202011040924/tools/bin/../lib/gcc/arm-none-eabi/9.3.1/../../../../arm-none-eabi/lib/thumb/v7-m/nofp\libnosys.a
END GROUP
START GROUP
LOAD c:/st/stm32cubeide_1.5.0/stm32cubeide/plugins/com.st.stm32cube.ide.mcu.externaltools.gnu-tools-for-stm32.9-2020-q2-update.win32_1.5.0.202011040924/tools/bin/../lib/gcc/arm-none-eabi/9.3.1/thumb/v7-m/nofp\libgcc.a
LOAD c:/st/stm32cubeide_1.5.0/stm32cubeide/plugins/com.st.stm32cube.ide.mcu.externaltools.gnu-tools-for-stm32.9-2020-q2-update.win32_1.5.0.202011040924/tools/bin/../lib/gcc/arm-none-eabi/9.3.1/../../../../arm-none-eabi/lib/thumb/v7-m/nofp\libc_nano.a
LOAD c:/st/stm32cubeide_1.5.0/stm32cubeide/plugins/com.st.stm32cube.ide.mcu.externaltools.gnu-tools-for-stm32.9-2020-q2-update.win32_1.5.0.202011040924/tools/bin/../lib/gcc/arm-none-eabi/9.3.1/../../../../arm-none-eabi/lib/thumb/v7-m/nofp\libnosys.a
END GROUP
LOAD c:/st/stm32cubeide_1.5.0/stm32cubeide/plugins/com.st.stm32cube.ide.mcu.externaltools.gnu-tools-for-stm32.9-2020-q2-update.win32_1.5.0.202011040924/tools/bin/../lib/gcc/arm-none-eabi/9.3.1/thumb/v7-m/nofp/crtend.o
LOAD c:/st/stm32cubeide_1.5.0/stm32cubeide/plugins/com.st.stm32cube.ide.mcu.externaltools.gnu-tools-for-stm32.9-2020-q2-update.win32_1.5.0.202011040924/tools/bin/../lib/gcc/arm-none-eabi/9.3.1/thumb/v7-m/nofp/crtn.o
                0x0000000020005000                _estack = (ORIGIN (RAM) + LENGTH (RAM))
                0x0000000000000200                _Min_Heap_Size = 0x200
                0x0000000000000400                _Min_Stack_Size = 0x400

.isr_vector     0x0000000008000000      0x10c
                0x0000000008000000                . = ALIGN (0x4)
 *(.isr_vector)
 .isr_vector    0x0000000008000000      0x10c Core/Startup/startup_stm32f103c8tx.o
                0x0000000008000000                g_pfnVectors
                0x000000000800010c                . = ALIGN (0x4)

.text           0x0000000008000110     0xd0f4
                0x0000000008000110                . = ALIGN (0x4)
 *(.text)
 .text          0x0000000008000110       0x40 c:/st/stm32cubeide_1.5.0/stm32cubeide/plugins/com.st.stm32cube.ide.mcu.externaltools.gnu-tools-for-stm32.9-2020-q2-update.win32_1.5.0.202011040924/tools/bin/../lib/gcc/arm-none-eabi/9.3.1/thumb/v7-m/nofp/crtbegin.o
 .text          0x0000000008000150       0x14 c:/st/stm32cubeide_1.5.0/stm32cubeide/plugins/com.st.stm32cube.ide.mcu.externaltools.gnu-tools-for-stm32.9-2020-q2-update.win32_1.5.0.202011040924/tools/bin/../lib/gcc/arm-none-eabi/9.3.1/../../../../arm-none-eabi/lib/thumb/v7-m/nofp\libc_nano.a(lib_a-strcmp.o)
                0x0000000008000150                strcmp
 .text          0x0000000008000164       0x10 c:/st/stm32cubeide_1.5.0/stm32cubeide/plugins/com.st.stm32cube.ide.mcu.externaltools.gnu-tools-for-stm32.9-2020-q2-update.win32_1.5.0.202011040924/tools/bin/../lib/gcc/arm-none-eabi/9.3.1/../../../../arm-none-eabi/lib/thumb/v7-m/nofp\libc_nano.a(lib_a-strlen.o)
                0x0000000008000164                strlen
 .text          0x0000000008000174      0x378 c:/st/stm32cubeide_1.5.0/stm32cubeide/plugins/com.st.stm32cube.ide.mcu.externaltools.gnu-tools-for-stm32.9-2020-q2-update.win32_1.5.0.202011040924/tools/bin/../lib/gcc/arm-none-eabi/9.3.1/thumb/v7-m/nofp\libgcc.a(_arm_addsubdf3.o)
                0x0000000008000174                __aeabi_drsub
                0x000000000800017c                __aeabi_dsub
                0x000000000800017c                __subdf3
                0x0000000008000180                __aeabi_dadd
                0x0000000008000180                __adddf3
                0x00000000080003f8                __floatunsidf
                0x00000000080003f8                __aeabi_ui2d
                0x0000000008000418                __floatsidf
                0x0000000008000418                __aeabi_i2d
                0x000000000800043c                __aeabi_f2d
                0x000000000800043c                __extendsfdf2
                0x0000000008000480                __floatundidf
                0x0000000008000480                __aeabi_ul2d
                0x0000000008000490                __floatdidf
                0x0000000008000490                __aeabi_l2d
 .text          0x00000000080004ec      0x424 c:/st/stm32cubeide_1.5.0/stm32cubeide/plugins/com.st.stm32cube.ide.mcu.externaltools.gnu-tools-for-stm32.9-2020-q2-update.win32_1.5.0.202011040924/tools/bin/../lib/gcc/arm-none-eabi/9.3.1/thumb/v7-m/nofp\libgcc.a(_arm_muldivdf3.o)
                0x00000000080004ec                __aeabi_dmul
                0x00000000080004ec                __muldf3
                0x0000000008000740                __divdf3
                0x0000000008000740                __aeabi_ddiv
 .text          0x0000000008000910      0x110 c:/st/stm32cubeide_1.5.0/stm32cubeide/plugins/com.st.stm32cube.ide.mcu.externaltools.gnu-tools-for-stm32.9-2020-q2-update.win32_1.5.0.202011040924/tools/bin/../lib/gcc/arm-none-eabi/9.3.1/thumb/v7-m/nofp\libgcc.a(_arm_cmpdf2.o)
                0x0000000008000910                __gtdf2
                0x0000000008000910                __gedf2
                0x0000000008000918                __ltdf2
                0x0000000008000918                __ledf2
                0x0000000008000920                __nedf2
                0x0000000008000920                __eqdf2
                0x0000000008000920                __cmpdf2
                0x000000000800099c                __aeabi_cdrcmple
                0x00000000080009ac                __aeabi_cdcmpeq
                0x00000000080009ac                __aeabi_cdcmple
                0x00000000080009bc                __aeabi_dcmpeq
                0x00000000080009d0                __aeabi_dcmplt
                0x00000000080009e4                __aeabi_dcmple
                0x00000000080009f8                __aeabi_dcmpge
                0x0000000008000a0c                __aeabi_dcmpgt
 .text          0x0000000008000a20       0x2c c:/st/stm32cubeide_1.5.0/stm32cubeide/plugins/com.st.stm32cube.ide.mcu.externaltools.gnu-tools-for-stm32.9-2020-q2-update.win32_1.5.0.202011040924/tools/bin/../lib/gcc/arm-none-eabi/9.3.1/thumb/v7-m/nofp\libgcc.a(_arm_unorddf2.o)
                0x0000000008000a20                __unorddf2
                0x0000000008000a20                __aeabi_dcmpun
 .text          0x0000000008000a4c       0x50 c:/st/stm32cubeide_1.5.0/stm32cubeide/plugins/com.st.stm32cube.ide.mcu.externaltools.gnu-tools-for-stm32.9-2020-q2-update.win32_1.5.0.202011040924/tools/bin/../lib/gcc/arm-none-eabi/9.3.1/thumb/v7-m/nofp\libgcc.a(_arm_fixdfsi.o)
                0x0000000008000a4c                __aeabi_d2iz
                0x0000000008000a4c                __fixdfsi
 .text          0x0000000008000a9c       0x40 c:/st/stm32cubeide_1.5.0/stm32cubeide/plugins/com.st.stm32cube.ide.mcu.externaltools.gnu-tools-for-stm32.9-2020-q2-update.win32_1.5.0.202011040924/tools/bin/../lib/gcc/arm-none-eabi/9.3.1/thumb/v7-m/nofp\libgcc.a(_arm_fixunsdfsi.o)
                0x0000000008000a9c                __aeabi_d2uiz
                0x0000000008000a9c                __fixunsdfsi
 *(.text*)
 .text.Ringbuf_init
                0x0000000008000adc       0x4c Core/Src/UartRingbuffer.o
                0x0000000008000adc                Ringbuf_init
 .text.store_char
                0x0000000008000b28       0x3c Core/Src/UartRingbuffer.o
                0x0000000008000b28                store_char
 .text.Uart_read
                0x0000000008000b64       0x4c Core/Src/UartRingbuffer.o
                0x0000000008000b64                Uart_read
 .text.IsDataAvailable
                0x0000000008000bb0       0x2c Core/Src/UartRingbuffer.o
                0x0000000008000bb0                IsDataAvailable
 .text.Get_string
                0x0000000008000bdc       0xb0 Core/Src/UartRingbuffer.o
                0x0000000008000bdc                Get_string
 .text.wait_until
                0x0000000008000c8c       0xc4 Core/Src/UartRingbuffer.o
                0x0000000008000c8c                wait_until
 .text.Uart_isr
                0x0000000008000d50       0xb4 Core/Src/UartRingbuffer.o
                0x0000000008000d50                Uart_isr
 .text.initADS  0x0000000008000e04      0x174 Core/Src/ads1256.o
                0x0000000008000e04                initADS
 .text.waitforDRDY
                0x0000000008000f78       0x2c Core/Src/ads1256.o
                0x0000000008000f78                waitforDRDY
 .text.HAL_GPIO_EXTI_Callback
                0x0000000008000fa4       0x24 Core/Src/ads1256.o
                0x0000000008000fa4                HAL_GPIO_EXTI_Callback
 .text.ADS1256_Reset
                0x0000000008000fc8       0x60 Core/Src/ads1256.o
                0x0000000008000fc8                ADS1256_Reset
 .text.GetRegisterValue
                0x0000000008001028       0x80 Core/Src/ads1256.o
                0x0000000008001028                GetRegisterValue
 .text.SendCMD  0x00000000080010a8       0x58 Core/Src/ads1256.o
                0x00000000080010a8                SendCMD
 .text.SetRegisterValue
                0x0000000008001100       0xf4 Core/Src/ads1256.o
                0x0000000008001100                SetRegisterValue
 .text.read_Value
                0x00000000080011f4       0xe0 Core/Src/ads1256.o
                0x00000000080011f4                read_Value
 .text.SELECT   0x00000000080012d4       0x18 Core/Src/fatfs_sd.o
 .text.DESELECT
                0x00000000080012ec       0x18 Core/Src/fatfs_sd.o
 .text.SPI_TxByte
                0x0000000008001304       0x34 Core/Src/fatfs_sd.o
 .text.SPI_RxByte
                0x0000000008001338       0x3c Core/Src/fatfs_sd.o
 .text.SPI_RxBytePtr
                0x0000000008001374       0x1c Core/Src/fatfs_sd.o
 .text.SD_ReadyWait
                0x0000000008001390       0x38 Core/Src/fatfs_sd.o
 .text.SD_PowerOn
                0x00000000080013c8       0x98 Core/Src/fatfs_sd.o
 .text.SD_PowerOff
                0x0000000008001460       0x18 Core/Src/fatfs_sd.o
 .text.SD_CheckPower
                0x0000000008001478       0x14 Core/Src/fatfs_sd.o
 .text.SD_RxDataBlock
                0x000000000800148c       0x6c Core/Src/fatfs_sd.o
 .text.SD_TxDataBlock
                0x00000000080014f8       0xa8 Core/Src/fatfs_sd.o
 .text.SD_SendCmd
                0x00000000080015a0       0xa4 Core/Src/fatfs_sd.o
 .text.SD_disk_initialize
                0x0000000008001644      0x1d4 Core/Src/fatfs_sd.o
                0x0000000008001644                SD_disk_initialize
 .text.SD_disk_status
                0x0000000008001818       0x28 Core/Src/fatfs_sd.o
                0x0000000008001818                SD_disk_status
 .text.SD_disk_read
                0x0000000008001840       0xd4 Core/Src/fatfs_sd.o
                0x0000000008001840                SD_disk_read
 .text.SD_disk_write
                0x0000000008001914      0x108 Core/Src/fatfs_sd.o
                0x0000000008001914                SD_disk_write
 .text.SD_disk_ioctl
                0x0000000008001a1c      0x264 Core/Src/fatfs_sd.o
                0x0000000008001a1c                SD_disk_ioctl
 .text.bufsize  0x0000000008001c80       0x2c Core/Src/file_handling.o
                0x0000000008001c80                bufsize
 .text.clear_buffer
                0x0000000008001cac       0x34 Core/Src/file_handling.o
                0x0000000008001cac                clear_buffer
 .text.clear_buffer_SD
                0x0000000008001ce0       0x34 Core/Src/file_handling.o
                0x0000000008001ce0                clear_buffer_SD
 .text.clear_path
                0x0000000008001d14       0x34 Core/Src/file_handling.o
                0x0000000008001d14                clear_path
 .text.send_uart
                0x0000000008001d48       0x30 Core/Src/file_handling.o
                0x0000000008001d48                send_uart
 .text.cmdlength
                0x0000000008001d78       0x2c Core/Src/file_handling.o
                0x0000000008001d78                cmdlength
 .text.get_path
                0x0000000008001da4       0x68 Core/Src/file_handling.o
                0x0000000008001da4                get_path
 .text.mount_sd
                0x0000000008001e0c       0x44 Core/Src/file_handling.o
                0x0000000008001e0c                mount_sd
 .text.scan_files
                0x0000000008001e50      0x12c Core/Src/file_handling.o
                0x0000000008001e50                scan_files
 .text.write_file
                0x0000000008001f7c      0x13c Core/Src/file_handling.o
                0x0000000008001f7c                write_file
 .text.write_file_mod
                0x00000000080020b8       0x64 Core/Src/file_handling.o
                0x00000000080020b8                write_file_mod
 .text.read_file
                0x000000000800211c      0x110 Core/Src/file_handling.o
                0x000000000800211c                read_file
 .text.create_file
                0x000000000800222c       0xc8 Core/Src/file_handling.o
                0x000000000800222c                create_file
 .text.create_file_mod
                0x00000000080022f4       0xd8 Core/Src/file_handling.o
                0x00000000080022f4                create_file_mod
 .text.close_file
                0x00000000080023cc       0x4c Core/Src/file_handling.o
                0x00000000080023cc                close_file
 .text.remove_file
                0x0000000008002418       0x8c Core/Src/file_handling.o
                0x0000000008002418                remove_file
 .text.create_dir
                0x00000000080024a4       0x5c Core/Src/file_handling.o
                0x00000000080024a4                create_dir
 .text.check_sd
                0x0000000008002500       0xcc Core/Src/file_handling.o
                0x0000000008002500                check_sd
 .text.check_file
                0x00000000080025cc      0x14c Core/Src/file_handling.o
                0x00000000080025cc                check_file
 .text.update_file
                0x0000000008002718      0x13c Core/Src/file_handling.o
                0x0000000008002718                update_file
 .text.GetMicros
                0x0000000008002854       0x58 Core/Src/main.o
 .text.main     0x00000000080028ac      0x8a4 Core/Src/main.o
                0x00000000080028ac                main
 .text.SystemClock_Config
                0x0000000008003150       0x8a Core/Src/main.o
                0x0000000008003150                SystemClock_Config
 *fill*         0x00000000080031da        0x2 
 .text.MX_I2C1_Init
                0x00000000080031dc       0x5c Core/Src/main.o
 .text.MX_SPI1_Init
                0x0000000008003238       0x6c Core/Src/main.o
 .text.MX_SPI2_Init
                0x00000000080032a4       0x6c Core/Src/main.o
 .text.MX_TIM2_Init
                0x0000000008003310       0x98 Core/Src/main.o
 .text.MX_USART1_UART_Init
                0x00000000080033a8       0x54 Core/Src/main.o
 .text.MX_GPIO_Init
                0x00000000080033fc      0x134 Core/Src/main.o
 .text.delayMicroseconds
                0x0000000008003530       0x30 Core/Src/main.o
                0x0000000008003530                delayMicroseconds
 .text.Error_Handler
                0x0000000008003560        0xa Core/Src/main.o
                0x0000000008003560                Error_Handler
 *fill*         0x000000000800356a        0x2 
 .text.HAL_MspInit
                0x000000000800356c       0x64 Core/Src/stm32f1xx_hal_msp.o
                0x000000000800356c                HAL_MspInit
 .text.HAL_I2C_MspInit
                0x00000000080035d0       0x7c Core/Src/stm32f1xx_hal_msp.o
                0x00000000080035d0                HAL_I2C_MspInit
 .text.HAL_SPI_MspInit
                0x000000000800364c      0x10c Core/Src/stm32f1xx_hal_msp.o
                0x000000000800364c                HAL_SPI_MspInit
 .text.HAL_TIM_Base_MspInit
                0x0000000008003758       0x38 Core/Src/stm32f1xx_hal_msp.o
                0x0000000008003758                HAL_TIM_Base_MspInit
 .text.HAL_UART_MspInit
                0x0000000008003790       0xa8 Core/Src/stm32f1xx_hal_msp.o
                0x0000000008003790                HAL_UART_MspInit
 .text.SDTimer_Handler
                0x0000000008003838       0x44 Core/Src/stm32f1xx_it.o
                0x0000000008003838                SDTimer_Handler
 .text.NMI_Handler
                0x000000000800387c        0x6 Core/Src/stm32f1xx_it.o
                0x000000000800387c                NMI_Handler
 .text.HardFault_Handler
                0x0000000008003882        0x6 Core/Src/stm32f1xx_it.o
                0x0000000008003882                HardFault_Handler
 .text.MemManage_Handler
                0x0000000008003888        0x6 Core/Src/stm32f1xx_it.o
                0x0000000008003888                MemManage_Handler
 .text.BusFault_Handler
                0x000000000800388e        0x6 Core/Src/stm32f1xx_it.o
                0x000000000800388e                BusFault_Handler
 .text.UsageFault_Handler
                0x0000000008003894        0x6 Core/Src/stm32f1xx_it.o
                0x0000000008003894                UsageFault_Handler
 .text.SVC_Handler
                0x000000000800389a        0xc Core/Src/stm32f1xx_it.o
                0x000000000800389a                SVC_Handler
 .text.DebugMon_Handler
                0x00000000080038a6        0xc Core/Src/stm32f1xx_it.o
                0x00000000080038a6                DebugMon_Handler
 .text.PendSV_Handler
                0x00000000080038b2        0xc Core/Src/stm32f1xx_it.o
                0x00000000080038b2                PendSV_Handler
 *fill*         0x00000000080038be        0x2 
 .text.SysTick_Handler
                0x00000000080038c0       0x40 Core/Src/stm32f1xx_it.o
                0x00000000080038c0                SysTick_Handler
 .text.EXTI0_IRQHandler
                0x0000000008003900        0xe Core/Src/stm32f1xx_it.o
                0x0000000008003900                EXTI0_IRQHandler
 *fill*         0x000000000800390e        0x2 
 .text.USART1_IRQHandler
                0x0000000008003910       0x14 Core/Src/stm32f1xx_it.o
                0x0000000008003910                USART1_IRQHandler
 .text._getpid  0x0000000008003924        0xe Core/Src/syscalls.o
                0x0000000008003924                _getpid
 .text._kill    0x0000000008003932       0x20 Core/Src/syscalls.o
                0x0000000008003932                _kill
 .text._exit    0x0000000008003952       0x14 Core/Src/syscalls.o
                0x0000000008003952                _exit
 .text._read    0x0000000008003966       0x3a Core/Src/syscalls.o
                0x0000000008003966                _read
 .text._write   0x00000000080039a0       0x38 Core/Src/syscalls.o
                0x00000000080039a0                _write
 .text._close   0x00000000080039d8       0x16 Core/Src/syscalls.o
                0x00000000080039d8                _close
 .text._fstat   0x00000000080039ee       0x1e Core/Src/syscalls.o
                0x00000000080039ee                _fstat
 .text._isatty  0x0000000008003a0c       0x14 Core/Src/syscalls.o
                0x0000000008003a0c                _isatty
 .text._lseek   0x0000000008003a20       0x18 Core/Src/syscalls.o
                0x0000000008003a20                _lseek
 .text._sbrk    0x0000000008003a38       0x6c Core/Src/sysmem.o
                0x0000000008003a38                _sbrk
 .text.SystemInit
                0x0000000008003aa4        0xc Core/Src/system_stm32f1xx.o
                0x0000000008003aa4                SystemInit
 .text.Reset_Handler
                0x0000000008003ab0       0x48 Core/Startup/startup_stm32f103c8tx.o
                0x0000000008003ab0                Reset_Handler
 .text.Default_Handler
                0x0000000008003af8        0x2 Core/Startup/startup_stm32f103c8tx.o
                0x0000000008003af8                RTC_Alarm_IRQHandler
                0x0000000008003af8                EXTI2_IRQHandler
                0x0000000008003af8                TIM1_CC_IRQHandler
                0x0000000008003af8                PVD_IRQHandler
                0x0000000008003af8                EXTI3_IRQHandler
                0x0000000008003af8                I2C2_EV_IRQHandler
                0x0000000008003af8                ADC1_2_IRQHandler
                0x0000000008003af8                SPI1_IRQHandler
                0x0000000008003af8                TAMPER_IRQHandler
                0x0000000008003af8                DMA1_Channel4_IRQHandler
                0x0000000008003af8                USART3_IRQHandler
                0x0000000008003af8                RTC_IRQHandler
                0x0000000008003af8                DMA1_Channel7_IRQHandler
                0x0000000008003af8                CAN1_RX1_IRQHandler
                0x0000000008003af8                TIM4_IRQHandler
                0x0000000008003af8                I2C1_EV_IRQHandler
                0x0000000008003af8                DMA1_Channel6_IRQHandler
                0x0000000008003af8                TIM3_IRQHandler
                0x0000000008003af8                RCC_IRQHandler
                0x0000000008003af8                TIM1_TRG_COM_IRQHandler
                0x0000000008003af8                DMA1_Channel1_IRQHandler
                0x0000000008003af8                Default_Handler
                0x0000000008003af8                EXTI15_10_IRQHandler
                0x0000000008003af8                EXTI9_5_IRQHandler
                0x0000000008003af8                SPI2_IRQHandler
                0x0000000008003af8                DMA1_Channel5_IRQHandler
                0x0000000008003af8                EXTI4_IRQHandler
                0x0000000008003af8                USB_LP_CAN1_RX0_IRQHandler
                0x0000000008003af8                USB_HP_CAN1_TX_IRQHandler
                0x0000000008003af8                DMA1_Channel3_IRQHandler
                0x0000000008003af8                TIM1_UP_IRQHandler
                0x0000000008003af8                WWDG_IRQHandler
                0x0000000008003af8                TIM2_IRQHandler
                0x0000000008003af8                TIM1_BRK_IRQHandler
                0x0000000008003af8                EXTI1_IRQHandler
                0x0000000008003af8                USART2_IRQHandler
                0x0000000008003af8                I2C2_ER_IRQHandler
                0x0000000008003af8                DMA1_Channel2_IRQHandler
                0x0000000008003af8                CAN1_SCE_IRQHandler
                0x0000000008003af8                FLASH_IRQHandler
                0x0000000008003af8                I2C1_ER_IRQHandler
                0x0000000008003af8                USBWakeUp_IRQHandler
 *fill*         0x0000000008003afa        0x2 
 .text.HAL_Init
                0x0000000008003afc       0x2c Drivers/STM32F1xx_HAL_Driver/Src/stm32f1xx_hal.o
                0x0000000008003afc                HAL_Init
 .text.HAL_InitTick
                0x0000000008003b28       0x60 Drivers/STM32F1xx_HAL_Driver/Src/stm32f1xx_hal.o
                0x0000000008003b28                HAL_InitTick
 .text.HAL_IncTick
                0x0000000008003b88       0x24 Drivers/STM32F1xx_HAL_Driver/Src/stm32f1xx_hal.o
                0x0000000008003b88                HAL_IncTick
 .text.HAL_GetTick
                0x0000000008003bac       0x14 Drivers/STM32F1xx_HAL_Driver/Src/stm32f1xx_hal.o
                0x0000000008003bac                HAL_GetTick
 .text.HAL_Delay
                0x0000000008003bc0       0x48 Drivers/STM32F1xx_HAL_Driver/Src/stm32f1xx_hal.o
                0x0000000008003bc0                HAL_Delay
 .text.__NVIC_SetPriorityGrouping
                0x0000000008003c08       0x48 Drivers/STM32F1xx_HAL_Driver/Src/stm32f1xx_hal_cortex.o
 .text.__NVIC_GetPriorityGrouping
                0x0000000008003c50       0x1c Drivers/STM32F1xx_HAL_Driver/Src/stm32f1xx_hal_cortex.o
 .text.__NVIC_EnableIRQ
                0x0000000008003c6c       0x38 Drivers/STM32F1xx_HAL_Driver/Src/stm32f1xx_hal_cortex.o
 .text.__NVIC_SetPriority
                0x0000000008003ca4       0x54 Drivers/STM32F1xx_HAL_Driver/Src/stm32f1xx_hal_cortex.o
 .text.NVIC_EncodePriority
                0x0000000008003cf8       0x64 Drivers/STM32F1xx_HAL_Driver/Src/stm32f1xx_hal_cortex.o
 .text.SysTick_Config
                0x0000000008003d5c       0x44 Drivers/STM32F1xx_HAL_Driver/Src/stm32f1xx_hal_cortex.o
 .text.HAL_NVIC_SetPriorityGrouping
                0x0000000008003da0       0x16 Drivers/STM32F1xx_HAL_Driver/Src/stm32f1xx_hal_cortex.o
                0x0000000008003da0                HAL_NVIC_SetPriorityGrouping
 .text.HAL_NVIC_SetPriority
                0x0000000008003db6       0x38 Drivers/STM32F1xx_HAL_Driver/Src/stm32f1xx_hal_cortex.o
                0x0000000008003db6                HAL_NVIC_SetPriority
 .text.HAL_NVIC_EnableIRQ
                0x0000000008003dee       0x1c Drivers/STM32F1xx_HAL_Driver/Src/stm32f1xx_hal_cortex.o
                0x0000000008003dee                HAL_NVIC_EnableIRQ
 .text.HAL_SYSTICK_Config
                0x0000000008003e0a       0x18 Drivers/STM32F1xx_HAL_Driver/Src/stm32f1xx_hal_cortex.o
                0x0000000008003e0a                HAL_SYSTICK_Config
 *fill*         0x0000000008003e22        0x2 
 .text.HAL_GPIO_Init
                0x0000000008003e24      0x308 Drivers/STM32F1xx_HAL_Driver/Src/stm32f1xx_hal_gpio.o
                0x0000000008003e24                HAL_GPIO_Init
 .text.HAL_GPIO_WritePin
                0x000000000800412c       0x30 Drivers/STM32F1xx_HAL_Driver/Src/stm32f1xx_hal_gpio.o
                0x000000000800412c                HAL_GPIO_WritePin
 .text.HAL_GPIO_EXTI_IRQHandler
                0x000000000800415c       0x30 Drivers/STM32F1xx_HAL_Driver/Src/stm32f1xx_hal_gpio.o
                0x000000000800415c                HAL_GPIO_EXTI_IRQHandler
 .text.HAL_I2C_Init
                0x000000000800418c      0x288 Drivers/STM32F1xx_HAL_Driver/Src/stm32f1xx_hal_i2c.o
                0x000000000800418c                HAL_I2C_Init
 .text.HAL_RCC_OscConfig
                0x0000000008004414      0x500 Drivers/STM32F1xx_HAL_Driver/Src/stm32f1xx_hal_rcc.o
                0x0000000008004414                HAL_RCC_OscConfig
 .text.HAL_RCC_ClockConfig
                0x0000000008004914      0x1d4 Drivers/STM32F1xx_HAL_Driver/Src/stm32f1xx_hal_rcc.o
                0x0000000008004914                HAL_RCC_ClockConfig
 .text.HAL_RCC_GetSysClockFreq
                0x0000000008004ae8       0xc0 Drivers/STM32F1xx_HAL_Driver/Src/stm32f1xx_hal_rcc.o
                0x0000000008004ae8                HAL_RCC_GetSysClockFreq
 .text.HAL_RCC_GetHCLKFreq
                0x0000000008004ba8       0x14 Drivers/STM32F1xx_HAL_Driver/Src/stm32f1xx_hal_rcc.o
                0x0000000008004ba8                HAL_RCC_GetHCLKFreq
 .text.HAL_RCC_GetPCLK1Freq
                0x0000000008004bbc       0x28 Drivers/STM32F1xx_HAL_Driver/Src/stm32f1xx_hal_rcc.o
                0x0000000008004bbc                HAL_RCC_GetPCLK1Freq
 .text.HAL_RCC_GetPCLK2Freq
                0x0000000008004be4       0x28 Drivers/STM32F1xx_HAL_Driver/Src/stm32f1xx_hal_rcc.o
                0x0000000008004be4                HAL_RCC_GetPCLK2Freq
 .text.RCC_Delay
                0x0000000008004c0c       0x3c Drivers/STM32F1xx_HAL_Driver/Src/stm32f1xx_hal_rcc.o
 .text.HAL_SPI_Init
                0x0000000008004c48      0x108 Drivers/STM32F1xx_HAL_Driver/Src/stm32f1xx_hal_spi.o
                0x0000000008004c48                HAL_SPI_Init
 .text.HAL_SPI_Transmit
                0x0000000008004d50      0x278 Drivers/STM32F1xx_HAL_Driver/Src/stm32f1xx_hal_spi.o
                0x0000000008004d50                HAL_SPI_Transmit
 .text.HAL_SPI_Receive
                0x0000000008004fc8      0x222 Drivers/STM32F1xx_HAL_Driver/Src/stm32f1xx_hal_spi.o
                0x0000000008004fc8                HAL_SPI_Receive
 .text.HAL_SPI_TransmitReceive
                0x00000000080051ea      0x344 Drivers/STM32F1xx_HAL_Driver/Src/stm32f1xx_hal_spi.o
                0x00000000080051ea                HAL_SPI_TransmitReceive
 .text.HAL_SPI_GetState
                0x000000000800552e       0x1a Drivers/STM32F1xx_HAL_Driver/Src/stm32f1xx_hal_spi.o
                0x000000000800552e                HAL_SPI_GetState
 .text.SPI_WaitFlagStateUntilTimeout
                0x0000000008005548      0x110 Drivers/STM32F1xx_HAL_Driver/Src/stm32f1xx_hal_spi.o
 .text.SPI_EndRxTransaction
                0x0000000008005658       0xa4 Drivers/STM32F1xx_HAL_Driver/Src/stm32f1xx_hal_spi.o
 .text.SPI_EndRxTxTransaction
                0x00000000080056fc       0x3c Drivers/STM32F1xx_HAL_Driver/Src/stm32f1xx_hal_spi.o
 .text.HAL_TIM_Base_Init
                0x0000000008005738       0x9e Drivers/STM32F1xx_HAL_Driver/Src/stm32f1xx_hal_tim.o
                0x0000000008005738                HAL_TIM_Base_Init
 *fill*         0x00000000080057d6        0x2 
 .text.HAL_TIM_Base_Start
                0x00000000080057d8       0x94 Drivers/STM32F1xx_HAL_Driver/Src/stm32f1xx_hal_tim.o
                0x00000000080057d8                HAL_TIM_Base_Start
 .text.HAL_TIM_ConfigClockSource
                0x000000000800586c      0x188 Drivers/STM32F1xx_HAL_Driver/Src/stm32f1xx_hal_tim.o
                0x000000000800586c                HAL_TIM_ConfigClockSource
 .text.TIM_Base_SetConfig
                0x00000000080059f4       0xc4 Drivers/STM32F1xx_HAL_Driver/Src/stm32f1xx_hal_tim.o
                0x00000000080059f4                TIM_Base_SetConfig
 .text.TIM_TI1_ConfigInputStage
                0x0000000008005ab8       0x5c Drivers/STM32F1xx_HAL_Driver/Src/stm32f1xx_hal_tim.o
 .text.TIM_TI2_ConfigInputStage
                0x0000000008005b14       0x5e Drivers/STM32F1xx_HAL_Driver/Src/stm32f1xx_hal_tim.o
 .text.TIM_ITRx_SetConfig
                0x0000000008005b72       0x34 Drivers/STM32F1xx_HAL_Driver/Src/stm32f1xx_hal_tim.o
 .text.TIM_ETR_SetConfig
                0x0000000008005ba6       0x3e Drivers/STM32F1xx_HAL_Driver/Src/stm32f1xx_hal_tim.o
                0x0000000008005ba6                TIM_ETR_SetConfig
 .text.HAL_TIMEx_MasterConfigSynchronization
                0x0000000008005be4       0xbc Drivers/STM32F1xx_HAL_Driver/Src/stm32f1xx_hal_tim_ex.o
                0x0000000008005be4                HAL_TIMEx_MasterConfigSynchronization
 .text.HAL_UART_Init
                0x0000000008005ca0       0x9a Drivers/STM32F1xx_HAL_Driver/Src/stm32f1xx_hal_uart.o
                0x0000000008005ca0                HAL_UART_Init
 .text.HAL_UART_Transmit
                0x0000000008005d3a      0x124 Drivers/STM32F1xx_HAL_Driver/Src/stm32f1xx_hal_uart.o
                0x0000000008005d3a                HAL_UART_Transmit
 .text.UART_WaitOnFlagUntilTimeout
                0x0000000008005e5e       0x94 Drivers/STM32F1xx_HAL_Driver/Src/stm32f1xx_hal_uart.o
 *fill*         0x0000000008005ef2        0x2 
 .text.UART_SetConfig
                0x0000000008005ef4      0x11c Drivers/STM32F1xx_HAL_Driver/Src/stm32f1xx_hal_uart.o
 .text.MX_FATFS_Init
                0x0000000008006010       0x24 FATFS/App/fatfs.o
                0x0000000008006010                MX_FATFS_Init
 .text.get_fattime
                0x0000000008006034        0xe FATFS/App/fatfs.o
                0x0000000008006034                get_fattime
 .text.USER_initialize
                0x0000000008006042       0x1c FATFS/Target/user_diskio.o
                0x0000000008006042                USER_initialize
 .text.USER_status
                0x000000000800605e       0x1c FATFS/Target/user_diskio.o
                0x000000000800605e                USER_status
 .text.USER_read
                0x000000000800607a       0x26 FATFS/Target/user_diskio.o
                0x000000000800607a                USER_read
 .text.USER_write
                0x00000000080060a0       0x26 FATFS/Target/user_diskio.o
                0x00000000080060a0                USER_write
 .text.USER_ioctl
                0x00000000080060c6       0x26 FATFS/Target/user_diskio.o
                0x00000000080060c6                USER_ioctl
 .text.disk_status
                0x00000000080060ec       0x34 Middlewares/Third_Party/FatFs/src/diskio.o
                0x00000000080060ec                disk_status
 .text.disk_initialize
                0x0000000008006120       0x4c Middlewares/Third_Party/FatFs/src/diskio.o
                0x0000000008006120                disk_initialize
 .text.disk_read
                0x000000000800616c       0x40 Middlewares/Third_Party/FatFs/src/diskio.o
                0x000000000800616c                disk_read
 .text.disk_write
                0x00000000080061ac       0x40 Middlewares/Third_Party/FatFs/src/diskio.o
                0x00000000080061ac                disk_write
 .text.disk_ioctl
                0x00000000080061ec       0x3c Middlewares/Third_Party/FatFs/src/diskio.o
                0x00000000080061ec                disk_ioctl
 .text.mem_cpy  0x0000000008006228       0x3c Middlewares/Third_Party/FatFs/src/ff.o
 .text.mem_set  0x0000000008006264       0x34 Middlewares/Third_Party/FatFs/src/ff.o
 .text.mem_cmp  0x0000000008006298       0x4c Middlewares/Third_Party/FatFs/src/ff.o
 .text.chk_chr  0x00000000080062e4       0x34 Middlewares/Third_Party/FatFs/src/ff.o
 .text.chk_lock
                0x0000000008006318       0xd8 Middlewares/Third_Party/FatFs/src/ff.o
 .text.enq_lock
                0x00000000080063f0       0x48 Middlewares/Third_Party/FatFs/src/ff.o
 .text.inc_lock
                0x0000000008006438      0x16c Middlewares/Third_Party/FatFs/src/ff.o
 .text.dec_lock
                0x00000000080065a4       0x88 Middlewares/Third_Party/FatFs/src/ff.o
 .text.clear_lock
                0x000000000800662c       0x54 Middlewares/Third_Party/FatFs/src/ff.o
 .text.sync_window
                0x0000000008006680       0x92 Middlewares/Third_Party/FatFs/src/ff.o
 .text.move_window
                0x0000000008006712       0x5c Middlewares/Third_Party/FatFs/src/ff.o
 .text.sync_fs  0x000000000800676e      0x15c Middlewares/Third_Party/FatFs/src/ff.o
 .text.clust2sect
                0x00000000080068ca       0x42 Middlewares/Third_Party/FatFs/src/ff.o
                0x00000000080068ca                clust2sect
 .text.get_fat  0x000000000800690c      0x1dc Middlewares/Third_Party/FatFs/src/ff.o
                0x000000000800690c                get_fat
 .text.put_fat  0x0000000008006ae8      0x280 Middlewares/Third_Party/FatFs/src/ff.o
                0x0000000008006ae8                put_fat
 .text.remove_chain
                0x0000000008006d68       0xb4 Middlewares/Third_Party/FatFs/src/ff.o
 .text.create_chain
                0x0000000008006e1c      0x13a Middlewares/Third_Party/FatFs/src/ff.o
 .text.clmt_clust
                0x0000000008006f56       0x76 Middlewares/Third_Party/FatFs/src/ff.o
 .text.dir_sdi  0x0000000008006fcc      0x162 Middlewares/Third_Party/FatFs/src/ff.o
 .text.dir_next
                0x000000000800712e      0x234 Middlewares/Third_Party/FatFs/src/ff.o
 .text.dir_alloc
                0x0000000008007362       0x94 Middlewares/Third_Party/FatFs/src/ff.o
 .text.ld_clust
                0x00000000080073f6       0x5a Middlewares/Third_Party/FatFs/src/ff.o
 .text.st_clust
                0x0000000008007450       0x4c Middlewares/Third_Party/FatFs/src/ff.o
 .text.cmp_lfn  0x000000000800749c       0xdc Middlewares/Third_Party/FatFs/src/ff.o
 .text.pick_lfn
                0x0000000008007578       0xc8 Middlewares/Third_Party/FatFs/src/ff.o
 .text.fit_lfn  0x0000000008007640       0xe8 Middlewares/Third_Party/FatFs/src/ff.o
 .text.gen_numname
                0x0000000008007728      0x120 Middlewares/Third_Party/FatFs/src/ff.o
 .text.sum_sfn  0x0000000008007848       0x40 Middlewares/Third_Party/FatFs/src/ff.o
 .text.dir_find
                0x0000000008007888      0x180 Middlewares/Third_Party/FatFs/src/ff.o
 .text.dir_read
                0x0000000008007a08      0x14e Middlewares/Third_Party/FatFs/src/ff.o
 *fill*         0x0000000008007b56        0x2 
 .text.dir_register
                0x0000000008007b58      0x21c Middlewares/Third_Party/FatFs/src/ff.o
 .text.dir_remove
                0x0000000008007d74       0xba Middlewares/Third_Party/FatFs/src/ff.o
 .text.get_fileinfo
                0x0000000008007e2e      0x19c Middlewares/Third_Party/FatFs/src/ff.o
 *fill*         0x0000000008007fca        0x2 
 .text.create_name
                0x0000000008007fcc      0x370 Middlewares/Third_Party/FatFs/src/ff.o
 .text.follow_path
                0x000000000800833c       0xdc Middlewares/Third_Party/FatFs/src/ff.o
 .text.get_ldnumber
                0x0000000008008418       0x86 Middlewares/Third_Party/FatFs/src/ff.o
 *fill*         0x000000000800849e        0x2 
 .text.check_fs
                0x00000000080084a0       0xd4 Middlewares/Third_Party/FatFs/src/ff.o
 .text.find_volume
                0x0000000008008574      0x5fc Middlewares/Third_Party/FatFs/src/ff.o
 .text.validate
                0x0000000008008b70       0x66 Middlewares/Third_Party/FatFs/src/ff.o
 *fill*         0x0000000008008bd6        0x2 
 .text.f_mount  0x0000000008008bd8       0x90 Middlewares/Third_Party/FatFs/src/ff.o
                0x0000000008008bd8                f_mount
 .text.f_open   0x0000000008008c68      0x424 Middlewares/Third_Party/FatFs/src/ff.o
                0x0000000008008c68                f_open
 .text.f_read   0x000000000800908c      0x34a Middlewares/Third_Party/FatFs/src/ff.o
                0x000000000800908c                f_read
 .text.f_write  0x00000000080093d6      0x3ce Middlewares/Third_Party/FatFs/src/ff.o
                0x00000000080093d6                f_write
 .text.f_sync   0x00000000080097a4      0x174 Middlewares/Third_Party/FatFs/src/ff.o
                0x00000000080097a4                f_sync
 .text.f_close  0x0000000008009918       0x50 Middlewares/Third_Party/FatFs/src/ff.o
                0x0000000008009918                f_close
 .text.f_opendir
                0x0000000008009968      0x110 Middlewares/Third_Party/FatFs/src/ff.o
                0x0000000008009968                f_opendir
 .text.f_closedir
                0x0000000008009a78       0x4a Middlewares/Third_Party/FatFs/src/ff.o
                0x0000000008009a78                f_closedir
 *fill*         0x0000000008009ac2        0x2 
 .text.f_readdir
                0x0000000008009ac4       0x98 Middlewares/Third_Party/FatFs/src/ff.o
                0x0000000008009ac4                f_readdir
 .text.f_stat   0x0000000008009b5c       0xa0 Middlewares/Third_Party/FatFs/src/ff.o
                0x0000000008009b5c                f_stat
 .text.f_getfree
                0x0000000008009bfc      0x19c Middlewares/Third_Party/FatFs/src/ff.o
                0x0000000008009bfc                f_getfree
 .text.f_unlink
                0x0000000008009d98      0x1c0 Middlewares/Third_Party/FatFs/src/ff.o
                0x0000000008009d98                f_unlink
 .text.f_mkdir  0x0000000008009f58      0x33c Middlewares/Third_Party/FatFs/src/ff.o
                0x0000000008009f58                f_mkdir
 .text.FATFS_LinkDriverEx
                0x000000000800a294       0x94 Middlewares/Third_Party/FatFs/src/ff_gen_drv.o
                0x000000000800a294                FATFS_LinkDriverEx
 .text.FATFS_LinkDriver
                0x000000000800a328       0x1e Middlewares/Third_Party/FatFs/src/ff_gen_drv.o
                0x000000000800a328                FATFS_LinkDriver
 *fill*         0x000000000800a346        0x2 
 .text.ff_convert
                0x000000000800a348       0x74 Middlewares/Third_Party/FatFs/src/option/ccsbcs.o
                0x000000000800a348                ff_convert
 .text.ff_wtoupper
                0x000000000800a3bc       0x5c Middlewares/Third_Party/FatFs/src/option/ccsbcs.o
                0x000000000800a3bc                ff_wtoupper
 .text.__errno  0x000000000800a418        0xc c:/st/stm32cubeide_1.5.0/stm32cubeide/plugins/com.st.stm32cube.ide.mcu.externaltools.gnu-tools-for-stm32.9-2020-q2-update.win32_1.5.0.202011040924/tools/bin/../lib/gcc/arm-none-eabi/9.3.1/../../../../arm-none-eabi/lib/thumb/v7-m/nofp\libc_nano.a(lib_a-errno.o)
                0x000000000800a418                __errno
 .text.__libc_init_array
                0x000000000800a424       0x48 c:/st/stm32cubeide_1.5.0/stm32cubeide/plugins/com.st.stm32cube.ide.mcu.externaltools.gnu-tools-for-stm32.9-2020-q2-update.win32_1.5.0.202011040924/tools/bin/../lib/gcc/arm-none-eabi/9.3.1/../../../../arm-none-eabi/lib/thumb/v7-m/nofp\libc_nano.a(lib_a-init.o)
                0x000000000800a424                __libc_init_array
 .text.memccpy  0x000000000800a46c       0x1e c:/st/stm32cubeide_1.5.0/stm32cubeide/plugins/com.st.stm32cube.ide.mcu.externaltools.gnu-tools-for-stm32.9-2020-q2-update.win32_1.5.0.202011040924/tools/bin/../lib/gcc/arm-none-eabi/9.3.1/../../../../arm-none-eabi/lib/thumb/v7-m/nofp\libc_nano.a(lib_a-memccpy.o)
                0x000000000800a46c                memccpy
 .text.memset   0x000000000800a48a       0x10 c:/st/stm32cubeide_1.5.0/stm32cubeide/plugins/com.st.stm32cube.ide.mcu.externaltools.gnu-tools-for-stm32.9-2020-q2-update.win32_1.5.0.202011040924/tools/bin/../lib/gcc/arm-none-eabi/9.3.1/../../../../arm-none-eabi/lib/thumb/v7-m/nofp\libc_nano.a(lib_a-memset.o)
                0x000000000800a48a                memset
 .text.__cvt    0x000000000800a49a       0xbe c:/st/stm32cubeide_1.5.0/stm32cubeide/plugins/com.st.stm32cube.ide.mcu.externaltools.gnu-tools-for-stm32.9-2020-q2-update.win32_1.5.0.202011040924/tools/bin/../lib/gcc/arm-none-eabi/9.3.1/../../../../arm-none-eabi/lib/thumb/v7-m/nofp\libc_nano.a(lib_a-nano-vfprintf_float.o)
                0x000000000800a49a                __cvt
 .text.__exponent
                0x000000000800a558       0x7c c:/st/stm32cubeide_1.5.0/stm32cubeide/plugins/com.st.stm32cube.ide.mcu.externaltools.gnu-tools-for-stm32.9-2020-q2-update.win32_1.5.0.202011040924/tools/bin/../lib/gcc/arm-none-eabi/9.3.1/../../../../arm-none-eabi/lib/thumb/v7-m/nofp\libc_nano.a(lib_a-nano-vfprintf_float.o)
                0x000000000800a558                __exponent
 .text._printf_float
                0x000000000800a5d4      0x458 c:/st/stm32cubeide_1.5.0/stm32cubeide/plugins/com.st.stm32cube.ide.mcu.externaltools.gnu-tools-for-stm32.9-2020-q2-update.win32_1.5.0.202011040924/tools/bin/../lib/gcc/arm-none-eabi/9.3.1/../../../../arm-none-eabi/lib/thumb/v7-m/nofp\libc_nano.a(lib_a-nano-vfprintf_float.o)
                0x000000000800a5d4                _printf_float
 .text._printf_common
                0x000000000800aa2c       0xde c:/st/stm32cubeide_1.5.0/stm32cubeide/plugins/com.st.stm32cube.ide.mcu.externaltools.gnu-tools-for-stm32.9-2020-q2-update.win32_1.5.0.202011040924/tools/bin/../lib/gcc/arm-none-eabi/9.3.1/../../../../arm-none-eabi/lib/thumb/v7-m/nofp\libc_nano.a(lib_a-nano-vfprintf_i.o)
                0x000000000800aa2c                _printf_common
 *fill*         0x000000000800ab0a        0x2 
 .text._printf_i
                0x000000000800ab0c      0x24c c:/st/stm32cubeide_1.5.0/stm32cubeide/plugins/com.st.stm32cube.ide.mcu.externaltools.gnu-tools-for-stm32.9-2020-q2-update.win32_1.5.0.202011040924/tools/bin/../lib/gcc/arm-none-eabi/9.3.1/../../../../arm-none-eabi/lib/thumb/v7-m/nofp\libc_nano.a(lib_a-nano-vfprintf_i.o)
                0x000000000800ab0c                _printf_i
 .text.sprintf  0x000000000800ad58       0x40 c:/st/stm32cubeide_1.5.0/stm32cubeide/plugins/com.st.stm32cube.ide.mcu.externaltools.gnu-tools-for-stm32.9-2020-q2-update.win32_1.5.0.202011040924/tools/bin/../lib/gcc/arm-none-eabi/9.3.1/../../../../arm-none-eabi/lib/thumb/v7-m/nofp\libc_nano.a(lib_a-sprintf.o)
                0x000000000800ad58                siprintf
                0x000000000800ad58                sprintf
 .text.strncmp  0x000000000800ad98       0x24 c:/st/stm32cubeide_1.5.0/stm32cubeide/plugins/com.st.stm32cube.ide.mcu.externaltools.gnu-tools-for-stm32.9-2020-q2-update.win32_1.5.0.202011040924/tools/bin/../lib/gcc/arm-none-eabi/9.3.1/../../../../arm-none-eabi/lib/thumb/v7-m/nofp\libc_nano.a(lib_a-strncmp.o)
                0x000000000800ad98                strncmp
 .text.quorem   0x000000000800adbc      0x11a c:/st/stm32cubeide_1.5.0/stm32cubeide/plugins/com.st.stm32cube.ide.mcu.externaltools.gnu-tools-for-stm32.9-2020-q2-update.win32_1.5.0.202011040924/tools/bin/../lib/gcc/arm-none-eabi/9.3.1/../../../../arm-none-eabi/lib/thumb/v7-m/nofp\libc_nano.a(lib_a-dtoa.o)
 *fill*         0x000000000800aed6        0x2 
 .text._dtoa_r  0x000000000800aed8      0xbdc c:/st/stm32cubeide_1.5.0/stm32cubeide/plugins/com.st.stm32cube.ide.mcu.externaltools.gnu-tools-for-stm32.9-2020-q2-update.win32_1.5.0.202011040924/tools/bin/../lib/gcc/arm-none-eabi/9.3.1/../../../../arm-none-eabi/lib/thumb/v7-m/nofp\libc_nano.a(lib_a-dtoa.o)
                0x000000000800aed8                _dtoa_r
 .text._localeconv_r
                0x000000000800bab4        0x8 c:/st/stm32cubeide_1.5.0/stm32cubeide/plugins/com.st.stm32cube.ide.mcu.externaltools.gnu-tools-for-stm32.9-2020-q2-update.win32_1.5.0.202011040924/tools/bin/../lib/gcc/arm-none-eabi/9.3.1/../../../../arm-none-eabi/lib/thumb/v7-m/nofp\libc_nano.a(lib_a-localeconv.o)
                0x000000000800bab4                _localeconv_r
 .text.malloc   0x000000000800babc       0x10 c:/st/stm32cubeide_1.5.0/stm32cubeide/plugins/com.st.stm32cube.ide.mcu.externaltools.gnu-tools-for-stm32.9-2020-q2-update.win32_1.5.0.202011040924/tools/bin/../lib/gcc/arm-none-eabi/9.3.1/../../../../arm-none-eabi/lib/thumb/v7-m/nofp\libc_nano.a(lib_a-malloc.o)
                0x000000000800babc                malloc
 .text.memchr   0x000000000800bacc       0x1c c:/st/stm32cubeide_1.5.0/stm32cubeide/plugins/com.st.stm32cube.ide.mcu.externaltools.gnu-tools-for-stm32.9-2020-q2-update.win32_1.5.0.202011040924/tools/bin/../lib/gcc/arm-none-eabi/9.3.1/../../../../arm-none-eabi/lib/thumb/v7-m/nofp\libc_nano.a(lib_a-memchr-stub.o)
                0x000000000800bacc                memchr
 .text.memcpy   0x000000000800bae8       0x1c c:/st/stm32cubeide_1.5.0/stm32cubeide/plugins/com.st.stm32cube.ide.mcu.externaltools.gnu-tools-for-stm32.9-2020-q2-update.win32_1.5.0.202011040924/tools/bin/../lib/gcc/arm-none-eabi/9.3.1/../../../../arm-none-eabi/lib/thumb/v7-m/nofp\libc_nano.a(lib_a-memcpy-stub.o)
                0x000000000800bae8                memcpy
 .text._Balloc  0x000000000800bb04       0x80 c:/st/stm32cubeide_1.5.0/stm32cubeide/plugins/com.st.stm32cube.ide.mcu.externaltools.gnu-tools-for-stm32.9-2020-q2-update.win32_1.5.0.202011040924/tools/bin/../lib/gcc/arm-none-eabi/9.3.1/../../../../arm-none-eabi/lib/thumb/v7-m/nofp\libc_nano.a(lib_a-mprec.o)
                0x000000000800bb04                _Balloc
 .text._Bfree   0x000000000800bb84       0x44 c:/st/stm32cubeide_1.5.0/stm32cubeide/plugins/com.st.stm32cube.ide.mcu.externaltools.gnu-tools-for-stm32.9-2020-q2-update.win32_1.5.0.202011040924/tools/bin/../lib/gcc/arm-none-eabi/9.3.1/../../../../arm-none-eabi/lib/thumb/v7-m/nofp\libc_nano.a(lib_a-mprec.o)
                0x000000000800bb84                _Bfree
 .text.__multadd
                0x000000000800bbc8       0x94 c:/st/stm32cubeide_1.5.0/stm32cubeide/plugins/com.st.stm32cube.ide.mcu.externaltools.gnu-tools-for-stm32.9-2020-q2-update.win32_1.5.0.202011040924/tools/bin/../lib/gcc/arm-none-eabi/9.3.1/../../../../arm-none-eabi/lib/thumb/v7-m/nofp\libc_nano.a(lib_a-mprec.o)
                0x000000000800bbc8                __multadd
 .text.__hi0bits
                0x000000000800bc5c       0x40 c:/st/stm32cubeide_1.5.0/stm32cubeide/plugins/com.st.stm32cube.ide.mcu.externaltools.gnu-tools-for-stm32.9-2020-q2-update.win32_1.5.0.202011040924/tools/bin/../lib/gcc/arm-none-eabi/9.3.1/../../../../arm-none-eabi/lib/thumb/v7-m/nofp\libc_nano.a(lib_a-mprec.o)
                0x000000000800bc5c                __hi0bits
 .text.__lo0bits
                0x000000000800bc9c       0x5c c:/st/stm32cubeide_1.5.0/stm32cubeide/plugins/com.st.stm32cube.ide.mcu.externaltools.gnu-tools-for-stm32.9-2020-q2-update.win32_1.5.0.202011040924/tools/bin/../lib/gcc/arm-none-eabi/9.3.1/../../../../arm-none-eabi/lib/thumb/v7-m/nofp\libc_nano.a(lib_a-mprec.o)
                0x000000000800bc9c                __lo0bits
 .text.__i2b    0x000000000800bcf8       0x2c c:/st/stm32cubeide_1.5.0/stm32cubeide/plugins/com.st.stm32cube.ide.mcu.externaltools.gnu-tools-for-stm32.9-2020-q2-update.win32_1.5.0.202011040924/tools/bin/../lib/gcc/arm-none-eabi/9.3.1/../../../../arm-none-eabi/lib/thumb/v7-m/nofp\libc_nano.a(lib_a-mprec.o)
                0x000000000800bcf8                __i2b
 .text.__multiply
                0x000000000800bd24      0x148 c:/st/stm32cubeide_1.5.0/stm32cubeide/plugins/com.st.stm32cube.ide.mcu.externaltools.gnu-tools-for-stm32.9-2020-q2-update.win32_1.5.0.202011040924/tools/bin/../lib/gcc/arm-none-eabi/9.3.1/../../../../arm-none-eabi/lib/thumb/v7-m/nofp\libc_nano.a(lib_a-mprec.o)
                0x000000000800bd24                __multiply
 .text.__pow5mult
                0x000000000800be6c       0xb4 c:/st/stm32cubeide_1.5.0/stm32cubeide/plugins/com.st.stm32cube.ide.mcu.externaltools.gnu-tools-for-stm32.9-2020-q2-update.win32_1.5.0.202011040924/tools/bin/../lib/gcc/arm-none-eabi/9.3.1/../../../../arm-none-eabi/lib/thumb/v7-m/nofp\libc_nano.a(lib_a-mprec.o)
                0x000000000800be6c                __pow5mult
 .text.__lshift
                0x000000000800bf20       0xd8 c:/st/stm32cubeide_1.5.0/stm32cubeide/plugins/com.st.stm32cube.ide.mcu.externaltools.gnu-tools-for-stm32.9-2020-q2-update.win32_1.5.0.202011040924/tools/bin/../lib/gcc/arm-none-eabi/9.3.1/../../../../arm-none-eabi/lib/thumb/v7-m/nofp\libc_nano.a(lib_a-mprec.o)
                0x000000000800bf20                __lshift
 .text.__mcmp   0x000000000800bff8       0x36 c:/st/stm32cubeide_1.5.0/stm32cubeide/plugins/com.st.stm32cube.ide.mcu.externaltools.gnu-tools-for-stm32.9-2020-q2-update.win32_1.5.0.202011040924/tools/bin/../lib/gcc/arm-none-eabi/9.3.1/../../../../arm-none-eabi/lib/thumb/v7-m/nofp\libc_nano.a(lib_a-mprec.o)
                0x000000000800bff8                __mcmp
 *fill*         0x000000000800c02e        0x2 
 .text.__mdiff  0x000000000800c030      0x120 c:/st/stm32cubeide_1.5.0/stm32cubeide/plugins/com.st.stm32cube.ide.mcu.externaltools.gnu-tools-for-stm32.9-2020-q2-update.win32_1.5.0.202011040924/tools/bin/../lib/gcc/arm-none-eabi/9.3.1/../../../../arm-none-eabi/lib/thumb/v7-m/nofp\libc_nano.a(lib_a-mprec.o)
                0x000000000800c030                __mdiff
 .text.__d2b    0x000000000800c150       0xb8 c:/st/stm32cubeide_1.5.0/stm32cubeide/plugins/com.st.stm32cube.ide.mcu.externaltools.gnu-tools-for-stm32.9-2020-q2-update.win32_1.5.0.202011040924/tools/bin/../lib/gcc/arm-none-eabi/9.3.1/../../../../arm-none-eabi/lib/thumb/v7-m/nofp\libc_nano.a(lib_a-mprec.o)
                0x000000000800c150                __d2b
 .text._calloc_r
                0x000000000800c208       0x1c c:/st/stm32cubeide_1.5.0/stm32cubeide/plugins/com.st.stm32cube.ide.mcu.externaltools.gnu-tools-for-stm32.9-2020-q2-update.win32_1.5.0.202011040924/tools/bin/../lib/gcc/arm-none-eabi/9.3.1/../../../../arm-none-eabi/lib/thumb/v7-m/nofp\libc_nano.a(lib_a-nano-callocr.o)
                0x000000000800c208                _calloc_r
 .text._free_r  0x000000000800c224       0x98 c:/st/stm32cubeide_1.5.0/stm32cubeide/plugins/com.st.stm32cube.ide.mcu.externaltools.gnu-tools-for-stm32.9-2020-q2-update.win32_1.5.0.202011040924/tools/bin/../lib/gcc/arm-none-eabi/9.3.1/../../../../arm-none-eabi/lib/thumb/v7-m/nofp\libc_nano.a(lib_a-nano-freer.o)
                0x000000000800c224                _free_r
 .text._malloc_r
                0x000000000800c2bc       0xb4 c:/st/stm32cubeide_1.5.0/stm32cubeide/plugins/com.st.stm32cube.ide.mcu.externaltools.gnu-tools-for-stm32.9-2020-q2-update.win32_1.5.0.202011040924/tools/bin/../lib/gcc/arm-none-eabi/9.3.1/../../../../arm-none-eabi/lib/thumb/v7-m/nofp\libc_nano.a(lib_a-nano-mallocr.o)
                0x000000000800c2bc                _malloc_r
 .text.__ssputs_r
                0x000000000800c370       0xb6 c:/st/stm32cubeide_1.5.0/stm32cubeide/plugins/com.st.stm32cube.ide.mcu.externaltools.gnu-tools-for-stm32.9-2020-q2-update.win32_1.5.0.202011040924/tools/bin/../lib/gcc/arm-none-eabi/9.3.1/../../../../arm-none-eabi/lib/thumb/v7-m/nofp\libc_nano.a(lib_a-nano-svfprintf.o)
                0x000000000800c370                __ssputs_r
 *fill*         0x000000000800c426        0x2 
 .text._svfprintf_r
                0x000000000800c428      0x200 c:/st/stm32cubeide_1.5.0/stm32cubeide/plugins/com.st.stm32cube.ide.mcu.externaltools.gnu-tools-for-stm32.9-2020-q2-update.win32_1.5.0.202011040924/tools/bin/../lib/gcc/arm-none-eabi/9.3.1/../../../../arm-none-eabi/lib/thumb/v7-m/nofp\libc_nano.a(lib_a-nano-svfprintf.o)
                0x000000000800c428                _svfiprintf_r
                0x000000000800c428                _svfprintf_r
 .text._sbrk_r  0x000000000800c628       0x20 c:/st/stm32cubeide_1.5.0/stm32cubeide/plugins/com.st.stm32cube.ide.mcu.externaltools.gnu-tools-for-stm32.9-2020-q2-update.win32_1.5.0.202011040924/tools/bin/../lib/gcc/arm-none-eabi/9.3.1/../../../../arm-none-eabi/lib/thumb/v7-m/nofp\libc_nano.a(lib_a-sbrkr.o)
                0x000000000800c628                _sbrk_r
 .text.__assert_func
                0x000000000800c648       0x3c c:/st/stm32cubeide_1.5.0/stm32cubeide/plugins/com.st.stm32cube.ide.mcu.externaltools.gnu-tools-for-stm32.9-2020-q2-update.win32_1.5.0.202011040924/tools/bin/../lib/gcc/arm-none-eabi/9.3.1/../../../../arm-none-eabi/lib/thumb/v7-m/nofp\libc_nano.a(lib_a-assert.o)
                0x000000000800c648                __assert_func
 .text.fprintf  0x000000000800c684       0x24 c:/st/stm32cubeide_1.5.0/stm32cubeide/plugins/com.st.stm32cube.ide.mcu.externaltools.gnu-tools-for-stm32.9-2020-q2-update.win32_1.5.0.202011040924/tools/bin/../lib/gcc/arm-none-eabi/9.3.1/../../../../arm-none-eabi/lib/thumb/v7-m/nofp\libc_nano.a(lib_a-fprintf.o)
                0x000000000800c684                fiprintf
                0x000000000800c684                fprintf
 .text.__ascii_mbtowc
                0x000000000800c6a8       0x24 c:/st/stm32cubeide_1.5.0/stm32cubeide/plugins/com.st.stm32cube.ide.mcu.externaltools.gnu-tools-for-stm32.9-2020-q2-update.win32_1.5.0.202011040924/tools/bin/../lib/gcc/arm-none-eabi/9.3.1/../../../../arm-none-eabi/lib/thumb/v7-m/nofp\libc_nano.a(lib_a-mbtowc_r.o)
                0x000000000800c6a8                __ascii_mbtowc
 .text.memmove  0x000000000800c6cc       0x34 c:/st/stm32cubeide_1.5.0/stm32cubeide/plugins/com.st.stm32cube.ide.mcu.externaltools.gnu-tools-for-stm32.9-2020-q2-update.win32_1.5.0.202011040924/tools/bin/../lib/gcc/arm-none-eabi/9.3.1/../../../../arm-none-eabi/lib/thumb/v7-m/nofp\libc_nano.a(lib_a-memmove.o)
                0x000000000800c6cc                memmove
 .text.__malloc_lock
                0x000000000800c700        0xc c:/st/stm32cubeide_1.5.0/stm32cubeide/plugins/com.st.stm32cube.ide.mcu.externaltools.gnu-tools-for-stm32.9-2020-q2-update.win32_1.5.0.202011040924/tools/bin/../lib/gcc/arm-none-eabi/9.3.1/../../../../arm-none-eabi/lib/thumb/v7-m/nofp\libc_nano.a(lib_a-mlock.o)
                0x000000000800c700                __malloc_lock
 .text.__malloc_unlock
                0x000000000800c70c        0xc c:/st/stm32cubeide_1.5.0/stm32cubeide/plugins/com.st.stm32cube.ide.mcu.externaltools.gnu-tools-for-stm32.9-2020-q2-update.win32_1.5.0.202011040924/tools/bin/../lib/gcc/arm-none-eabi/9.3.1/../../../../arm-none-eabi/lib/thumb/v7-m/nofp\libc_nano.a(lib_a-mlock.o)
                0x000000000800c70c                __malloc_unlock
 .text._realloc_r
                0x000000000800c718       0x4c c:/st/stm32cubeide_1.5.0/stm32cubeide/plugins/com.st.stm32cube.ide.mcu.externaltools.gnu-tools-for-stm32.9-2020-q2-update.win32_1.5.0.202011040924/tools/bin/../lib/gcc/arm-none-eabi/9.3.1/../../../../arm-none-eabi/lib/thumb/v7-m/nofp\libc_nano.a(lib_a-nano-reallocr.o)
                0x000000000800c718                _realloc_r
 .text.__sfputc_r
                0x000000000800c764       0x2a c:/st/stm32cubeide_1.5.0/stm32cubeide/plugins/com.st.stm32cube.ide.mcu.externaltools.gnu-tools-for-stm32.9-2020-q2-update.win32_1.5.0.202011040924/tools/bin/../lib/gcc/arm-none-eabi/9.3.1/../../../../arm-none-eabi/lib/thumb/v7-m/nofp\libc_nano.a(lib_a-nano-vfprintf.o)
 .text.__sfputs_r
                0x000000000800c78e       0x24 c:/st/stm32cubeide_1.5.0/stm32cubeide/plugins/com.st.stm32cube.ide.mcu.externaltools.gnu-tools-for-stm32.9-2020-q2-update.win32_1.5.0.202011040924/tools/bin/../lib/gcc/arm-none-eabi/9.3.1/../../../../arm-none-eabi/lib/thumb/v7-m/nofp\libc_nano.a(lib_a-nano-vfprintf.o)
                0x000000000800c78e                __sfputs_r
 *fill*         0x000000000800c7b2        0x2 
 .text._vfprintf_r
                0x000000000800c7b4      0x260 c:/st/stm32cubeide_1.5.0/stm32cubeide/plugins/com.st.stm32cube.ide.mcu.externaltools.gnu-tools-for-stm32.9-2020-q2-update.win32_1.5.0.202011040924/tools/bin/../lib/gcc/arm-none-eabi/9.3.1/../../../../arm-none-eabi/lib/thumb/v7-m/nofp\libc_nano.a(lib_a-nano-vfprintf.o)
                0x000000000800c7b4                _vfprintf_r
                0x000000000800c7b4                _vfiprintf_r
 .text.__swbuf_r
                0x000000000800ca14       0xa4 c:/st/stm32cubeide_1.5.0/stm32cubeide/plugins/com.st.stm32cube.ide.mcu.externaltools.gnu-tools-for-stm32.9-2020-q2-update.win32_1.5.0.202011040924/tools/bin/../lib/gcc/arm-none-eabi/9.3.1/../../../../arm-none-eabi/lib/thumb/v7-m/nofp\libc_nano.a(lib_a-wbuf.o)
                0x000000000800ca14                __swbuf_r
 .text.__ascii_wctomb
                0x000000000800cab8       0x1a c:/st/stm32cubeide_1.5.0/stm32cubeide/plugins/com.st.stm32cube.ide.mcu.externaltools.gnu-tools-for-stm32.9-2020-q2-update.win32_1.5.0.202011040924/tools/bin/../lib/gcc/arm-none-eabi/9.3.1/../../../../arm-none-eabi/lib/thumb/v7-m/nofp\libc_nano.a(lib_a-wctomb_r.o)
                0x000000000800cab8                __ascii_wctomb
 *fill*         0x000000000800cad2        0x2 
 .text.__swsetup_r
                0x000000000800cad4       0xdc c:/st/stm32cubeide_1.5.0/stm32cubeide/plugins/com.st.stm32cube.ide.mcu.externaltools.gnu-tools-for-stm32.9-2020-q2-update.win32_1.5.0.202011040924/tools/bin/../lib/gcc/arm-none-eabi/9.3.1/../../../../arm-none-eabi/lib/thumb/v7-m/nofp\libc_nano.a(lib_a-wsetup.o)
                0x000000000800cad4                __swsetup_r
 .text.abort    0x000000000800cbb0        0xe c:/st/stm32cubeide_1.5.0/stm32cubeide/plugins/com.st.stm32cube.ide.mcu.externaltools.gnu-tools-for-stm32.9-2020-q2-update.win32_1.5.0.202011040924/tools/bin/../lib/gcc/arm-none-eabi/9.3.1/../../../../arm-none-eabi/lib/thumb/v7-m/nofp\libc_nano.a(lib_a-abort.o)
                0x000000000800cbb0                abort
 *fill*         0x000000000800cbbe        0x2 
 .text.__sflush_r
                0x000000000800cbc0      0x10c c:/st/stm32cubeide_1.5.0/stm32cubeide/plugins/com.st.stm32cube.ide.mcu.externaltools.gnu-tools-for-stm32.9-2020-q2-update.win32_1.5.0.202011040924/tools/bin/../lib/gcc/arm-none-eabi/9.3.1/../../../../arm-none-eabi/lib/thumb/v7-m/nofp\libc_nano.a(lib_a-fflush.o)
                0x000000000800cbc0                __sflush_r
 .text._fflush_r
                0x000000000800cccc       0x78 c:/st/stm32cubeide_1.5.0/stm32cubeide/plugins/com.st.stm32cube.ide.mcu.externaltools.gnu-tools-for-stm32.9-2020-q2-update.win32_1.5.0.202011040924/tools/bin/../lib/gcc/arm-none-eabi/9.3.1/../../../../arm-none-eabi/lib/thumb/v7-m/nofp\libc_nano.a(lib_a-fflush.o)
                0x000000000800cccc                _fflush_r
 .text.std      0x000000000800cd44       0x48 c:/st/stm32cubeide_1.5.0/stm32cubeide/plugins/com.st.stm32cube.ide.mcu.externaltools.gnu-tools-for-stm32.9-2020-q2-update.win32_1.5.0.202011040924/tools/bin/../lib/gcc/arm-none-eabi/9.3.1/../../../../arm-none-eabi/lib/thumb/v7-m/nofp\libc_nano.a(lib_a-findfp.o)
 .text._cleanup_r
                0x000000000800cd8c        0xc c:/st/stm32cubeide_1.5.0/stm32cubeide/plugins/com.st.stm32cube.ide.mcu.externaltools.gnu-tools-for-stm32.9-2020-q2-update.win32_1.5.0.202011040924/tools/bin/../lib/gcc/arm-none-eabi/9.3.1/../../../../arm-none-eabi/lib/thumb/v7-m/nofp\libc_nano.a(lib_a-findfp.o)
                0x000000000800cd8c                _cleanup_r
 .text.__sfmoreglue
                0x000000000800cd98       0x2c c:/st/stm32cubeide_1.5.0/stm32cubeide/plugins/com.st.stm32cube.ide.mcu.externaltools.gnu-tools-for-stm32.9-2020-q2-update.win32_1.5.0.202011040924/tools/bin/../lib/gcc/arm-none-eabi/9.3.1/../../../../arm-none-eabi/lib/thumb/v7-m/nofp\libc_nano.a(lib_a-findfp.o)
                0x000000000800cd98                __sfmoreglue
 .text.__sfp_lock_acquire
                0x000000000800cdc4        0xc c:/st/stm32cubeide_1.5.0/stm32cubeide/plugins/com.st.stm32cube.ide.mcu.externaltools.gnu-tools-for-stm32.9-2020-q2-update.win32_1.5.0.202011040924/tools/bin/../lib/gcc/arm-none-eabi/9.3.1/../../../../arm-none-eabi/lib/thumb/v7-m/nofp\libc_nano.a(lib_a-findfp.o)
                0x000000000800cdc4                __sfp_lock_acquire
 .text.__sfp_lock_release
                0x000000000800cdd0        0xc c:/st/stm32cubeide_1.5.0/stm32cubeide/plugins/com.st.stm32cube.ide.mcu.externaltools.gnu-tools-for-stm32.9-2020-q2-update.win32_1.5.0.202011040924/tools/bin/../lib/gcc/arm-none-eabi/9.3.1/../../../../arm-none-eabi/lib/thumb/v7-m/nofp\libc_nano.a(lib_a-findfp.o)
                0x000000000800cdd0                __sfp_lock_release
 .text.__sinit_lock_acquire
                0x000000000800cddc        0xc c:/st/stm32cubeide_1.5.0/stm32cubeide/plugins/com.st.stm32cube.ide.mcu.externaltools.gnu-tools-for-stm32.9-2020-q2-update.win32_1.5.0.202011040924/tools/bin/../lib/gcc/arm-none-eabi/9.3.1/../../../../arm-none-eabi/lib/thumb/v7-m/nofp\libc_nano.a(lib_a-findfp.o)
                0x000000000800cddc                __sinit_lock_acquire
 .text.__sinit_lock_release
                0x000000000800cde8        0xc c:/st/stm32cubeide_1.5.0/stm32cubeide/plugins/com.st.stm32cube.ide.mcu.externaltools.gnu-tools-for-stm32.9-2020-q2-update.win32_1.5.0.202011040924/tools/bin/../lib/gcc/arm-none-eabi/9.3.1/../../../../arm-none-eabi/lib/thumb/v7-m/nofp\libc_nano.a(lib_a-findfp.o)
                0x000000000800cde8                __sinit_lock_release
 .text.__sinit  0x000000000800cdf4       0x70 c:/st/stm32cubeide_1.5.0/stm32cubeide/plugins/com.st.stm32cube.ide.mcu.externaltools.gnu-tools-for-stm32.9-2020-q2-update.win32_1.5.0.202011040924/tools/bin/../lib/gcc/arm-none-eabi/9.3.1/../../../../arm-none-eabi/lib/thumb/v7-m/nofp\libc_nano.a(lib_a-findfp.o)
                0x000000000800cdf4                __sinit
 .text.__sfp    0x000000000800ce64       0x8c c:/st/stm32cubeide_1.5.0/stm32cubeide/plugins/com.st.stm32cube.ide.mcu.externaltools.gnu-tools-for-stm32.9-2020-q2-update.win32_1.5.0.202011040924/tools/bin/../lib/gcc/arm-none-eabi/9.3.1/../../../../arm-none-eabi/lib/thumb/v7-m/nofp\libc_nano.a(lib_a-findfp.o)
                0x000000000800ce64                __sfp
 .text._fwalk_reent
                0x000000000800cef0       0x3e c:/st/stm32cubeide_1.5.0/stm32cubeide/plugins/com.st.stm32cube.ide.mcu.externaltools.gnu-tools-for-stm32.9-2020-q2-update.win32_1.5.0.202011040924/tools/bin/../lib/gcc/arm-none-eabi/9.3.1/../../../../arm-none-eabi/lib/thumb/v7-m/nofp\libc_nano.a(lib_a-fwalk.o)
                0x000000000800cef0                _fwalk_reent
 .text.__retarget_lock_init_recursive
                0x000000000800cf2e        0x2 c:/st/stm32cubeide_1.5.0/stm32cubeide/plugins/com.st.stm32cube.ide.mcu.externaltools.gnu-tools-for-stm32.9-2020-q2-update.win32_1.5.0.202011040924/tools/bin/../lib/gcc/arm-none-eabi/9.3.1/../../../../arm-none-eabi/lib/thumb/v7-m/nofp\libc_nano.a(lib_a-lock.o)
                0x000000000800cf2e                __retarget_lock_init_recursive
 .text.__retarget_lock_acquire_recursive
                0x000000000800cf30        0x2 c:/st/stm32cubeide_1.5.0/stm32cubeide/plugins/com.st.stm32cube.ide.mcu.externaltools.gnu-tools-for-stm32.9-2020-q2-update.win32_1.5.0.202011040924/tools/bin/../lib/gcc/arm-none-eabi/9.3.1/../../../../arm-none-eabi/lib/thumb/v7-m/nofp\libc_nano.a(lib_a-lock.o)
                0x000000000800cf30                __retarget_lock_acquire_recursive
 .text.__retarget_lock_release_recursive
                0x000000000800cf32        0x2 c:/st/stm32cubeide_1.5.0/stm32cubeide/plugins/com.st.stm32cube.ide.mcu.externaltools.gnu-tools-for-stm32.9-2020-q2-update.win32_1.5.0.202011040924/tools/bin/../lib/gcc/arm-none-eabi/9.3.1/../../../../arm-none-eabi/lib/thumb/v7-m/nofp\libc_nano.a(lib_a-lock.o)
                0x000000000800cf32                __retarget_lock_release_recursive
 .text.__swhatbuf_r
                0x000000000800cf34       0x48 c:/st/stm32cubeide_1.5.0/stm32cubeide/plugins/com.st.stm32cube.ide.mcu.externaltools.gnu-tools-for-stm32.9-2020-q2-update.win32_1.5.0.202011040924/tools/bin/../lib/gcc/arm-none-eabi/9.3.1/../../../../arm-none-eabi/lib/thumb/v7-m/nofp\libc_nano.a(lib_a-makebuf.o)
                0x000000000800cf34                __swhatbuf_r
 .text.__smakebuf_r
                0x000000000800cf7c       0x80 c:/st/stm32cubeide_1.5.0/stm32cubeide/plugins/com.st.stm32cube.ide.mcu.externaltools.gnu-tools-for-stm32.9-2020-q2-update.win32_1.5.0.202011040924/tools/bin/../lib/gcc/arm-none-eabi/9.3.1/../../../../arm-none-eabi/lib/thumb/v7-m/nofp\libc_nano.a(lib_a-makebuf.o)
                0x000000000800cf7c                __smakebuf_r
 .text._malloc_usable_size_r
                0x000000000800cffc       0x10 c:/st/stm32cubeide_1.5.0/stm32cubeide/plugins/com.st.stm32cube.ide.mcu.externaltools.gnu-tools-for-stm32.9-2020-q2-update.win32_1.5.0.202011040924/tools/bin/../lib/gcc/arm-none-eabi/9.3.1/../../../../arm-none-eabi/lib/thumb/v7-m/nofp\libc_nano.a(lib_a-nano-msizer.o)
                0x000000000800cffc                _malloc_usable_size_r
 .text._raise_r
                0x000000000800d00c       0x50 c:/st/stm32cubeide_1.5.0/stm32cubeide/plugins/com.st.stm32cube.ide.mcu.externaltools.gnu-tools-for-stm32.9-2020-q2-update.win32_1.5.0.202011040924/tools/bin/../lib/gcc/arm-none-eabi/9.3.1/../../../../arm-none-eabi/lib/thumb/v7-m/nofp\libc_nano.a(lib_a-signal.o)
                0x000000000800d00c                _raise_r
 .text.raise    0x000000000800d05c       0x10 c:/st/stm32cubeide_1.5.0/stm32cubeide/plugins/com.st.stm32cube.ide.mcu.externaltools.gnu-tools-for-stm32.9-2020-q2-update.win32_1.5.0.202011040924/tools/bin/../lib/gcc/arm-none-eabi/9.3.1/../../../../arm-none-eabi/lib/thumb/v7-m/nofp\libc_nano.a(lib_a-signal.o)
                0x000000000800d05c                raise
 .text._kill_r  0x000000000800d06c       0x24 c:/st/stm32cubeide_1.5.0/stm32cubeide/plugins/com.st.stm32cube.ide.mcu.externaltools.gnu-tools-for-stm32.9-2020-q2-update.win32_1.5.0.202011040924/tools/bin/../lib/gcc/arm-none-eabi/9.3.1/../../../../arm-none-eabi/lib/thumb/v7-m/nofp\libc_nano.a(lib_a-signalr.o)
                0x000000000800d06c                _kill_r
 .text._getpid_r
                0x000000000800d090        0x4 c:/st/stm32cubeide_1.5.0/stm32cubeide/plugins/com.st.stm32cube.ide.mcu.externaltools.gnu-tools-for-stm32.9-2020-q2-update.win32_1.5.0.202011040924/tools/bin/../lib/gcc/arm-none-eabi/9.3.1/../../../../arm-none-eabi/lib/thumb/v7-m/nofp\libc_nano.a(lib_a-signalr.o)
                0x000000000800d090                _getpid_r
 .text.__sread  0x000000000800d094       0x22 c:/st/stm32cubeide_1.5.0/stm32cubeide/plugins/com.st.stm32cube.ide.mcu.externaltools.gnu-tools-for-stm32.9-2020-q2-update.win32_1.5.0.202011040924/tools/bin/../lib/gcc/arm-none-eabi/9.3.1/../../../../arm-none-eabi/lib/thumb/v7-m/nofp\libc_nano.a(lib_a-stdio.o)
                0x000000000800d094                __sread
 .text.__swrite
                0x000000000800d0b6       0x38 c:/st/stm32cubeide_1.5.0/stm32cubeide/plugins/com.st.stm32cube.ide.mcu.externaltools.gnu-tools-for-stm32.9-2020-q2-update.win32_1.5.0.202011040924/tools/bin/../lib/gcc/arm-none-eabi/9.3.1/../../../../arm-none-eabi/lib/thumb/v7-m/nofp\libc_nano.a(lib_a-stdio.o)
                0x000000000800d0b6                __swrite
 .text.__sseek  0x000000000800d0ee       0x24 c:/st/stm32cubeide_1.5.0/stm32cubeide/plugins/com.st.stm32cube.ide.mcu.externaltools.gnu-tools-for-stm32.9-2020-q2-update.win32_1.5.0.202011040924/tools/bin/../lib/gcc/arm-none-eabi/9.3.1/../../../../arm-none-eabi/lib/thumb/v7-m/nofp\libc_nano.a(lib_a-stdio.o)
                0x000000000800d0ee                __sseek
 .text.__sclose
                0x000000000800d112        0x8 c:/st/stm32cubeide_1.5.0/stm32cubeide/plugins/com.st.stm32cube.ide.mcu.externaltools.gnu-tools-for-stm32.9-2020-q2-update.win32_1.5.0.202011040924/tools/bin/../lib/gcc/arm-none-eabi/9.3.1/../../../../arm-none-eabi/lib/thumb/v7-m/nofp\libc_nano.a(lib_a-stdio.o)
                0x000000000800d112                __sclose
 *fill*         0x000000000800d11a        0x2 
 .text._write_r
                0x000000000800d11c       0x24 c:/st/stm32cubeide_1.5.0/stm32cubeide/plugins/com.st.stm32cube.ide.mcu.externaltools.gnu-tools-for-stm32.9-2020-q2-update.win32_1.5.0.202011040924/tools/bin/../lib/gcc/arm-none-eabi/9.3.1/../../../../arm-none-eabi/lib/thumb/v7-m/nofp\libc_nano.a(lib_a-writer.o)
                0x000000000800d11c                _write_r
 .text._close_r
                0x000000000800d140       0x20 c:/st/stm32cubeide_1.5.0/stm32cubeide/plugins/com.st.stm32cube.ide.mcu.externaltools.gnu-tools-for-stm32.9-2020-q2-update.win32_1.5.0.202011040924/tools/bin/../lib/gcc/arm-none-eabi/9.3.1/../../../../arm-none-eabi/lib/thumb/v7-m/nofp\libc_nano.a(lib_a-closer.o)
                0x000000000800d140                _close_r
 .text._fstat_r
                0x000000000800d160       0x24 c:/st/stm32cubeide_1.5.0/stm32cubeide/plugins/com.st.stm32cube.ide.mcu.externaltools.gnu-tools-for-stm32.9-2020-q2-update.win32_1.5.0.202011040924/tools/bin/../lib/gcc/arm-none-eabi/9.3.1/../../../../arm-none-eabi/lib/thumb/v7-m/nofp\libc_nano.a(lib_a-fstatr.o)
                0x000000000800d160                _fstat_r
 .text._isatty_r
                0x000000000800d184       0x20 c:/st/stm32cubeide_1.5.0/stm32cubeide/plugins/com.st.stm32cube.ide.mcu.externaltools.gnu-tools-for-stm32.9-2020-q2-update.win32_1.5.0.202011040924/tools/bin/../lib/gcc/arm-none-eabi/9.3.1/../../../../arm-none-eabi/lib/thumb/v7-m/nofp\libc_nano.a(lib_a-isattyr.o)
                0x000000000800d184                _isatty_r
 .text._lseek_r
                0x000000000800d1a4       0x24 c:/st/stm32cubeide_1.5.0/stm32cubeide/plugins/com.st.stm32cube.ide.mcu.externaltools.gnu-tools-for-stm32.9-2020-q2-update.win32_1.5.0.202011040924/tools/bin/../lib/gcc/arm-none-eabi/9.3.1/../../../../arm-none-eabi/lib/thumb/v7-m/nofp\libc_nano.a(lib_a-lseekr.o)
                0x000000000800d1a4                _lseek_r
 .text._read_r  0x000000000800d1c8       0x24 c:/st/stm32cubeide_1.5.0/stm32cubeide/plugins/com.st.stm32cube.ide.mcu.externaltools.gnu-tools-for-stm32.9-2020-q2-update.win32_1.5.0.202011040924/tools/bin/../lib/gcc/arm-none-eabi/9.3.1/../../../../arm-none-eabi/lib/thumb/v7-m/nofp\libc_nano.a(lib_a-readr.o)
                0x000000000800d1c8                _read_r
 *(.glue_7)
 .glue_7        0x000000000800d1ec        0x0 linker stubs
 *(.glue_7t)
 .glue_7t       0x000000000800d1ec        0x0 linker stubs
 *(.eh_frame)
 .eh_frame      0x000000000800d1ec        0x0 c:/st/stm32cubeide_1.5.0/stm32cubeide/plugins/com.st.stm32cube.ide.mcu.externaltools.gnu-tools-for-stm32.9-2020-q2-update.win32_1.5.0.202011040924/tools/bin/../lib/gcc/arm-none-eabi/9.3.1/thumb/v7-m/nofp/crtbegin.o
 *(.init)
 .init          0x000000000800d1ec        0x4 c:/st/stm32cubeide_1.5.0/stm32cubeide/plugins/com.st.stm32cube.ide.mcu.externaltools.gnu-tools-for-stm32.9-2020-q2-update.win32_1.5.0.202011040924/tools/bin/../lib/gcc/arm-none-eabi/9.3.1/thumb/v7-m/nofp/crti.o
                0x000000000800d1ec                _init
 .init          0x000000000800d1f0        0x8 c:/st/stm32cubeide_1.5.0/stm32cubeide/plugins/com.st.stm32cube.ide.mcu.externaltools.gnu-tools-for-stm32.9-2020-q2-update.win32_1.5.0.202011040924/tools/bin/../lib/gcc/arm-none-eabi/9.3.1/thumb/v7-m/nofp/crtn.o
 *(.fini)
 .fini          0x000000000800d1f8        0x4 c:/st/stm32cubeide_1.5.0/stm32cubeide/plugins/com.st.stm32cube.ide.mcu.externaltools.gnu-tools-for-stm32.9-2020-q2-update.win32_1.5.0.202011040924/tools/bin/../lib/gcc/arm-none-eabi/9.3.1/thumb/v7-m/nofp/crti.o
                0x000000000800d1f8                _fini
 .fini          0x000000000800d1fc        0x8 c:/st/stm32cubeide_1.5.0/stm32cubeide/plugins/com.st.stm32cube.ide.mcu.externaltools.gnu-tools-for-stm32.9-2020-q2-update.win32_1.5.0.202011040924/tools/bin/../lib/gcc/arm-none-eabi/9.3.1/thumb/v7-m/nofp/crtn.o
                0x000000000800d204                . = ALIGN (0x4)
                0x000000000800d204                _etext = .

.vfp11_veneer   0x000000000800d204        0x0
 .vfp11_veneer  0x000000000800d204        0x0 linker stubs

.v4_bx          0x000000000800d204        0x0
 .v4_bx         0x000000000800d204        0x0 linker stubs

.iplt           0x000000000800d204        0x0
 .iplt          0x000000000800d204        0x0 c:/st/stm32cubeide_1.5.0/stm32cubeide/plugins/com.st.stm32cube.ide.mcu.externaltools.gnu-tools-for-stm32.9-2020-q2-update.win32_1.5.0.202011040924/tools/bin/../lib/gcc/arm-none-eabi/9.3.1/thumb/v7-m/nofp/crtbegin.o

.rodata         0x000000000800d208      0xfd4
                0x000000000800d208                . = ALIGN (0x4)
 *(.rodata)
 .rodata        0x000000000800d208       0xb3 Core/Src/ads1256.o
 *fill*         0x000000000800d2bb        0x1 
 .rodata        0x000000000800d2bc      0x49a Core/Src/file_handling.o
 *fill*         0x000000000800d756        0x2 
 .rodata        0x000000000800d758       0xe0 Core/Src/main.o
 .rodata        0x000000000800d838       0x10 Drivers/STM32F1xx_HAL_Driver/Src/stm32f1xx_hal_rcc.o
 .rodata        0x000000000800d848       0x48 Middlewares/Third_Party/FatFs/src/ff.o
 *(.rodata*)
 .rodata.AHBPrescTable
                0x000000000800d890       0x10 Core/Src/system_stm32f1xx.o
                0x000000000800d890                AHBPrescTable
 .rodata.APBPrescTable
                0x000000000800d8a0        0x8 Core/Src/system_stm32f1xx.o
                0x000000000800d8a0                APBPrescTable
 .rodata.ExCvt  0x000000000800d8a8       0x80 Middlewares/Third_Party/FatFs/src/ff.o
 .rodata.LfnOfs
                0x000000000800d928        0xd Middlewares/Third_Party/FatFs/src/ff.o
 *fill*         0x000000000800d935        0x3 
 .rodata.Tbl    0x000000000800d938      0x100 Middlewares/Third_Party/FatFs/src/option/ccsbcs.o
 .rodata.tbl_lower.6680
                0x000000000800da38      0x1e0 Middlewares/Third_Party/FatFs/src/option/ccsbcs.o
 .rodata.tbl_upper.6681
                0x000000000800dc18      0x1e0 Middlewares/Third_Party/FatFs/src/option/ccsbcs.o
 .rodata._global_impure_ptr
                0x000000000800ddf8        0x4 c:/st/stm32cubeide_1.5.0/stm32cubeide/plugins/com.st.stm32cube.ide.mcu.externaltools.gnu-tools-for-stm32.9-2020-q2-update.win32_1.5.0.202011040924/tools/bin/../lib/gcc/arm-none-eabi/9.3.1/../../../../arm-none-eabi/lib/thumb/v7-m/nofp\libc_nano.a(lib_a-impure.o)
                0x000000000800ddf8                _global_impure_ptr
 .rodata._printf_float.str1.1
                0x000000000800ddfc       0x12 c:/st/stm32cubeide_1.5.0/stm32cubeide/plugins/com.st.stm32cube.ide.mcu.externaltools.gnu-tools-for-stm32.9-2020-q2-update.win32_1.5.0.202011040924/tools/bin/../lib/gcc/arm-none-eabi/9.3.1/../../../../arm-none-eabi/lib/thumb/v7-m/nofp\libc_nano.a(lib_a-nano-vfprintf_float.o)
 .rodata._printf_i.str1.1
                0x000000000800de0e       0x22 c:/st/stm32cubeide_1.5.0/stm32cubeide/plugins/com.st.stm32cube.ide.mcu.externaltools.gnu-tools-for-stm32.9-2020-q2-update.win32_1.5.0.202011040924/tools/bin/../lib/gcc/arm-none-eabi/9.3.1/../../../../arm-none-eabi/lib/thumb/v7-m/nofp\libc_nano.a(lib_a-nano-vfprintf_i.o)
 .rodata._dtoa_r.str1.1
                0x000000000800de30       0x94 c:/st/stm32cubeide_1.5.0/stm32cubeide/plugins/com.st.stm32cube.ide.mcu.externaltools.gnu-tools-for-stm32.9-2020-q2-update.win32_1.5.0.202011040924/tools/bin/../lib/gcc/arm-none-eabi/9.3.1/../../../../arm-none-eabi/lib/thumb/v7-m/nofp\libc_nano.a(lib_a-dtoa.o)
                                         0x96 (size before relaxing)
 .rodata._Balloc.str1.1
                0x000000000800dec4       0x60 c:/st/stm32cubeide_1.5.0/stm32cubeide/plugins/com.st.stm32cube.ide.mcu.externaltools.gnu-tools-for-stm32.9-2020-q2-update.win32_1.5.0.202011040924/tools/bin/../lib/gcc/arm-none-eabi/9.3.1/../../../../arm-none-eabi/lib/thumb/v7-m/nofp\libc_nano.a(lib_a-mprec.o)
                                         0x77 (size before relaxing)
 .rodata.__multadd.str1.1
                0x000000000800df24       0x11 c:/st/stm32cubeide_1.5.0/stm32cubeide/plugins/com.st.stm32cube.ide.mcu.externaltools.gnu-tools-for-stm32.9-2020-q2-update.win32_1.5.0.202011040924/tools/bin/../lib/gcc/arm-none-eabi/9.3.1/../../../../arm-none-eabi/lib/thumb/v7-m/nofp\libc_nano.a(lib_a-mprec.o)
 *fill*         0x000000000800df24        0x4 
 .rodata.__mprec_bigtens
                0x000000000800df28       0x28 c:/st/stm32cubeide_1.5.0/stm32cubeide/plugins/com.st.stm32cube.ide.mcu.externaltools.gnu-tools-for-stm32.9-2020-q2-update.win32_1.5.0.202011040924/tools/bin/../lib/gcc/arm-none-eabi/9.3.1/../../../../arm-none-eabi/lib/thumb/v7-m/nofp\libc_nano.a(lib_a-mprec.o)
                0x000000000800df28                __mprec_bigtens
 .rodata.__mprec_tens
                0x000000000800df50       0xc8 c:/st/stm32cubeide_1.5.0/stm32cubeide/plugins/com.st.stm32cube.ide.mcu.externaltools.gnu-tools-for-stm32.9-2020-q2-update.win32_1.5.0.202011040924/tools/bin/../lib/gcc/arm-none-eabi/9.3.1/../../../../arm-none-eabi/lib/thumb/v7-m/nofp\libc_nano.a(lib_a-mprec.o)
                0x000000000800df50                __mprec_tens
 .rodata.p05.6150
                0x000000000800e018        0xc c:/st/stm32cubeide_1.5.0/stm32cubeide/plugins/com.st.stm32cube.ide.mcu.externaltools.gnu-tools-for-stm32.9-2020-q2-update.win32_1.5.0.202011040924/tools/bin/../lib/gcc/arm-none-eabi/9.3.1/../../../../arm-none-eabi/lib/thumb/v7-m/nofp\libc_nano.a(lib_a-mprec.o)
 .rodata._svfprintf_r.str1.1
                0x000000000800e024       0x11 c:/st/stm32cubeide_1.5.0/stm32cubeide/plugins/com.st.stm32cube.ide.mcu.externaltools.gnu-tools-for-stm32.9-2020-q2-update.win32_1.5.0.202011040924/tools/bin/../lib/gcc/arm-none-eabi/9.3.1/../../../../arm-none-eabi/lib/thumb/v7-m/nofp\libc_nano.a(lib_a-nano-svfprintf.o)
 .rodata.__assert_func.str1.1
                0x000000000800e035       0x3c c:/st/stm32cubeide_1.5.0/stm32cubeide/plugins/com.st.stm32cube.ide.mcu.externaltools.gnu-tools-for-stm32.9-2020-q2-update.win32_1.5.0.202011040924/tools/bin/../lib/gcc/arm-none-eabi/9.3.1/../../../../arm-none-eabi/lib/thumb/v7-m/nofp\libc_nano.a(lib_a-assert.o)
                                         0x3d (size before relaxing)
 .rodata._setlocale_r.str1.1
                0x000000000800e071        0x8 c:/st/stm32cubeide_1.5.0/stm32cubeide/plugins/com.st.stm32cube.ide.mcu.externaltools.gnu-tools-for-stm32.9-2020-q2-update.win32_1.5.0.202011040924/tools/bin/../lib/gcc/arm-none-eabi/9.3.1/../../../../arm-none-eabi/lib/thumb/v7-m/nofp\libc_nano.a(lib_a-locale.o)
                                          0x9 (size before relaxing)
 .rodata.str1.1
                0x000000000800e079        0x2 c:/st/stm32cubeide_1.5.0/stm32cubeide/plugins/com.st.stm32cube.ide.mcu.externaltools.gnu-tools-for-stm32.9-2020-q2-update.win32_1.5.0.202011040924/tools/bin/../lib/gcc/arm-none-eabi/9.3.1/../../../../arm-none-eabi/lib/thumb/v7-m/nofp\libc_nano.a(lib_a-locale.o)
 .rodata._vfprintf_r.str1.1
                0x000000000800e07b       0x11 c:/st/stm32cubeide_1.5.0/stm32cubeide/plugins/com.st.stm32cube.ide.mcu.externaltools.gnu-tools-for-stm32.9-2020-q2-update.win32_1.5.0.202011040924/tools/bin/../lib/gcc/arm-none-eabi/9.3.1/../../../../arm-none-eabi/lib/thumb/v7-m/nofp\libc_nano.a(lib_a-nano-vfprintf.o)
 .rodata._ctype_
                0x000000000800e07b      0x101 c:/st/stm32cubeide_1.5.0/stm32cubeide/plugins/com.st.stm32cube.ide.mcu.externaltools.gnu-tools-for-stm32.9-2020-q2-update.win32_1.5.0.202011040924/tools/bin/../lib/gcc/arm-none-eabi/9.3.1/../../../../arm-none-eabi/lib/thumb/v7-m/nofp\libc_nano.a(lib_a-ctype_.o)
                0x000000000800e07b                _ctype_
 .rodata.__sf_fake_stderr
                0x000000000800e17c       0x20 c:/st/stm32cubeide_1.5.0/stm32cubeide/plugins/com.st.stm32cube.ide.mcu.externaltools.gnu-tools-for-stm32.9-2020-q2-update.win32_1.5.0.202011040924/tools/bin/../lib/gcc/arm-none-eabi/9.3.1/../../../../arm-none-eabi/lib/thumb/v7-m/nofp\libc_nano.a(lib_a-findfp.o)
                0x000000000800e17c                __sf_fake_stderr
 .rodata.__sf_fake_stdin
                0x000000000800e19c       0x20 c:/st/stm32cubeide_1.5.0/stm32cubeide/plugins/com.st.stm32cube.ide.mcu.externaltools.gnu-tools-for-stm32.9-2020-q2-update.win32_1.5.0.202011040924/tools/bin/../lib/gcc/arm-none-eabi/9.3.1/../../../../arm-none-eabi/lib/thumb/v7-m/nofp\libc_nano.a(lib_a-findfp.o)
                0x000000000800e19c                __sf_fake_stdin
 .rodata.__sf_fake_stdout
                0x000000000800e1bc       0x20 c:/st/stm32cubeide_1.5.0/stm32cubeide/plugins/com.st.stm32cube.ide.mcu.externaltools.gnu-tools-for-stm32.9-2020-q2-update.win32_1.5.0.202011040924/tools/bin/../lib/gcc/arm-none-eabi/9.3.1/../../../../arm-none-eabi/lib/thumb/v7-m/nofp\libc_nano.a(lib_a-findfp.o)
                0x000000000800e1bc                __sf_fake_stdout
                0x000000000800e1dc                . = ALIGN (0x4)

.rel.dyn        0x000000000800e1dc        0x0
 .rel.iplt      0x000000000800e1dc        0x0 c:/st/stm32cubeide_1.5.0/stm32cubeide/plugins/com.st.stm32cube.ide.mcu.externaltools.gnu-tools-for-stm32.9-2020-q2-update.win32_1.5.0.202011040924/tools/bin/../lib/gcc/arm-none-eabi/9.3.1/thumb/v7-m/nofp/crtbegin.o

.ARM.extab      0x000000000800e1dc        0x0
                0x000000000800e1dc                . = ALIGN (0x4)
 *(.ARM.extab* .gnu.linkonce.armextab.*)
                0x000000000800e1dc                . = ALIGN (0x4)

.ARM            0x000000000800e1dc        0x0
                0x000000000800e1dc                . = ALIGN (0x4)
                0x000000000800e1dc                __exidx_start = .
 *(.ARM.exidx*)
                0x000000000800e1dc                __exidx_end = .
                0x000000000800e1dc                . = ALIGN (0x4)

.preinit_array  0x000000000800e1dc        0x0
                0x000000000800e1dc                . = ALIGN (0x4)
                0x000000000800e1dc                PROVIDE (__preinit_array_start = .)
 *(.preinit_array*)
                0x000000000800e1dc                PROVIDE (__preinit_array_end = .)
                0x000000000800e1dc                . = ALIGN (0x4)

.init_array     0x000000000800e1dc        0x4
                0x000000000800e1dc                . = ALIGN (0x4)
                0x000000000800e1dc                PROVIDE (__init_array_start = .)
 *(SORT_BY_NAME(.init_array.*))
 *(.init_array*)
 .init_array    0x000000000800e1dc        0x4 c:/st/stm32cubeide_1.5.0/stm32cubeide/plugins/com.st.stm32cube.ide.mcu.externaltools.gnu-tools-for-stm32.9-2020-q2-update.win32_1.5.0.202011040924/tools/bin/../lib/gcc/arm-none-eabi/9.3.1/thumb/v7-m/nofp/crtbegin.o
                0x000000000800e1e0                PROVIDE (__init_array_end = .)
                0x000000000800e1e0                . = ALIGN (0x4)

.fini_array     0x000000000800e1e0        0x4
                0x000000000800e1e0                . = ALIGN (0x4)
                [!provide]                        PROVIDE (__fini_array_start = .)
 *(SORT_BY_NAME(.fini_array.*))
 *(.fini_array*)
 .fini_array    0x000000000800e1e0        0x4 c:/st/stm32cubeide_1.5.0/stm32cubeide/plugins/com.st.stm32cube.ide.mcu.externaltools.gnu-tools-for-stm32.9-2020-q2-update.win32_1.5.0.202011040924/tools/bin/../lib/gcc/arm-none-eabi/9.3.1/thumb/v7-m/nofp/crtbegin.o
                [!provide]                        PROVIDE (__fini_array_end = .)
                0x000000000800e1e4                . = ALIGN (0x4)
                0x000000000800e1e4                _sidata = LOADADDR (.data)

.data           0x0000000020000000      0x204 load address 0x000000000800e1e4
                0x0000000020000000                . = ALIGN (0x4)
                0x0000000020000000                _sdata = .
 *(.data)
 *(.data*)
 .data.DRDY_state
                0x0000000020000000        0x4 Core/Src/ads1256.o
                0x0000000020000000                DRDY_state
 .data.Stat     0x0000000020000004        0x1 Core/Src/fatfs_sd.o
 *fill*         0x0000000020000005        0x3 
 .data.fileName
                0x0000000020000008        0xa Core/Src/main.o
                0x0000000020000008                fileName
 *fill*         0x0000000020000012        0x2 
 .data.SystemCoreClock
                0x0000000020000014        0x4 Core/Src/system_stm32f1xx.o
                0x0000000020000014                SystemCoreClock
 .data.uwTickPrio
                0x0000000020000018        0x4 Drivers/STM32F1xx_HAL_Driver/Src/stm32f1xx_hal.o
                0x0000000020000018                uwTickPrio
 .data.uwTickFreq
                0x000000002000001c        0x1 Drivers/STM32F1xx_HAL_Driver/Src/stm32f1xx_hal.o
                0x000000002000001c                uwTickFreq
 *fill*         0x000000002000001d        0x3 
 .data.USER_Driver
                0x0000000020000020       0x14 FATFS/Target/user_diskio.o
                0x0000000020000020                USER_Driver
 .data._impure_ptr
                0x0000000020000034        0x4 c:/st/stm32cubeide_1.5.0/stm32cubeide/plugins/com.st.stm32cube.ide.mcu.externaltools.gnu-tools-for-stm32.9-2020-q2-update.win32_1.5.0.202011040924/tools/bin/../lib/gcc/arm-none-eabi/9.3.1/../../../../arm-none-eabi/lib/thumb/v7-m/nofp\libc_nano.a(lib_a-impure.o)
                0x0000000020000034                _impure_ptr
 .data.impure_data
                0x0000000020000038       0x60 c:/st/stm32cubeide_1.5.0/stm32cubeide/plugins/com.st.stm32cube.ide.mcu.externaltools.gnu-tools-for-stm32.9-2020-q2-update.win32_1.5.0.202011040924/tools/bin/../lib/gcc/arm-none-eabi/9.3.1/../../../../arm-none-eabi/lib/thumb/v7-m/nofp\libc_nano.a(lib_a-impure.o)
 .data.__global_locale
                0x0000000020000098      0x16c c:/st/stm32cubeide_1.5.0/stm32cubeide/plugins/com.st.stm32cube.ide.mcu.externaltools.gnu-tools-for-stm32.9-2020-q2-update.win32_1.5.0.202011040924/tools/bin/../lib/gcc/arm-none-eabi/9.3.1/../../../../arm-none-eabi/lib/thumb/v7-m/nofp\libc_nano.a(lib_a-locale.o)
                0x0000000020000098                __global_locale
 *(.RamFunc)
 *(.RamFunc*)
                0x0000000020000204                . = ALIGN (0x4)
                0x0000000020000204                _edata = .

.igot.plt       0x0000000020000204        0x0 load address 0x000000000800e3e8
 .igot.plt      0x0000000020000204        0x0 c:/st/stm32cubeide_1.5.0/stm32cubeide/plugins/com.st.stm32cube.ide.mcu.externaltools.gnu-tools-for-stm32.9-2020-q2-update.win32_1.5.0.202011040924/tools/bin/../lib/gcc/arm-none-eabi/9.3.1/thumb/v7-m/nofp/crtbegin.o
                0x0000000020000204                . = ALIGN (0x4)

.bss            0x0000000020000204     0x17d8 load address 0x000000000800e3e8
                0x0000000020000204                _sbss = .
                0x0000000020000204                __bss_start__ = _sbss
 *(.bss)
 .bss           0x0000000020000204       0x1c c:/st/stm32cubeide_1.5.0/stm32cubeide/plugins/com.st.stm32cube.ide.mcu.externaltools.gnu-tools-for-stm32.9-2020-q2-update.win32_1.5.0.202011040924/tools/bin/../lib/gcc/arm-none-eabi/9.3.1/thumb/v7-m/nofp/crtbegin.o
 *(.bss*)
 .bss.rx_buffer
                0x0000000020000220       0x48 Core/Src/UartRingbuffer.o
                0x0000000020000220                rx_buffer
 .bss.tx_buffer
                0x0000000020000268       0x48 Core/Src/UartRingbuffer.o
                0x0000000020000268                tx_buffer
 .bss.CardType  0x00000000200002b0        0x1 Core/Src/fatfs_sd.o
 .bss.PowerFlag
                0x00000000200002b1        0x1 Core/Src/fatfs_sd.o
 *fill*         0x00000000200002b2        0x2 
 .bss.conversion_trigger
                0x00000000200002b4        0x4 Core/Src/main.o
                0x00000000200002b4                conversion_trigger
 .bss.line_counter
                0x00000000200002b8        0x4 Core/Src/main.o
                0x00000000200002b8                line_counter
 .bss.cmd       0x00000000200002bc        0x1 Core/Src/main.o
                0x00000000200002bc                cmd
 .bss.FatFsCnt  0x00000000200002bd        0x1 Core/Src/stm32f1xx_it.o
                0x00000000200002bd                FatFsCnt
 *fill*         0x00000000200002be        0x2 
 .bss.__sbrk_heap_end
                0x00000000200002c0        0x4 Core/Src/sysmem.o
 .bss.FatFs     0x00000000200002c4        0x4 Middlewares/Third_Party/FatFs/src/ff.o
 .bss.Fsid      0x00000000200002c8        0x2 Middlewares/Third_Party/FatFs/src/ff.o
 *fill*         0x00000000200002ca        0x2 
 .bss.Files     0x00000000200002cc       0x18 Middlewares/Third_Party/FatFs/src/ff.o
 .bss.LfnBuf    0x00000000200002e4      0x200 Middlewares/Third_Party/FatFs/src/ff.o
 .bss.disk      0x00000000200004e4        0xc Middlewares/Third_Party/FatFs/src/ff_gen_drv.o
                0x00000000200004e4                disk
 .bss.__malloc_free_list
                0x00000000200004f0        0x4 c:/st/stm32cubeide_1.5.0/stm32cubeide/plugins/com.st.stm32cube.ide.mcu.externaltools.gnu-tools-for-stm32.9-2020-q2-update.win32_1.5.0.202011040924/tools/bin/../lib/gcc/arm-none-eabi/9.3.1/../../../../arm-none-eabi/lib/thumb/v7-m/nofp\libc_nano.a(lib_a-nano-mallocr.o)
                0x00000000200004f0                __malloc_free_list
 .bss.__malloc_sbrk_start
                0x00000000200004f4        0x4 c:/st/stm32cubeide_1.5.0/stm32cubeide/plugins/com.st.stm32cube.ide.mcu.externaltools.gnu-tools-for-stm32.9-2020-q2-update.win32_1.5.0.202011040924/tools/bin/../lib/gcc/arm-none-eabi/9.3.1/../../../../arm-none-eabi/lib/thumb/v7-m/nofp\libc_nano.a(lib_a-nano-mallocr.o)
                0x00000000200004f4                __malloc_sbrk_start
 *(COMMON)