file_handling.c:24:5:bufsize	0	static
file_handling.c:31:6:clear_buffer	0	static
file_handling.c:36:6:clear_buffer_SD	0	static
file_handling.c:41:6:clear_path	0	static
file_handling.c:46:6:send_uart	8	static
file_handling.c:54:5:cmdlength	0	static
file_handling.c:60:6:get_path	8	static
file_handling.c:73:6:mount_sd	8	static
file_handling.c:80:6:unmount_sd	8	static
file_handling.c:88:9:scan_files	1120	static
file_handling.c:125:6:write_file	24	static
file_handling.c:182:6:write_file_mod	16	static
file_handling.c:202:6:read_file	16	static
file_handling.c:249:6:create_file	16	static
file_handling.c:279:6:create_file_mod	24	static
file_handling.c:308:6:close_file	8	static
file_handling.c:316:6:remove_file	16	static
file_handling.c:343:6:create_dir	8	static
file_handling.c:358:6:check_sd	16	static
file_handling.c:371:6:check_file	32	static
file_handling.c:404:6:update_file	24	static
