Archive member included to satisfy reference by file (symbol)

c:/st/stm32cubeide_1.5.0/stm32cubeide/plugins/com.st.stm32cube.ide.mcu.externaltools.gnu-tools-for-stm32.9-2020-q2-update.win32_1.5.0.202011040924/tools/bin/../lib/gcc/arm-none-eabi/9.3.1/../../../../arm-none-eabi/lib/thumb/v7-m/nofp\libc_nano.a(lib_a-errno.o)
                              Core/Src/syscalls.o (__errno)
c:/st/stm32cubeide_1.5.0/stm32cubeide/plugins/com.st.stm32cube.ide.mcu.externaltools.gnu-tools-for-stm32.9-2020-q2-update.win32_1.5.0.202011040924/tools/bin/../lib/gcc/arm-none-eabi/9.3.1/../../../../arm-none-eabi/lib/thumb/v7-m/nofp\libc_nano.a(lib_a-exit.o)
                              c:/st/stm32cubeide_1.5.0/stm32cubeide/plugins/com.st.stm32cube.ide.mcu.externaltools.gnu-tools-for-stm32.9-2020-q2-update.win32_1.5.0.202011040924/tools/bin/../lib/gcc/arm-none-eabi/9.3.1/../../../../arm-none-eabi/lib/thumb/v7-m/nofp/crt0.o (exit)
c:/st/stm32cubeide_1.5.0/stm32cubeide/plugins/com.st.stm32cube.ide.mcu.externaltools.gnu-tools-for-stm32.9-2020-q2-update.win32_1.5.0.202011040924/tools/bin/../lib/gcc/arm-none-eabi/9.3.1/../../../../arm-none-eabi/lib/thumb/v7-m/nofp\libc_nano.a(lib_a-impure.o)
                              c:/st/stm32cubeide_1.5.0/stm32cubeide/plugins/com.st.stm32cube.ide.mcu.externaltools.gnu-tools-for-stm32.9-2020-q2-update.win32_1.5.0.202011040924/tools/bin/../lib/gcc/arm-none-eabi/9.3.1/../../../../arm-none-eabi/lib/thumb/v7-m/nofp\libc_nano.a(lib_a-exit.o) (_global_impure_ptr)
c:/st/stm32cubeide_1.5.0/stm32cubeide/plugins/com.st.stm32cube.ide.mcu.externaltools.gnu-tools-for-stm32.9-2020-q2-update.win32_1.5.0.202011040924/tools/bin/../lib/gcc/arm-none-eabi/9.3.1/../../../../arm-none-eabi/lib/thumb/v7-m/nofp\libc_nano.a(lib_a-init.o)
                              c:/st/stm32cubeide_1.5.0/stm32cubeide/plugins/com.st.stm32cube.ide.mcu.externaltools.gnu-tools-for-stm32.9-2020-q2-update.win32_1.5.0.202011040924/tools/bin/../lib/gcc/arm-none-eabi/9.3.1/../../../../arm-none-eabi/lib/thumb/v7-m/nofp/crt0.o (__libc_init_array)
c:/st/stm32cubeide_1.5.0/stm32cubeide/plugins/com.st.stm32cube.ide.mcu.externaltools.gnu-tools-for-stm32.9-2020-q2-update.win32_1.5.0.202011040924/tools/bin/../lib/gcc/arm-none-eabi/9.3.1/../../../../arm-none-eabi/lib/thumb/v7-m/nofp\libc_nano.a(lib_a-memccpy.o)
                              Core/Src/main.o (memccpy)
c:/st/stm32cubeide_1.5.0/stm32cubeide/plugins/com.st.stm32cube.ide.mcu.externaltools.gnu-tools-for-stm32.9-2020-q2-update.win32_1.5.0.202011040924/tools/bin/../lib/gcc/arm-none-eabi/9.3.1/../../../../arm-none-eabi/lib/thumb/v7-m/nofp\libc_nano.a(lib_a-memset.o)
                              c:/st/stm32cubeide_1.5.0/stm32cubeide/plugins/com.st.stm32cube.ide.mcu.externaltools.gnu-tools-for-stm32.9-2020-q2-update.win32_1.5.0.202011040924/tools/bin/../lib/gcc/arm-none-eabi/9.3.1/../../../../arm-none-eabi/lib/thumb/v7-m/nofp/crt0.o (memset)
c:/st/stm32cubeide_1.5.0/stm32cubeide/plugins/com.st.stm32cube.ide.mcu.externaltools.gnu-tools-for-stm32.9-2020-q2-update.win32_1.5.0.202011040924/tools/bin/../lib/gcc/arm-none-eabi/9.3.1/../../../../arm-none-eabi/lib/thumb/v7-m/nofp\libc_nano.a(lib_a-nano-vfprintf_float.o)
                              (_printf_float)
c:/st/stm32cubeide_1.5.0/stm32cubeide/plugins/com.st.stm32cube.ide.mcu.externaltools.gnu-tools-for-stm32.9-2020-q2-update.win32_1.5.0.202011040924/tools/bin/../lib/gcc/arm-none-eabi/9.3.1/../../../../arm-none-eabi/lib/thumb/v7-m/nofp\libc_nano.a(lib_a-nano-vfprintf_i.o)
                              c:/st/stm32cubeide_1.5.0/stm32cubeide/plugins/com.st.stm32cube.ide.mcu.externaltools.gnu-tools-for-stm32.9-2020-q2-update.win32_1.5.0.202011040924/tools/bin/../lib/gcc/arm-none-eabi/9.3.1/../../../../arm-none-eabi/lib/thumb/v7-m/nofp\libc_nano.a(lib_a-nano-vfprintf_float.o) (_printf_common)
c:/st/stm32cubeide_1.5.0/stm32cubeide/plugins/com.st.stm32cube.ide.mcu.externaltools.gnu-tools-for-stm32.9-2020-q2-update.win32_1.5.0.202011040924/tools/bin/../lib/gcc/arm-none-eabi/9.3.1/../../../../arm-none-eabi/lib/thumb/v7-m/nofp\libc_nano.a(lib_a-sprintf.o)
                              Core/Src/MPU6050.o (sprintf)
c:/st/stm32cubeide_1.5.0/stm32cubeide/plugins/com.st.stm32cube.ide.mcu.externaltools.gnu-tools-for-stm32.9-2020-q2-update.win32_1.5.0.202011040924/tools/bin/../lib/gcc/arm-none-eabi/9.3.1/../../../../arm-none-eabi/lib/thumb/v7-m/nofp\libc_nano.a(lib_a-strcmp.o)
                              Core/Src/file_handling.o (strcmp)
c:/st/stm32cubeide_1.5.0/stm32cubeide/plugins/com.st.stm32cube.ide.mcu.externaltools.gnu-tools-for-stm32.9-2020-q2-update.win32_1.5.0.202011040924/tools/bin/../lib/gcc/arm-none-eabi/9.3.1/../../../../arm-none-eabi/lib/thumb/v7-m/nofp\libc_nano.a(lib_a-strcpy.o)
                              Core/Src/file_handling.o (strcpy)
[...]
Memory Configuration

Name             Origin             Length             Attributes
RAM              0x0000000020000000 0x0000000000005000 xrw
FLASH            0x0000000008000000 0x0000000000010000 xr
*default*        0x0000000000000000 0xffffffffffffffff

Linker script and memory map

LOAD c:/st/stm32cubeide_1.5.0/stm32cubeide/plugins/com.st.stm32cube.ide.mcu.externaltools.gnu-tools-for-stm32.9-2020-q2-update.win32_1.5.0.202011040924/tools/bin/../lib/gcc/arm-none-eabi/9.3.1/thumb/v7-m/nofp/crti.o
LOAD c:/st/stm32cubeide_1.5.0/stm32cubeide/plugins/com.st.stm32cube.ide.mcu.externaltools.gnu-tools-for-stm32.9-2020-q2-update.win32_1.5.0.202011040924/tools/bin/../lib/gcc/arm-none-eabi/9.3.1/thumb/v7-m/nofp/crtbegin.o
LOAD c:/st/stm32cubeide_1.5.0/stm32cubeide/plugins/com.st.stm32cube.ide.mcu.externaltools.gnu-tools-for-stm32.9-2020-q2-update.win32_1.5.0.202011040924/tools/bin/../lib/gcc/arm-none-eabi/9.3.1/../../../../arm-none-eabi/lib/thumb/v7-m/nofp/crt0.o
LOAD Core/Src/MPU6050.o
LOAD Core/Src/UartRingbuffer.o
LOAD Core/Src/ads1256.o
LOAD Core/Src/fatfs_sd.o
LOAD Core/Src/file_handling.o
LOAD Core/Src/main.o
LOAD Core/Src/stm32f1xx_hal_msp.o
LOAD Core/Src/stm32f1xx_it.o
LOAD Core/Src/syscalls.o
LOAD Core/Src/sysmem.o
LOAD Core/Src/system_stm32f1xx.o
LOAD Core/Startup/startup_stm32f103c8tx.o
LOAD Drivers/STM32F1xx_HAL_Driver/Src/stm32f1xx_hal.o
LOAD Drivers/STM32F1xx_HAL_Driver/Src/stm32f1xx_hal_cortex.o
LOAD Drivers/STM32F1xx_HAL_Driver/Src/stm32f1xx_hal_dma.o
LOAD Drivers/STM32F1xx_HAL_Driver/Src/stm32f1xx_hal_exti.o
LOAD Drivers/STM32F1xx_HAL_Driver/Src/stm32f1xx_hal_flash.o
LOAD Drivers/STM32F1xx_HAL_Driver/Src/stm32f1xx_hal_flash_ex.o
LOAD Drivers/STM32F1xx_HAL_Driver/Src/stm32f1xx_hal_gpio.o
LOAD Drivers/STM32F1xx_HAL_Driver/Src/stm32f1xx_hal_gpio_ex.o
LOAD Drivers/STM32F1xx_HAL_Driver/Src/stm32f1xx_hal_i2c.o
LOAD Drivers/STM32F1xx_HAL_Driver/Src/stm32f1xx_hal_pwr.o
LOAD Drivers/STM32F1xx_HAL_Driver/Src/stm32f1xx_hal_rcc.o
LOAD Drivers/STM32F1xx_HAL_Driver/Src/stm32f1xx_hal_rcc_ex.o
LOAD Drivers/STM32F1xx_HAL_Driver/Src/stm32f1xx_hal_spi.o
LOAD Drivers/STM32F1xx_HAL_Driver/Src/stm32f1xx_hal_tim.o
LOAD Drivers/STM32F1xx_HAL_Driver/Src/stm32f1xx_hal_tim_ex.o
LOAD Drivers/STM32F1xx_HAL_Driver/Src/stm32f1xx_hal_uart.o
LOAD FATFS/App/fatfs.o
LOAD FATFS/Target/user_diskio.o
LOAD Middlewares/Third_Party/FatFs/src/diskio.o
LOAD Middlewares/Third_Party/FatFs/src/ff.o
LOAD Middlewares/Third_Party/FatFs/src/ff_gen_drv.o
LOAD Middlewares/Third_Party/FatFs/src/option/ccsbcs.o
LOAD Middlewares/Third_Party/FatFs/src/option/syscall.o
START GROUP
LOAD c:/st/stm32cubeide_1.5.0/stm32cubeide/plugins/com.st.stm32cube.ide.mcu.externaltools.gnu-tools-for-stm32.9-2020-q2-update.win32_1.5.0.202011040924/tools/bin/../lib/gcc/arm-none-eabi/9.3.1/../../../../arm-none-eabi/lib/thumb/v7-m/nofp\libc_nano.a
LOAD c:/st/stm32cubeide_1.5.0/stm32cubeide/plugins/com.st.stm32cube.ide.mcu.externaltools.gnu-tools-for-stm32.9-2020-q2-update.win32_1.5.0.202011040924/tools/bin/../lib/gcc/arm-none-eabi/9.3.1/../../../../arm-none-eabi/lib/thumb/v7-m/nofp\libm.a
END GROUP
START GROUP
LOAD c:/st/stm32cubeide_1.5.0/stm32cubeide/plugins/com.st.stm32cube.ide.mcu.externaltools.gnu-tools-for-stm32.9-2020-q2-update.win32_1.5.0.202011040924/tools/bin/../lib/gcc/arm-none-eabi/9.3.1/thumb/v7-m/nofp\libgcc.a
LOAD c:/st/stm32cubeide_1.5.0/stm32cubeide/plugins/com.st.stm32cube.ide.mcu.externaltools.gnu-tools-for-stm32.9-2020-q2-update.win32_1.5.0.202011040924/tools/bin/../lib/gcc/arm-none-eabi/9.3.1/../../../../arm-none-eabi/lib/thumb/v7-m/nofp\libc_nano.a
END GROUP
START GROUP
LOAD c:/st/stm32cubeide_1.5.0/stm32cubeide/plugins/com.st.stm32cube.ide.mcu.externaltools.gnu-tools-for-stm32.9-2020-q2-update.win32_1.5.0.202011040924/tools/bin/../lib/gcc/arm-none-eabi/9.3.1/thumb/v7-m/nofp\libgcc.a
LOAD c:/st/stm32cubeide_1.5.0/stm32cubeide/plugins/com.st.stm32cube.ide.mcu.externaltools.gnu-tools-for-stm32.9-2020-q2-update.win32_1.5.0.202011040924/tools/bin/../lib/gcc/arm-none-eabi/9.3.1/../../../../arm-none-eabi/lib/thumb/v7-m/nofp\libc_nano.a
LOAD c:/st/stm32cubeide_1.5.0/stm32cubeide/plugins/com.st.stm32cube.ide.mcu.externaltools.gnu-tools-for-stm32.9-2020-q2-update.win32_1.5.0.202011040924/tools/bin/../lib/gcc/arm-none-eabi/9.3.1/../../../../arm-none-eabi/lib/thumb/v7-m/nofp\libnosys.a
END GROUP
START GROUP
LOAD c:/st/stm32cubeide_1.5.0/stm32cubeide/plugins/com.st.stm32cube.ide.mcu.externaltools.gnu-tools-for-stm32.9-2020-q2-update.win32_1.5.0.202011040924/tools/bin/../lib/gcc/arm-none-eabi/9.3.1/thumb/v7-m/nofp\libgcc.a
LOAD c:/st/stm32cubeide_1.5.0/stm32cubeide/plugins/com.st.stm32cube.ide.mcu.externaltools.gnu-tools-for-stm32.9-2020-q2-update.win32_1.5.0.202011040924/tools/bin/../lib/gcc/arm-none-eabi/9.3.1/../../../../arm-none-eabi/lib/thumb/v7-m/nofp\libc_nano.a
LOAD c:/st/stm32cubeide_1.5.0/stm32cubeide/plugins/com.st.stm32cube.ide.mcu.externaltools.gnu-tools-for-stm32.9-2020-q2-update.win32_1.5.0.202011040924/tools/bin/../lib/gcc/arm-none-eabi/9.3.1/../../../../arm-none-eabi/lib/thumb/v7-m/nofp\libnosys.a
END GROUP
LOAD c:/st/stm32cubeide_1.5.0/stm32cubeide/plugins/com.st.stm32cube.ide.mcu.externaltools.gnu-tools-for-stm32.9-2020-q2-update.win32_1.5.0.202011040924/tools/bin/../lib/gcc/arm-none-eabi/9.3.1/thumb/v7-m/nofp/crtend.o
LOAD c:/st/stm32cubeide_1.5.0/stm32cubeide/plugins/com.st.stm32cube.ide.mcu.externaltools.gnu-tools-for-stm32.9-2020-q2-update.win32_1.5.0.202011040924/tools/bin/../lib/gcc/arm-none-eabi/9.3.1/thumb/v7-m/nofp/crtn.o
                0x0000000020005000                _estack = (ORIGIN (RAM) + LENGTH (RAM))
                0x0000000000000200                _Min_Heap_Size = 0x200
                0x0000000000000400                _Min_Stack_Size = 0x400

.isr_vector     0x0000000008000000      0x10c
                0x0000000008000000                . = ALIGN (0x4)
 *(.isr_vector)
 .isr_vector    0x0000000008000000      0x10c Core/Startup/startup_stm32f103c8tx.o
                0x0000000008000000                g_pfnVectors
                0x000000000800010c                . = ALIGN (0x4)

.text           0x0000000008000110     0x8e1c
                0x0000000008000110                . = ALIGN (0x4)
 *(.text)
 .text          0x0000000008000110       0x40 c:/st/stm32cubeide_1.5.0/stm32cubeide/plugins/com.st.stm32cube.ide.mcu.externaltools.gnu-tools-for-stm32.9-2020-q2-update.win32_1.5.0.202011040924/tools/bin/../lib/gcc/arm-none-eabi/9.3.1/thumb/v7-m/nofp/crtbegin.o
 .text          0x0000000008000150       0x14 c:/st/stm32cubeide_1.5.0/stm32cubeide/plugins/com.st.stm32cube.ide.mcu.externaltools.gnu-tools-for-stm32.9-2020-q2-update.win32_1.5.0.202011040924/tools/bin/../lib/gcc/arm-none-eabi/9.3.1/../../../../arm-none-eabi/lib/thumb/v7-m/nofp\libc_nano.a(lib_a-strcmp.o)
                0x0000000008000150                strcmp
 .text          0x0000000008000164       0x10 c:/st/stm32cubeide_1.5.0/stm32cubeide/plugins/com.st.stm32cube.ide.mcu.externaltools.gnu-tools-for-stm32.9-2020-q2-update.win32_1.5.0.202011040924/tools/bin/../lib/gcc/arm-none-eabi/9.3.1/../../../../arm-none-eabi/lib/thumb/v7-m/nofp\libc_nano.a(lib_a-strlen.o)
                0x0000000008000164                strlen
 .text          0x0000000008000174      0x378 c:/st/stm32cubeide_1.5.0/stm32cubeide/plugins/com.st.stm32cube.ide.mcu.externaltools.gnu-tools-for-stm32.9-2020-q2-update.win32_1.5.0.202011040924/tools/bin/../lib/gcc/arm-none-eabi/9.3.1/thumb/v7-m/nofp\libgcc.a(_arm_addsubdf3.o)
                0x0000000008000174                __aeabi_drsub
                0x000000000800017c                __aeabi_dsub
                0x000000000800017c                __subdf3
                0x0000000008000180                __aeabi_dadd
                0x0000000008000180                __adddf3
                0x00000000080003f8                __floatunsidf
                0x00000000080003f8                __aeabi_ui2d
                0x0000000008000418                __floatsidf
                0x0000000008000418                __aeabi_i2d
                0x000000000800043c                __aeabi_f2d
                0x000000000800043c                __extendsfdf2
                0x0000000008000480                __floatundidf
                0x0000000008000480                __aeabi_ul2d
                0x0000000008000490                __floatdidf
                0x0000000008000490                __aeabi_l2d
 .text          0x00000000080004ec      0x424 c:/st/stm32cubeide_1.5.0/stm32cubeide/plugins/com.st.stm32cube.ide.mcu.externaltools.gnu-tools-for-stm32.9-2020-q2-update.win32_1.5.0.202011040924/tools/bin/../lib/gcc/arm-none-eabi/9.3.1/thumb/v7-m/nofp\libgcc.a(_arm_muldivdf3.o)
                0x00000000080004ec                __aeabi_dmul
                0x00000000080004ec                __muldf3
                0x0000000008000740                __divdf3
                0x0000000008000740                __aeabi_ddiv
 .text          0x0000000008000910      0x110 c:/st/stm32cubeide_1.5.0/stm32cubeide/plugins/com.st.stm32cube.ide.mcu.externaltools.gnu-tools-for-stm32.9-2020-q2-update.win32_1.5.0.202011040924/tools/bin/../lib/gcc/arm-none-eabi/9.3.1/thumb/v7-m/nofp\libgcc.a(_arm_cmpdf2.o)
                0x0000000008000910                __gtdf2
                0x0000000008000910                __gedf2
                0x0000000008000918                __ltdf2
                0x0000000008000918                __ledf2
                0x0000000008000920                __nedf2
                0x0000000008000920                __eqdf2
                0x0000000008000920                __cmpdf2
                0x000000000800099c                __aeabi_cdrcmple
                0x00000000080009ac                __aeabi_cdcmpeq
                0x00000000080009ac                __aeabi_cdcmple
                0x00000000080009bc                __aeabi_dcmpeq
                0x00000000080009d0                __aeabi_dcmplt
                0x00000000080009e4                __aeabi_dcmple
                0x00000000080009f8                __aeabi_dcmpge
                0x0000000008000a0c                __aeabi_dcmpgt
 .text          0x0000000008000a20       0x2c c:/st/stm32cubeide_1.5.0/stm32cubeide/plugins/com.st.stm32cube.ide.mcu.externaltools.gnu-tools-for-stm32.9-2020-q2-update.win32_1.5.0.202011040924/tools/bin/../lib/gcc/arm-none-eabi/9.3.1/thumb/v7-m/nofp\libgcc.a(_arm_unorddf2.o)
                0x0000000008000a20                __unorddf2
                0x0000000008000a20                __aeabi_dcmpun
 .text          0x0000000008000a4c       0x50 c:/st/stm32cubeide_1.5.0/stm32cubeide/plugins/com.st.stm32cube.ide.mcu.externaltools.gnu-tools-for-stm32.9-2020-q2-update.win32_1.5.0.202011040924/tools/bin/../lib/gcc/arm-none-eabi/9.3.1/thumb/v7-m/nofp\libgcc.a(_arm_fixdfsi.o)
                0x0000000008000a4c                __aeabi_d2iz
                0x0000000008000a4c                __fixdfsi
 .text          0x0000000008000a9c       0x40 c:/st/stm32cubeide_1.5.0/stm32cubeide/plugins/com.st.stm32cube.ide.mcu.externaltools.gnu-tools-for-stm32.9-2020-q2-update.win32_1.5.0.202011040924/tools/bin/../lib/gcc/arm-none-eabi/9.3.1/thumb/v7-m/nofp\libgcc.a(_arm_fixunsdfsi.o)
                0x0000000008000a9c                __aeabi_d2uiz
                0x0000000008000a9c                __fixunsdfsi
 *(.text*)
 .text.Ringbuf_init
                0x0000000008000adc       0x38 Core/Src/UartRingbuffer.o
                0x0000000008000adc                Ringbuf_init
 .text.store_char
                0x0000000008000b14       0x16 Core/Src/UartRingbuffer.o
                0x0000000008000b14                store_char
 *fill*         0x0000000008000b2a        0x2 
 .text.Uart_read
                0x0000000008000b2c       0x28 Core/Src/UartRingbuffer.o
                0x0000000008000b2c                Uart_read
 .text.IsDataAvailable
                0x0000000008000b54       0x14 Core/Src/UartRingbuffer.o
                0x0000000008000b54                IsDataAvailable
 .text.Get_string
                0x0000000008000b68       0x5c Core/Src/UartRingbuffer.o
                0x0000000008000b68                Get_string
 .text.wait_until
                0x0000000008000bc4       0x6c Core/Src/UartRingbuffer.o
                0x0000000008000bc4                wait_until
 .text.Uart_isr
                0x0000000008000c30       0x54 Core/Src/UartRingbuffer.o
                0x0000000008000c30                Uart_isr
 .text.waitforDRDY
                0x0000000008000c84       0x18 Core/Src/ads1256.o
                0x0000000008000c84                waitforDRDY
 .text.HAL_GPIO_EXTI_Callback
                0x0000000008000c9c       0x10 Core/Src/ads1256.o
                0x0000000008000c9c                HAL_GPIO_EXTI_Callback
 .text.ADS1256_Reset
                0x0000000008000cac       0x60 Core/Src/ads1256.o
                0x0000000008000cac                ADS1256_Reset
 .text.GetRegisterValue
                0x0000000008000d0c       0x74 Core/Src/ads1256.o
                0x0000000008000d0c                GetRegisterValue
 .text.SendCMD  0x0000000008000d80       0x48 Core/Src/ads1256.o
                0x0000000008000d80                SendCMD
 .text.SetRegisterValue
                0x0000000008000dc8       0xc8 Core/Src/ads1256.o
                0x0000000008000dc8                SetRegisterValue
 .text.initADS  0x0000000008000e90      0x148 Core/Src/ads1256.o
                0x0000000008000e90                initADS
 .text.read_Value
                0x0000000008000fd8       0xd4 Core/Src/ads1256.o
                0x0000000008000fd8                read_Value
 .text.SPI_TxByte
                0x00000000080010ac       0x2c Core/Src/fatfs_sd.o
 .text.SELECT   0x00000000080010d8       0x10 Core/Src/fatfs_sd.o
 .text.DESELECT
                0x00000000080010e8       0x10 Core/Src/fatfs_sd.o
 .text.SPI_RxByte
                0x00000000080010f8       0x3c Core/Src/fatfs_sd.o
 .text.SD_PowerOn
                0x0000000008001134       0x5c Core/Src/fatfs_sd.o
 .text.SD_ReadyWait
                0x0000000008001190       0x20 Core/Src/fatfs_sd.o
 .text.SD_TxDataBlock
                0x00000000080011b0       0x70 Core/Src/fatfs_sd.o
 .text.SD_SendCmd
                0x0000000008001220       0x64 Core/Src/fatfs_sd.o
 .text.SD_RxDataBlock
                0x0000000008001284       0x54 Core/Src/fatfs_sd.o
 .text.SD_disk_initialize
                0x00000000080012d8      0x158 Core/Src/fatfs_sd.o
                0x00000000080012d8                SD_disk_initialize
 .text.SD_disk_status
                0x0000000008001430       0x14 Core/Src/fatfs_sd.o
                0x0000000008001430                SD_disk_status
 .text.SD_disk_read
                0x0000000008001444       0x8c Core/Src/fatfs_sd.o
                0x0000000008001444                SD_disk_read
 .text.SD_disk_write
                0x00000000080014d0       0xb0 Core/Src/fatfs_sd.o
                0x00000000080014d0                SD_disk_write
 .text.SD_disk_ioctl
                0x0000000008001580      0x148 Core/Src/fatfs_sd.o
                0x0000000008001580                SD_disk_ioctl
 .text.bufsize  0x00000000080016c8       0x10 Core/Src/file_handling.o
                0x00000000080016c8                bufsize
 .text.clear_buffer
                0x00000000080016d8       0x18 Core/Src/file_handling.o
                0x00000000080016d8                clear_buffer
 .text.clear_buffer_SD
                0x00000000080016f0       0x18 Core/Src/file_handling.o
                0x00000000080016f0                clear_buffer_SD
 .text.clear_path
                0x0000000008001708       0x18 Core/Src/file_handling.o
                0x0000000008001708                clear_path
 .text.send_uart
                0x0000000008001720       0x20 Core/Src/file_handling.o
                0x0000000008001720                send_uart
 .text.cmdlength
                0x0000000008001740       0x10 Core/Src/file_handling.o
                0x0000000008001740                cmdlength
 .text.get_path
                0x0000000008001750       0x34 Core/Src/file_handling.o
                0x0000000008001750                get_path
 .text.mount_sd
                0x0000000008001784       0x34 Core/Src/file_handling.o
                0x0000000008001784                mount_sd
 .text.scan_files
                0x00000000080017b8       0xc4 Core/Src/file_handling.o
                0x00000000080017b8                scan_files
 .text.write_file
                0x000000000800187c       0xe8 Core/Src/file_handling.o
                0x000000000800187c                write_file
 .text.write_file_mod
                0x0000000008001964       0x50 Core/Src/file_handling.o
                0x0000000008001964                write_file_mod
 .text.read_file
                0x00000000080019b4       0xc0 Core/Src/file_handling.o
                0x00000000080019b4                read_file
 .text.create_file
                0x0000000008001a74       0x8c Core/Src/file_handling.o
                0x0000000008001a74                create_file
 .text.create_file_mod
                0x0000000008001b00       0x94 Core/Src/file_handling.o
                0x0000000008001b00                create_file_mod
 .text.close_file
                0x0000000008001b94       0x38 Core/Src/file_handling.o
                0x0000000008001b94                close_file
 .text.remove_file
                0x0000000008001bcc       0x50 Core/Src/file_handling.o
                0x0000000008001bcc                remove_file
 .text.create_dir
                0x0000000008001c1c       0x38 Core/Src/file_handling.o
                0x0000000008001c1c                create_dir
 .text.check_sd
                0x0000000008001c54       0x9c Core/Src/file_handling.o
                0x0000000008001c54                check_sd
 .text.check_file
                0x0000000008001cf0       0xd8 Core/Src/file_handling.o
                0x0000000008001cf0                check_file
 .text.update_file
                0x0000000008001dc8       0xe8 Core/Src/file_handling.o
                0x0000000008001dc8                update_file
 .text.GetMicros
                0x0000000008001eb0       0x34 Core/Src/main.o
 .text.SystemClock_Config
                0x0000000008001ee4       0x62 Core/Src/main.o
                0x0000000008001ee4                SystemClock_Config
 *fill*         0x0000000008001f46        0x2 
 .text.delayMicroseconds
                0x0000000008001f48       0x14 Core/Src/main.o
                0x0000000008001f48                delayMicroseconds
 .text.startup.main
                0x0000000008001f5c      0x89c Core/Src/main.o
                0x0000000008001f5c                main
 .text.HAL_MspInit
                0x00000000080027f8       0x44 Core/Src/stm32f1xx_hal_msp.o
                0x00000000080027f8                HAL_MspInit
 .text.HAL_I2C_MspInit
                0x000000000800283c       0x64 Core/Src/stm32f1xx_hal_msp.o
                0x000000000800283c                HAL_I2C_MspInit
 .text.HAL_SPI_MspInit
                0x00000000080028a0       0xd4 Core/Src/stm32f1xx_hal_msp.o
                0x00000000080028a0                HAL_SPI_MspInit
 .text.HAL_TIM_Base_MspInit
                0x0000000008002974       0x24 Core/Src/stm32f1xx_hal_msp.o
                0x0000000008002974                HAL_TIM_Base_MspInit
 .text.HAL_UART_MspInit
                0x0000000008002998       0x88 Core/Src/stm32f1xx_hal_msp.o
                0x0000000008002998                HAL_UART_MspInit
 .text.SDTimer_Handler
                0x0000000008002a20       0x28 Core/Src/stm32f1xx_it.o
                0x0000000008002a20                SDTimer_Handler
 .text.NMI_Handler
                0x0000000008002a48        0x2 Core/Src/stm32f1xx_it.o
                0x0000000008002a48                NMI_Handler
 .text.HardFault_Handler
                0x0000000008002a4a        0x2 Core/Src/stm32f1xx_it.o
                0x0000000008002a4a                HardFault_Handler
 .text.MemManage_Handler
                0x0000000008002a4c        0x2 Core/Src/stm32f1xx_it.o
                0x0000000008002a4c                MemManage_Handler
 .text.BusFault_Handler
                0x0000000008002a4e        0x2 Core/Src/stm32f1xx_it.o
                0x0000000008002a4e                BusFault_Handler
 .text.UsageFault_Handler
                0x0000000008002a50        0x2 Core/Src/stm32f1xx_it.o
                0x0000000008002a50                UsageFault_Handler
 .text.SVC_Handler
                0x0000000008002a52        0x2 Core/Src/stm32f1xx_it.o
                0x0000000008002a52                SVC_Handler
 .text.DebugMon_Handler
                0x0000000008002a54        0x2 Core/Src/stm32f1xx_it.o
                0x0000000008002a54                DebugMon_Handler
 .text.PendSV_Handler
                0x0000000008002a56        0x2 Core/Src/stm32f1xx_it.o
                0x0000000008002a56                PendSV_Handler
 .text.SysTick_Handler
                0x0000000008002a58       0x34 Core/Src/stm32f1xx_it.o
                0x0000000008002a58                SysTick_Handler
 .text.EXTI0_IRQHandler
                0x0000000008002a8c        0x6 Core/Src/stm32f1xx_it.o
                0x0000000008002a8c                EXTI0_IRQHandler
 *fill*         0x0000000008002a92        0x2 
 .text.USART1_IRQHandler
                0x0000000008002a94        0xc Core/Src/stm32f1xx_it.o
                0x0000000008002a94                USART1_IRQHandler
 .text._getpid  0x0000000008002aa0        0x4 Core/Src/syscalls.o
                0x0000000008002aa0                _getpid
 .text._kill    0x0000000008002aa4       0x10 Core/Src/syscalls.o
                0x0000000008002aa4                _kill
 .text._exit    0x0000000008002ab4        0xc Core/Src/syscalls.o
                0x0000000008002ab4                _exit
 .text._read    0x0000000008002ac0       0x1a Core/Src/syscalls.o
                0x0000000008002ac0                _read
 .text._write   0x0000000008002ada       0x1a Core/Src/syscalls.o
                0x0000000008002ada                _write
 .text._close   0x0000000008002af4        0x6 Core/Src/syscalls.o
                0x0000000008002af4                _close
 .text._fstat   0x0000000008002afa        0xa Core/Src/syscalls.o
                0x0000000008002afa                _fstat
 .text._isatty  0x0000000008002b04        0x4 Core/Src/syscalls.o
                0x0000000008002b04                _isatty
 .text._lseek   0x0000000008002b08        0x4 Core/Src/syscalls.o
                0x0000000008002b08                _lseek
 .text._sbrk    0x0000000008002b0c       0x40 Core/Src/sysmem.o
                0x0000000008002b0c                _sbrk
 .text.SystemInit
                0x0000000008002b4c        0x2 Core/Src/system_stm32f1xx.o
                0x0000000008002b4c                SystemInit
 *fill*         0x0000000008002b4e        0x2 
 .text.Reset_Handler
                0x0000000008002b50       0x48 Core/Startup/startup_stm32f103c8tx.o
                0x0000000008002b50                Reset_Handler
 .text.Default_Handler
                0x0000000008002b98        0x2 Core/Startup/startup_stm32f103c8tx.o
                0x0000000008002b98                RTC_Alarm_IRQHandler
                0x0000000008002b98                EXTI2_IRQHandler
                0x0000000008002b98                TIM1_CC_IRQHandler
                0x0000000008002b98                PVD_IRQHandler
                0x0000000008002b98                EXTI3_IRQHandler
                0x0000000008002b98                I2C2_EV_IRQHandler
                0x0000000008002b98                ADC1_2_IRQHandler
                0x0000000008002b98                SPI1_IRQHandler
                0x0000000008002b98                TAMPER_IRQHandler
                0x0000000008002b98                DMA1_Channel4_IRQHandler
                0x0000000008002b98                USART3_IRQHandler
                0x0000000008002b98                RTC_IRQHandler
                0x0000000008002b98                DMA1_Channel7_IRQHandler
                0x0000000008002b98                CAN1_RX1_IRQHandler
                0x0000000008002b98                TIM4_IRQHandler
                0x0000000008002b98                I2C1_EV_IRQHandler
                0x0000000008002b98                DMA1_Channel6_IRQHandler
                0x0000000008002b98                TIM3_IRQHandler
                0x0000000008002b98                RCC_IRQHandler
                0x0000000008002b98                TIM1_TRG_COM_IRQHandler
                0x0000000008002b98                DMA1_Channel1_IRQHandler
                0x0000000008002b98                Default_Handler
                0x0000000008002b98                EXTI15_10_IRQHandler
                0x0000000008002b98                EXTI9_5_IRQHandler
                0x0000000008002b98                SPI2_IRQHandler
                0x0000000008002b98                DMA1_Channel5_IRQHandler
                0x0000000008002b98                EXTI4_IRQHandler
                0x0000000008002b98                USB_LP_CAN1_RX0_IRQHandler
                0x0000000008002b98                USB_HP_CAN1_TX_IRQHandler
                0x0000000008002b98                DMA1_Channel3_IRQHandler
                0x0000000008002b98                TIM1_UP_IRQHandler
                0x0000000008002b98                WWDG_IRQHandler
                0x0000000008002b98                TIM2_IRQHandler
                0x0000000008002b98                TIM1_BRK_IRQHandler
                0x0000000008002b98                EXTI1_IRQHandler
                0x0000000008002b98                USART2_IRQHandler
                0x0000000008002b98                I2C2_ER_IRQHandler
                0x0000000008002b98                DMA1_Channel2_IRQHandler
                0x0000000008002b98                CAN1_SCE_IRQHandler
                0x0000000008002b98                FLASH_IRQHandler
                0x0000000008002b98                I2C1_ER_IRQHandler
                0x0000000008002b98                USBWakeUp_IRQHandler
 *fill*         0x0000000008002b9a        0x2 
 .text.HAL_InitTick
                0x0000000008002b9c       0x48 Drivers/STM32F1xx_HAL_Driver/Src/stm32f1xx_hal.o
                0x0000000008002b9c                HAL_InitTick
 .text.HAL_Init
                0x0000000008002be4       0x24 Drivers/STM32F1xx_HAL_Driver/Src/stm32f1xx_hal.o
                0x0000000008002be4                HAL_Init
 .text.HAL_IncTick
                0x0000000008002c08       0x18 Drivers/STM32F1xx_HAL_Driver/Src/stm32f1xx_hal.o
                0x0000000008002c08                HAL_IncTick
 .text.HAL_GetTick
                0x0000000008002c20        0xc Drivers/STM32F1xx_HAL_Driver/Src/stm32f1xx_hal.o
                0x0000000008002c20                HAL_GetTick
 .text.HAL_Delay
                0x0000000008002c2c       0x24 Drivers/STM32F1xx_HAL_Driver/Src/stm32f1xx_hal.o
                0x0000000008002c2c                HAL_Delay
 .text.HAL_NVIC_SetPriorityGrouping
                0x0000000008002c50       0x24 Drivers/STM32F1xx_HAL_Driver/Src/stm32f1xx_hal_cortex.o
                0x0000000008002c50                HAL_NVIC_SetPriorityGrouping
 .text.HAL_NVIC_SetPriority
                0x0000000008002c74       0x64 Drivers/STM32F1xx_HAL_Driver/Src/stm32f1xx_hal_cortex.o
                0x0000000008002c74                HAL_NVIC_SetPriority
 .text.HAL_NVIC_EnableIRQ
                0x0000000008002cd8       0x1c Drivers/STM32F1xx_HAL_Driver/Src/stm32f1xx_hal_cortex.o
                0x0000000008002cd8                HAL_NVIC_EnableIRQ
 .text.HAL_SYSTICK_Config
                0x0000000008002cf4       0x2c Drivers/STM32F1xx_HAL_Driver/Src/stm32f1xx_hal_cortex.o
                0x0000000008002cf4                HAL_SYSTICK_Config
 .text.HAL_GPIO_Init
                0x0000000008002d20      0x1b8 Drivers/STM32F1xx_HAL_Driver/Src/stm32f1xx_hal_gpio.o
                0x0000000008002d20                HAL_GPIO_Init
 .text.HAL_GPIO_WritePin
                0x0000000008002ed8        0xa Drivers/STM32F1xx_HAL_Driver/Src/stm32f1xx_hal_gpio.o
                0x0000000008002ed8                HAL_GPIO_WritePin
 *fill*         0x0000000008002ee2        0x2 
 .text.HAL_GPIO_EXTI_IRQHandler
                0x0000000008002ee4       0x18 Drivers/STM32F1xx_HAL_Driver/Src/stm32f1xx_hal_gpio.o
                0x0000000008002ee4                HAL_GPIO_EXTI_IRQHandler
 .text.HAL_I2C_Init
                0x0000000008002efc      0x150 Drivers/STM32F1xx_HAL_Driver/Src/stm32f1xx_hal_i2c.o
                0x0000000008002efc                HAL_I2C_Init
 .text.HAL_RCC_OscConfig
                0x000000000800304c      0x338 Drivers/STM32F1xx_HAL_Driver/Src/stm32f1xx_hal_rcc.o
                0x000000000800304c                HAL_RCC_OscConfig
 .text.HAL_RCC_GetSysClockFreq
                0x0000000008003384       0x74 Drivers/STM32F1xx_HAL_Driver/Src/stm32f1xx_hal_rcc.o
                0x0000000008003384                HAL_RCC_GetSysClockFreq
 .text.HAL_RCC_ClockConfig
                0x00000000080033f8      0x138 Drivers/STM32F1xx_HAL_Driver/Src/stm32f1xx_hal_rcc.o
                0x00000000080033f8                HAL_RCC_ClockConfig
 .text.HAL_RCC_GetPCLK1Freq
                0x0000000008003530       0x20 Drivers/STM32F1xx_HAL_Driver/Src/stm32f1xx_hal_rcc.o
                0x0000000008003530                HAL_RCC_GetPCLK1Freq
 .text.HAL_RCC_GetPCLK2Freq
                0x0000000008003550       0x20 Drivers/STM32F1xx_HAL_Driver/Src/stm32f1xx_hal_rcc.o
                0x0000000008003550                HAL_RCC_GetPCLK2Freq
 .text.SPI_WaitFlagStateUntilTimeout.constprop.0
                0x0000000008003570       0xac Drivers/STM32F1xx_HAL_Driver/Src/stm32f1xx_hal_spi.o
 .text.SPI_EndRxTransaction
                0x000000000800361c       0x4e Drivers/STM32F1xx_HAL_Driver/Src/stm32f1xx_hal_spi.o
 .text.SPI_EndRxTxTransaction
                0x000000000800366a       0x1c Drivers/STM32F1xx_HAL_Driver/Src/stm32f1xx_hal_spi.o
 .text.HAL_SPI_Init
                0x0000000008003686       0xb0 Drivers/STM32F1xx_HAL_Driver/Src/stm32f1xx_hal_spi.o
                0x0000000008003686                HAL_SPI_Init
 .text.HAL_SPI_Transmit
                0x0000000008003736      0x15a Drivers/STM32F1xx_HAL_Driver/Src/stm32f1xx_hal_spi.o
                0x0000000008003736                HAL_SPI_Transmit
 .text.HAL_SPI_TransmitReceive
                0x0000000008003890      0x1de Drivers/STM32F1xx_HAL_Driver/Src/stm32f1xx_hal_spi.o
                0x0000000008003890                HAL_SPI_TransmitReceive
 .text.HAL_SPI_Receive
                0x0000000008003a6e      0x136 Drivers/STM32F1xx_HAL_Driver/Src/stm32f1xx_hal_spi.o
                0x0000000008003a6e                HAL_SPI_Receive
 .text.HAL_SPI_GetState
                0x0000000008003ba4        0x6 Drivers/STM32F1xx_HAL_Driver/Src/stm32f1xx_hal_spi.o
                0x0000000008003ba4                HAL_SPI_GetState
 *fill*         0x0000000008003baa        0x2 
 .text.HAL_TIM_Base_Start
                0x0000000008003bac       0x4c Drivers/STM32F1xx_HAL_Driver/Src/stm32f1xx_hal_tim.o
                0x0000000008003bac                HAL_TIM_Base_Start
 .text.TIM_Base_SetConfig
                0x0000000008003bf8       0x70 Drivers/STM32F1xx_HAL_Driver/Src/stm32f1xx_hal_tim.o
                0x0000000008003bf8                TIM_Base_SetConfig
 .text.HAL_TIM_Base_Init
                0x0000000008003c68       0x58 Drivers/STM32F1xx_HAL_Driver/Src/stm32f1xx_hal_tim.o
                0x0000000008003c68                HAL_TIM_Base_Init
 .text.TIM_ETR_SetConfig
                0x0000000008003cc0       0x14 Drivers/STM32F1xx_HAL_Driver/Src/stm32f1xx_hal_tim.o
                0x0000000008003cc0                TIM_ETR_SetConfig
 .text.HAL_TIM_ConfigClockSource
                0x0000000008003cd4      0x128 Drivers/STM32F1xx_HAL_Driver/Src/stm32f1xx_hal_tim.o
                0x0000000008003cd4                HAL_TIM_ConfigClockSource
 .text.HAL_TIMEx_MasterConfigSynchronization
                0x0000000008003dfc       0x5c Drivers/STM32F1xx_HAL_Driver/Src/stm32f1xx_hal_tim_ex.o
                0x0000000008003dfc                HAL_TIMEx_MasterConfigSynchronization
 .text.UART_SetConfig
                0x0000000008003e58       0x74 Drivers/STM32F1xx_HAL_Driver/Src/stm32f1xx_hal_uart.o
 .text.UART_WaitOnFlagUntilTimeout.constprop.0
                0x0000000008003ecc       0x50 Drivers/STM32F1xx_HAL_Driver/Src/stm32f1xx_hal_uart.o
 .text.HAL_UART_Init
                0x0000000008003f1c       0x5c Drivers/STM32F1xx_HAL_Driver/Src/stm32f1xx_hal_uart.o
                0x0000000008003f1c                HAL_UART_Init
 .text.HAL_UART_Transmit
                0x0000000008003f78       0xaa Drivers/STM32F1xx_HAL_Driver/Src/stm32f1xx_hal_uart.o
                0x0000000008003f78                HAL_UART_Transmit
 *fill*         0x0000000008004022        0x2 
 .text.MX_FATFS_Init
                0x0000000008004024       0x1c FATFS/App/fatfs.o
                0x0000000008004024                MX_FATFS_Init
 .text.get_fattime
                0x0000000008004040        0x4 FATFS/App/fatfs.o
                0x0000000008004040                get_fattime
 .text.USER_initialize
                0x0000000008004044        0x4 FATFS/Target/user_diskio.o
                0x0000000008004044                USER_initialize
 .text.USER_status
                0x0000000008004048        0x4 FATFS/Target/user_diskio.o
                0x0000000008004048                USER_status
 .text.USER_read
                0x000000000800404c        0x4 FATFS/Target/user_diskio.o
                0x000000000800404c                USER_read
 .text.USER_write
                0x0000000008004050        0x4 FATFS/Target/user_diskio.o
                0x0000000008004050                USER_write
 .text.USER_ioctl
                0x0000000008004054        0x4 FATFS/Target/user_diskio.o
                0x0000000008004054                USER_ioctl
 .text.disk_status
                0x0000000008004058       0x14 Middlewares/Third_Party/FatFs/src/diskio.o
                0x0000000008004058                disk_status
 .text.disk_initialize
                0x000000000800406c       0x20 Middlewares/Third_Party/FatFs/src/diskio.o
                0x000000000800406c                disk_initialize
 .text.disk_read
                0x000000000800408c       0x1c Middlewares/Third_Party/FatFs/src/diskio.o
                0x000000000800408c                disk_read
 .text.disk_write
                0x00000000080040a8       0x1c Middlewares/Third_Party/FatFs/src/diskio.o
                0x00000000080040a8                disk_write
 .text.disk_ioctl
                0x00000000080040c4       0x18 Middlewares/Third_Party/FatFs/src/diskio.o
                0x00000000080040c4                disk_ioctl
 .text.mem_cpy  0x00000000080040dc       0x14 Middlewares/Third_Party/FatFs/src/ff.o
 .text.mem_set  0x00000000080040f0        0xe Middlewares/Third_Party/FatFs/src/ff.o
 *fill*         0x00000000080040fe        0x2 
 .text.chk_lock
                0x0000000008004100       0x84 Middlewares/Third_Party/FatFs/src/ff.o
 .text.inc_lock
                0x0000000008004184       0x98 Middlewares/Third_Party/FatFs/src/ff.o
 .text.dec_lock
                0x000000000800421c       0x40 Middlewares/Third_Party/FatFs/src/ff.o
 .text.clmt_clust
                0x000000000800425c       0x2e Middlewares/Third_Party/FatFs/src/ff.o
 .text.sum_sfn  0x000000000800428a       0x1e Middlewares/Third_Party/FatFs/src/ff.o
 .text.get_ldnumber
                0x00000000080042a8       0x30 Middlewares/Third_Party/FatFs/src/ff.o
 .text.validate
                0x00000000080042d8       0x2e Middlewares/Third_Party/FatFs/src/ff.o
 .text.get_fileinfo
                0x0000000008004306       0xcc Middlewares/Third_Party/FatFs/src/ff.o
 .text.ld_clust.isra.0
                0x00000000080043d2       0x1c Middlewares/Third_Party/FatFs/src/ff.o
 .text.sync_window.part.0
                0x00000000080043ee       0x54 Middlewares/Third_Party/FatFs/src/ff.o
 .text.sync_window
                0x0000000008004442        0xe Middlewares/Third_Party/FatFs/src/ff.o
 .text.move_window
                0x0000000008004450       0x36 Middlewares/Third_Party/FatFs/src/ff.o
 *fill*         0x0000000008004486        0x2 
 .text.check_fs
                0x0000000008004488       0x58 Middlewares/Third_Party/FatFs/src/ff.o
 .text.find_volume
                0x00000000080044e0      0x2c0 Middlewares/Third_Party/FatFs/src/ff.o
 .text.sync_fs  0x00000000080047a0       0x84 Middlewares/Third_Party/FatFs/src/ff.o
 .text.clust2sect
                0x0000000008004824       0x1c Middlewares/Third_Party/FatFs/src/ff.o
                0x0000000008004824                clust2sect
 .text.get_fat  0x0000000008004840       0xfa Middlewares/Third_Party/FatFs/src/ff.o
                0x0000000008004840                get_fat
 .text.dir_sdi  0x000000000800493a       0xaa Middlewares/Third_Party/FatFs/src/ff.o
 .text.put_fat  0x00000000080049e4      0x12a Middlewares/Third_Party/FatFs/src/ff.o
                0x00000000080049e4                put_fat
 .text.create_chain
                0x0000000008004b0e       0xb2 Middlewares/Third_Party/FatFs/src/ff.o
 .text.dir_next
                0x0000000008004bc0      0x12c Middlewares/Third_Party/FatFs/src/ff.o
 .text.dir_find.part.0
                0x0000000008004cec      0x13c Middlewares/Third_Party/FatFs/src/ff.o
 .text.follow_path
                0x0000000008004e28      0x260 Middlewares/Third_Party/FatFs/src/ff.o
 .text.dir_register
                0x0000000008005088      0x2a0 Middlewares/Third_Party/FatFs/src/ff.o
 .text.dir_remove
                0x0000000008005328       0x68 Middlewares/Third_Party/FatFs/src/ff.o
 .text.dir_read.constprop.0
                0x0000000008005390      0x108 Middlewares/Third_Party/FatFs/src/ff.o
 .text.remove_chain
                0x0000000008005498       0x66 Middlewares/Third_Party/FatFs/src/ff.o
 *fill*         0x00000000080054fe        0x2 
 .text.f_mount  0x0000000008005500       0x6c Middlewares/Third_Party/FatFs/src/ff.o
                0x0000000008005500                f_mount
 .text.f_open   0x000000000800556c      0x1a4 Middlewares/Third_Party/FatFs/src/ff.o
                0x000000000800556c                f_open
 .text.f_read   0x0000000008005710      0x1b2 Middlewares/Third_Party/FatFs/src/ff.o
                0x0000000008005710                f_read
 .text.f_write  0x00000000080058c2      0x1f6 Middlewares/Third_Party/FatFs/src/ff.o
                0x00000000080058c2                f_write
 .text.f_sync   0x0000000008005ab8       0xc2 Middlewares/Third_Party/FatFs/src/ff.o
                0x0000000008005ab8                f_sync
 .text.f_close  0x0000000008005b7a       0x22 Middlewares/Third_Party/FatFs/src/ff.o
                0x0000000008005b7a                f_close
 .text.f_opendir
                0x0000000008005b9c       0xa4 Middlewares/Third_Party/FatFs/src/ff.o
                0x0000000008005b9c                f_opendir
 .text.f_closedir
                0x0000000008005c40       0x28 Middlewares/Third_Party/FatFs/src/ff.o
                0x0000000008005c40                f_closedir
 .text.f_readdir
                0x0000000008005c68       0x60 Middlewares/Third_Party/FatFs/src/ff.o
                0x0000000008005c68                f_readdir
 .text.f_stat   0x0000000008005cc8       0x54 Middlewares/Third_Party/FatFs/src/ff.o
                0x0000000008005cc8                f_stat
 .text.f_getfree
                0x0000000008005d1c       0xd4 Middlewares/Third_Party/FatFs/src/ff.o
                0x0000000008005d1c                f_getfree
 .text.f_unlink
                0x0000000008005df0       0xc0 Middlewares/Third_Party/FatFs/src/ff.o
                0x0000000008005df0                f_unlink
 .text.f_mkdir  0x0000000008005eb0      0x1d0 Middlewares/Third_Party/FatFs/src/ff.o
                0x0000000008005eb0                f_mkdir
 .text.FATFS_LinkDriverEx
                0x0000000008006080       0x44 Middlewares/Third_Party/FatFs/src/ff_gen_drv.o
                0x0000000008006080                FATFS_LinkDriverEx
 .text.FATFS_LinkDriver
                0x00000000080060c4        0x6 Middlewares/Third_Party/FatFs/src/ff_gen_drv.o
                0x00000000080060c4                FATFS_LinkDriver
 *fill*         0x00000000080060ca        0x2 
 .text.ff_convert
                0x00000000080060cc       0x3c Middlewares/Third_Party/FatFs/src/option/ccsbcs.o
                0x00000000080060cc                ff_convert
 .text.ff_wtoupper
                0x0000000008006108       0x24 Middlewares/Third_Party/FatFs/src/option/ccsbcs.o
                0x0000000008006108                ff_wtoupper
 .text.__errno  0x000000000800612c        0xc c:/st/stm32cubeide_1.5.0/stm32cubeide/plugins/com.st.stm32cube.ide.mcu.externaltools.gnu-tools-for-stm32.9-2020-q2-update.win32_1.5.0.202011040924/tools/bin/../lib/gcc/arm-none-eabi/9.3.1/../../../../arm-none-eabi/lib/thumb/v7-m/nofp\libc_nano.a(lib_a-errno.o)
                0x000000000800612c                __errno
 .text.__libc_init_array
                0x0000000008006138       0x48 c:/st/stm32cubeide_1.5.0/stm32cubeide/plugins/com.st.stm32cube.ide.mcu.externaltools.gnu-tools-for-stm32.9-2020-q2-update.win32_1.5.0.202011040924/tools/bin/../lib/gcc/arm-none-eabi/9.3.1/../../../../arm-none-eabi/lib/thumb/v7-m/nofp\libc_nano.a(lib_a-init.o)
                0x0000000008006138                __libc_init_array
 .text.memccpy  0x0000000008006180       0x1e c:/st/stm32cubeide_1.5.0/stm32cubeide/plugins/com.st.stm32cube.ide.mcu.externaltools.gnu-tools-for-stm32.9-2020-q2-update.win32_1.5.0.202011040924/tools/bin/../lib/gcc/arm-none-eabi/9.3.1/../../../../arm-none-eabi/lib/thumb/v7-m/nofp\libc_nano.a(lib_a-memccpy.o)
                0x0000000008006180                memccpy
 .text.memset   0x000000000800619e       0x10 c:/st/stm32cubeide_1.5.0/stm32cubeide/plugins/com.st.stm32cube.ide.mcu.externaltools.gnu-tools-for-stm32.9-2020-q2-update.win32_1.5.0.202011040924/tools/bin/../lib/gcc/arm-none-eabi/9.3.1/../../../../arm-none-eabi/lib/thumb/v7-m/nofp\libc_nano.a(lib_a-memset.o)
                0x000000000800619e                memset
 .text.__cvt    0x00000000080061ae       0xbe c:/st/stm32cubeide_1.5.0/stm32cubeide/plugins/com.st.stm32cube.ide.mcu.externaltools.gnu-tools-for-stm32.9-2020-q2-update.win32_1.5.0.202011040924/tools/bin/../lib/gcc/arm-none-eabi/9.3.1/../../../../arm-none-eabi/lib/thumb/v7-m/nofp\libc_nano.a(lib_a-nano-vfprintf_float.o)
                0x00000000080061ae                __cvt
 .text.__exponent
                0x000000000800626c       0x7c c:/st/stm32cubeide_1.5.0/stm32cubeide/plugins/com.st.stm32cube.ide.mcu.externaltools.gnu-tools-for-stm32.9-2020-q2-update.win32_1.5.0.202011040924/tools/bin/../lib/gcc/arm-none-eabi/9.3.1/../../../../arm-none-eabi/lib/thumb/v7-m/nofp\libc_nano.a(lib_a-nano-vfprintf_float.o)
                0x000000000800626c                __exponent
 .text._printf_float
                0x00000000080062e8      0x458 c:/st/stm32cubeide_1.5.0/stm32cubeide/plugins/com.st.stm32cube.ide.mcu.externaltools.gnu-tools-for-stm32.9-2020-q2-update.win32_1.5.0.202011040924/tools/bin/../lib/gcc/arm-none-eabi/9.3.1/../../../../arm-none-eabi/lib/thumb/v7-m/nofp\libc_nano.a(lib_a-nano-vfprintf_float.o)
                0x00000000080062e8                _printf_float
 .text._printf_common
                0x0000000008006740       0xde c:/st/stm32cubeide_1.5.0/stm32cubeide/plugins/com.st.stm32cube.ide.mcu.externaltools.gnu-tools-for-stm32.9-2020-q2-update.win32_1.5.0.202011040924/tools/bin/../lib/gcc/arm-none-eabi/9.3.1/../../../../arm-none-eabi/lib/thumb/v7-m/nofp\libc_nano.a(lib_a-nano-vfprintf_i.o)
                0x0000000008006740                _printf_common
 *fill*         0x000000000800681e        0x2 
 .text._printf_i
                0x0000000008006820      0x24c c:/st/stm32cubeide_1.5.0/stm32cubeide/plugins/com.st.stm32cube.ide.mcu.externaltools.gnu-tools-for-stm32.9-2020-q2-update.win32_1.5.0.202011040924/tools/bin/../lib/gcc/arm-none-eabi/9.3.1/../../../../arm-none-eabi/lib/thumb/v7-m/nofp\libc_nano.a(lib_a-nano-vfprintf_i.o)
                0x0000000008006820                _printf_i
 .text.sprintf  0x0000000008006a6c       0x40 c:/st/stm32cubeide_1.5.0/stm32cubeide/plugins/com.st.stm32cube.ide.mcu.externaltools.gnu-tools-for-stm32.9-2020-q2-update.win32_1.5.0.202011040924/tools/bin/../lib/gcc/arm-none-eabi/9.3.1/../../../../arm-none-eabi/lib/thumb/v7-m/nofp\libc_nano.a(lib_a-sprintf.o)
                0x0000000008006a6c                siprintf
                0x0000000008006a6c                sprintf
 .text.strcpy   0x0000000008006aac       0x10 c:/st/stm32cubeide_1.5.0/stm32cubeide/plugins/com.st.stm32cube.ide.mcu.externaltools.gnu-tools-for-stm32.9-2020-q2-update.win32_1.5.0.202011040924/tools/bin/../lib/gcc/arm-none-eabi/9.3.1/../../../../arm-none-eabi/lib/thumb/v7-m/nofp\libc_nano.a(lib_a-strcpy.o)
                0x0000000008006aac                strcpy
 .text.strncmp  0x0000000008006abc       0x24 c:/st/stm32cubeide_1.5.0/stm32cubeide/plugins/com.st.stm32cube.ide.mcu.externaltools.gnu-tools-for-stm32.9-2020-q2-update.win32_1.5.0.202011040924/tools/bin/../lib/gcc/arm-none-eabi/9.3.1/../../../../arm-none-eabi/lib/thumb/v7-m/nofp\libc_nano.a(lib_a-strncmp.o)
                0x0000000008006abc                strncmp
 .text.quorem   0x0000000008006ae0      0x11a c:/st/stm32cubeide_1.5.0/stm32cubeide/plugins/com.st.stm32cube.ide.mcu.externaltools.gnu-tools-for-stm32.9-2020-q2-update.win32_1.5.0.202011040924/tools/bin/../lib/gcc/arm-none-eabi/9.3.1/../../../../arm-none-eabi/lib/thumb/v7-m/nofp\libc_nano.a(lib_a-dtoa.o)
 *fill*         0x0000000008006bfa        0x6 
 .text._dtoa_r  0x0000000008006c00      0xbdc c:/st/stm32cubeide_1.5.0/stm32cubeide/plugins/com.st.stm32cube.ide.mcu.externaltools.gnu-tools-for-stm32.9-2020-q2-update.win32_1.5.0.202011040924/tools/bin/../lib/gcc/arm-none-eabi/9.3.1/../../../../arm-none-eabi/lib/thumb/v7-m/nofp\libc_nano.a(lib_a-dtoa.o)
                0x0000000008006c00                _dtoa_r
 .text._localeconv_r
                0x00000000080077dc        0x8 c:/st/stm32cubeide_1.5.0/stm32cubeide/plugins/com.st.stm32cube.ide.mcu.externaltools.gnu-tools-for-stm32.9-2020-q2-update.win32_1.5.0.202011040924/tools/bin/../lib/gcc/arm-none-eabi/9.3.1/../../../../arm-none-eabi/lib/thumb/v7-m/nofp\libc_nano.a(lib_a-localeconv.o)
                0x00000000080077dc                _localeconv_r
 .text.malloc   0x00000000080077e4       0x10 c:/st/stm32cubeide_1.5.0/stm32cubeide/plugins/com.st.stm32cube.ide.mcu.externaltools.gnu-tools-for-stm32.9-2020-q2-update.win32_1.5.0.202011040924/tools/bin/../lib/gcc/arm-none-eabi/9.3.1/../../../../arm-none-eabi/lib/thumb/v7-m/nofp\libc_nano.a(lib_a-malloc.o)
                0x00000000080077e4                malloc
 .text.memchr   0x00000000080077f4       0x1c c:/st/stm32cubeide_1.5.0/stm32cubeide/plugins/com.st.stm32cube.ide.mcu.externaltools.gnu-tools-for-stm32.9-2020-q2-update.win32_1.5.0.202011040924/tools/bin/../lib/gcc/arm-none-eabi/9.3.1/../../../../arm-none-eabi/lib/thumb/v7-m/nofp\libc_nano.a(lib_a-memchr-stub.o)
                0x00000000080077f4                memchr
 .text.memcpy   0x0000000008007810       0x1c c:/st/stm32cubeide_1.5.0/stm32cubeide/plugins/com.st.stm32cube.ide.mcu.externaltools.gnu-tools-for-stm32.9-2020-q2-update.win32_1.5.0.202011040924/tools/bin/../lib/gcc/arm-none-eabi/9.3.1/../../../../arm-none-eabi/lib/thumb/v7-m/nofp\libc_nano.a(lib_a-memcpy-stub.o)
                0x0000000008007810                memcpy
 .text._Balloc  0x000000000800782c       0x80 c:/st/stm32cubeide_1.5.0/stm32cubeide/plugins/com.st.stm32cube.ide.mcu.externaltools.gnu-tools-for-stm32.9-2020-q2-update.win32_1.5.0.202011040924/tools/bin/../lib/gcc/arm-none-eabi/9.3.1/../../../../arm-none-eabi/lib/thumb/v7-m/nofp\libc_nano.a(lib_a-mprec.o)
                0x000000000800782c                _Balloc
 .text._Bfree   0x00000000080078ac       0x44 c:/st/stm32cubeide_1.5.0/stm32cubeide/plugins/com.st.stm32cube.ide.mcu.externaltools.gnu-tools-for-stm32.9-2020-q2-update.win32_1.5.0.202011040924/tools/bin/../lib/gcc/arm-none-eabi/9.3.1/../../../../arm-none-eabi/lib/thumb/v7-m/nofp\libc_nano.a(lib_a-mprec.o)
                0x00000000080078ac                _Bfree
 .text.__multadd
                0x00000000080078f0       0x94 c:/st/stm32cubeide_1.5.0/stm32cubeide/plugins/com.st.stm32cube.ide.mcu.externaltools.gnu-tools-for-stm32.9-2020-q2-update.win32_1.5.0.202011040924/tools/bin/../lib/gcc/arm-none-eabi/9.3.1/../../../../arm-none-eabi/lib/thumb/v7-m/nofp\libc_nano.a(lib_a-mprec.o)
                0x00000000080078f0                __multadd
 .text.__hi0bits
                0x0000000008007984       0x40 c:/st/stm32cubeide_1.5.0/stm32cubeide/plugins/com.st.stm32cube.ide.mcu.externaltools.gnu-tools-for-stm32.9-2020-q2-update.win32_1.5.0.202011040924/tools/bin/../lib/gcc/arm-none-eabi/9.3.1/../../../../arm-none-eabi/lib/thumb/v7-m/nofp\libc_nano.a(lib_a-mprec.o)
                0x0000000008007984                __hi0bits
 .text.__lo0bits
                0x00000000080079c4       0x5c c:/st/stm32cubeide_1.5.0/stm32cubeide/plugins/com.st.stm32cube.ide.mcu.externaltools.gnu-tools-for-stm32.9-2020-q2-update.win32_1.5.0.202011040924/tools/bin/../lib/gcc/arm-none-eabi/9.3.1/../../../../arm-none-eabi/lib/thumb/v7-m/nofp\libc_nano.a(lib_a-mprec.o)
                0x00000000080079c4                __lo0bits
 .text.__i2b    0x0000000008007a20       0x2c c:/st/stm32cubeide_1.5.0/stm32cubeide/plugins/com.st.stm32cube.ide.mcu.externaltools.gnu-tools-for-stm32.9-2020-q2-update.win32_1.5.0.202011040924/tools/bin/../lib/gcc/arm-none-eabi/9.3.1/../../../../arm-none-eabi/lib/thumb/v7-m/nofp\libc_nano.a(lib_a-mprec.o)
                0x0000000008007a20                __i2b
 .text.__multiply
                0x0000000008007a4c      0x148 c:/st/stm32cubeide_1.5.0/stm32cubeide/plugins/com.st.stm32cube.ide.mcu.externaltools.gnu-tools-for-stm32.9-2020-q2-update.win32_1.5.0.202011040924/tools/bin/../lib/gcc/arm-none-eabi/9.3.1/../../../../arm-none-eabi/lib/thumb/v7-m/nofp\libc_nano.a(lib_a-mprec.o)
                0x0000000008007a4c                __multiply
 .text.__pow5mult
                0x0000000008007b94       0xb4 c:/st/stm32cubeide_1.5.0/stm32cubeide/plugins/com.st.stm32cube.ide.mcu.externaltools.gnu-tools-for-stm32.9-2020-q2-update.win32_1.5.0.202011040924/tools/bin/../lib/gcc/arm-none-eabi/9.3.1/../../../../arm-none-eabi/lib/thumb/v7-m/nofp\libc_nano.a(lib_a-mprec.o)
                0x0000000008007b94                __pow5mult
 .text.__lshift
                0x0000000008007c48       0xd8 c:/st/stm32cubeide_1.5.0/stm32cubeide/plugins/com.st.stm32cube.ide.mcu.externaltools.gnu-tools-for-stm32.9-2020-q2-update.win32_1.5.0.202011040924/tools/bin/../lib/gcc/arm-none-eabi/9.3.1/../../../../arm-none-eabi/lib/thumb/v7-m/nofp\libc_nano.a(lib_a-mprec.o)
                0x0000000008007c48                __lshift
 .text.__mcmp   0x0000000008007d20       0x36 c:/st/stm32cubeide_1.5.0/stm32cubeide/plugins/com.st.stm32cube.ide.mcu.externaltools.gnu-tools-for-stm32.9-2020-q2-update.win32_1.5.0.202011040924/tools/bin/../lib/gcc/arm-none-eabi/9.3.1/../../../../arm-none-eabi/lib/thumb/v7-m/nofp\libc_nano.a(lib_a-mprec.o)
                0x0000000008007d20                __mcmp
 *fill*         0x0000000008007d56        0x2 
 .text.__mdiff  0x0000000008007d58      0x120 c:/st/stm32cubeide_1.5.0/stm32cubeide/plugins/com.st.stm32cube.ide.mcu.externaltools.gnu-tools-for-stm32.9-2020-q2-update.win32_1.5.0.202011040924/tools/bin/../lib/gcc/arm-none-eabi/9.3.1/../../../../arm-none-eabi/lib/thumb/v7-m/nofp\libc_nano.a(lib_a-mprec.o)
                0x0000000008007d58                __mdiff
 .text.__d2b    0x0000000008007e78       0xb8 c:/st/stm32cubeide_1.5.0/stm32cubeide/plugins/com.st.stm32cube.ide.mcu.externaltools.gnu-tools-for-stm32.9-2020-q2-update.win32_1.5.0.202011040924/tools/bin/../lib/gcc/arm-none-eabi/9.3.1/../../../../arm-none-eabi/lib/thumb/v7-m/nofp\libc_nano.a(lib_a-mprec.o)
                0x0000000008007e78                __d2b
 .text._calloc_r
                0x0000000008007f30       0x1c c:/st/stm32cubeide_1.5.0/stm32cubeide/plugins/com.st.stm32cube.ide.mcu.externaltools.gnu-tools-for-stm32.9-2020-q2-update.win32_1.5.0.202011040924/tools/bin/../lib/gcc/arm-none-eabi/9.3.1/../../../../arm-none-eabi/lib/thumb/v7-m/nofp\libc_nano.a(lib_a-nano-callocr.o)
                0x0000000008007f30                _calloc_r
 .text._free_r  0x0000000008007f4c       0x98 c:/st/stm32cubeide_1.5.0/stm32cubeide/plugins/com.st.stm32cube.ide.mcu.externaltools.gnu-tools-for-stm32.9-2020-q2-update.win32_1.5.0.202011040924/tools/bin/../lib/gcc/arm-none-eabi/9.3.1/../../../../arm-none-eabi/lib/thumb/v7-m/nofp\libc_nano.a(lib_a-nano-freer.o)
                0x0000000008007f4c                _free_r
 .text._malloc_r
                0x0000000008007fe4       0xb4 c:/st/stm32cubeide_1.5.0/stm32cubeide/plugins/com.st.stm32cube.ide.mcu.externaltools.gnu-tools-for-stm32.9-2020-q2-update.win32_1.5.0.202011040924/tools/bin/../lib/gcc/arm-none-eabi/9.3.1/../../../../arm-none-eabi/lib/thumb/v7-m/nofp\libc_nano.a(lib_a-nano-mallocr.o)
                0x0000000008007fe4                _malloc_r
 .text.__ssputs_r
                0x0000000008008098       0xb6 c:/st/stm32cubeide_1.5.0/stm32cubeide/plugins/com.st.stm32cube.ide.mcu.externaltools.gnu-tools-for-stm32.9-2020-q2-update.win32_1.5.0.202011040924/tools/bin/../lib/gcc/arm-none-eabi/9.3.1/../../../../arm-none-eabi/lib/thumb/v7-m/nofp\libc_nano.a(lib_a-nano-svfprintf.o)
                0x0000000008008098                __ssputs_r
 *fill*         0x000000000800814e        0x2 
 .text._svfprintf_r
                0x0000000008008150      0x200 c:/st/stm32cubeide_1.5.0/stm32cubeide/plugins/com.st.stm32cube.ide.mcu.externaltools.gnu-tools-for-stm32.9-2020-q2-update.win32_1.5.0.202011040924/tools/bin/../lib/gcc/arm-none-eabi/9.3.1/../../../../arm-none-eabi/lib/thumb/v7-m/nofp\libc_nano.a(lib_a-nano-svfprintf.o)
                0x0000000008008150                _svfiprintf_r
                0x0000000008008150                _svfprintf_r
 .text._sbrk_r  0x0000000008008350       0x20 c:/st/stm32cubeide_1.5.0/stm32cubeide/plugins/com.st.stm32cube.ide.mcu.externaltools.gnu-tools-for-stm32.9-2020-q2-update.win32_1.5.0.202011040924/tools/bin/../lib/gcc/arm-none-eabi/9.3.1/../../../../arm-none-eabi/lib/thumb/v7-m/nofp\libc_nano.a(lib_a-sbrkr.o)
                0x0000000008008350                _sbrk_r
 .text.__assert_func
                0x0000000008008370       0x3c c:/st/stm32cubeide_1.5.0/stm32cubeide/plugins/com.st.stm32cube.ide.mcu.externaltools.gnu-tools-for-stm32.9-2020-q2-update.win32_1.5.0.202011040924/tools/bin/../lib/gcc/arm-none-eabi/9.3.1/../../../../arm-none-eabi/lib/thumb/v7-m/nofp\libc_nano.a(lib_a-assert.o)
                0x0000000008008370                __assert_func
 .text.fprintf  0x00000000080083ac       0x24 c:/st/stm32cubeide_1.5.0/stm32cubeide/plugins/com.st.stm32cube.ide.mcu.externaltools.gnu-tools-for-stm32.9-2020-q2-update.win32_1.5.0.202011040924/tools/bin/../lib/gcc/arm-none-eabi/9.3.1/../../../../arm-none-eabi/lib/thumb/v7-m/nofp\libc_nano.a(lib_a-fprintf.o)
                0x00000000080083ac                fiprintf
                0x00000000080083ac                fprintf
 .text.__ascii_mbtowc
                0x00000000080083d0       0x24 c:/st/stm32cubeide_1.5.0/stm32cubeide/plugins/com.st.stm32cube.ide.mcu.externaltools.gnu-tools-for-stm32.9-2020-q2-update.win32_1.5.0.202011040924/tools/bin/../lib/gcc/arm-none-eabi/9.3.1/../../../../arm-none-eabi/lib/thumb/v7-m/nofp\libc_nano.a(lib_a-mbtowc_r.o)
                0x00000000080083d0                __ascii_mbtowc
 .text.memmove  0x00000000080083f4       0x34 c:/st/stm32cubeide_1.5.0/stm32cubeide/plugins/com.st.stm32cube.ide.mcu.externaltools.gnu-tools-for-stm32.9-2020-q2-update.win32_1.5.0.202011040924/tools/bin/../lib/gcc/arm-none-eabi/9.3.1/../../../../arm-none-eabi/lib/thumb/v7-m/nofp\libc_nano.a(lib_a-memmove.o)
                0x00000000080083f4                memmove
 .text.__malloc_lock
                0x0000000008008428        0xc c:/st/stm32cubeide_1.5.0/stm32cubeide/plugins/com.st.stm32cube.ide.mcu.externaltools.gnu-tools-for-stm32.9-2020-q2-update.win32_1.5.0.202011040924/tools/bin/../lib/gcc/arm-none-eabi/9.3.1/../../../../arm-none-eabi/lib/thumb/v7-m/nofp\libc_nano.a(lib_a-mlock.o)
                0x0000000008008428                __malloc_lock
 .text.__malloc_unlock
                0x0000000008008434        0xc c:/st/stm32cubeide_1.5.0/stm32cubeide/plugins/com.st.stm32cube.ide.mcu.externaltools.gnu-tools-for-stm32.9-2020-q2-update.win32_1.5.0.202011040924/tools/bin/../lib/gcc/arm-none-eabi/9.3.1/../../../../arm-none-eabi/lib/thumb/v7-m/nofp\libc_nano.a(lib_a-mlock.o)
                0x0000000008008434                __malloc_unlock
 .text._realloc_r
                0x0000000008008440       0x4c c:/st/stm32cubeide_1.5.0/stm32cubeide/plugins/com.st.stm32cube.ide.mcu.externaltools.gnu-tools-for-stm32.9-2020-q2-update.win32_1.5.0.202011040924/tools/bin/../lib/gcc/arm-none-eabi/9.3.1/../../../../arm-none-eabi/lib/thumb/v7-m/nofp\libc_nano.a(lib_a-nano-reallocr.o)
                0x0000000008008440                _realloc_r
 .text.__sfputc_r
                0x000000000800848c       0x2a c:/st/stm32cubeide_1.5.0/stm32cubeide/plugins/com.st.stm32cube.ide.mcu.externaltools.gnu-tools-for-stm32.9-2020-q2-update.win32_1.5.0.202011040924/tools/bin/../lib/gcc/arm-none-eabi/9.3.1/../../../../arm-none-eabi/lib/thumb/v7-m/nofp\libc_nano.a(lib_a-nano-vfprintf.o)
 .text.__sfputs_r
                0x00000000080084b6       0x24 c:/st/stm32cubeide_1.5.0/stm32cubeide/plugins/com.st.stm32cube.ide.mcu.externaltools.gnu-tools-for-stm32.9-2020-q2-update.win32_1.5.0.202011040924/tools/bin/../lib/gcc/arm-none-eabi/9.3.1/../../../../arm-none-eabi/lib/thumb/v7-m/nofp\libc_nano.a(lib_a-nano-vfprintf.o)
                0x00000000080084b6                __sfputs_r
 *fill*         0x00000000080084da        0x2 
 .text._vfprintf_r
                0x00000000080084dc      0x260 c:/st/stm32cubeide_1.5.0/stm32cubeide/plugins/com.st.stm32cube.ide.mcu.externaltools.gnu-tools-for-stm32.9-2020-q2-update.win32_1.5.0.202011040924/tools/bin/../lib/gcc/arm-none-eabi/9.3.1/../../../../arm-none-eabi/lib/thumb/v7-m/nofp\libc_nano.a(lib_a-nano-vfprintf.o)
                0x00000000080084dc                _vfprintf_r
                0x00000000080084dc                _vfiprintf_r
 .text.__swbuf_r
                0x000000000800873c       0xa4 c:/st/stm32cubeide_1.5.0/stm32cubeide/plugins/com.st.stm32cube.ide.mcu.externaltools.gnu-tools-for-stm32.9-2020-q2-update.win32_1.5.0.202011040924/tools/bin/../lib/gcc/arm-none-eabi/9.3.1/../../../../arm-none-eabi/lib/thumb/v7-m/nofp\libc_nano.a(lib_a-wbuf.o)
                0x000000000800873c                __swbuf_r
 .text.__ascii_wctomb
                0x00000000080087e0       0x1a c:/st/stm32cubeide_1.5.0/stm32cubeide/plugins/com.st.stm32cube.ide.mcu.externaltools.gnu-tools-for-stm32.9-2020-q2-update.win32_1.5.0.202011040924/tools/bin/../lib/gcc/arm-none-eabi/9.3.1/../../../../arm-none-eabi/lib/thumb/v7-m/nofp\libc_nano.a(lib_a-wctomb_r.o)
                0x00000000080087e0                __ascii_wctomb
 *fill*         0x00000000080087fa        0x2 
 .text.__swsetup_r
                0x00000000080087fc       0xdc c:/st/stm32cubeide_1.5.0/stm32cubeide/plugins/com.st.stm32cube.ide.mcu.externaltools.gnu-tools-for-stm32.9-2020-q2-update.win32_1.5.0.202011040924/tools/bin/../lib/gcc/arm-none-eabi/9.3.1/../../../../arm-none-eabi/lib/thumb/v7-m/nofp\libc_nano.a(lib_a-wsetup.o)
                0x00000000080087fc                __swsetup_r
 .text.abort    0x00000000080088d8        0xe c:/st/stm32cubeide_1.5.0/stm32cubeide/plugins/com.st.stm32cube.ide.mcu.externaltools.gnu-tools-for-stm32.9-2020-q2-update.win32_1.5.0.202011040924/tools/bin/../lib/gcc/arm-none-eabi/9.3.1/../../../../arm-none-eabi/lib/thumb/v7-m/nofp\libc_nano.a(lib_a-abort.o)
                0x00000000080088d8                abort
 *fill*         0x00000000080088e6        0x2 
 .text.__sflush_r
                0x00000000080088e8      0x10c c:/st/stm32cubeide_1.5.0/stm32cubeide/plugins/com.st.stm32cube.ide.mcu.externaltools.gnu-tools-for-stm32.9-2020-q2-update.win32_1.5.0.202011040924/tools/bin/../lib/gcc/arm-none-eabi/9.3.1/../../../../arm-none-eabi/lib/thumb/v7-m/nofp\libc_nano.a(lib_a-fflush.o)
                0x00000000080088e8                __sflush_r
 .text._fflush_r
                0x00000000080089f4       0x78 c:/st/stm32cubeide_1.5.0/stm32cubeide/plugins/com.st.stm32cube.ide.mcu.externaltools.gnu-tools-for-stm32.9-2020-q2-update.win32_1.5.0.202011040924/tools/bin/../lib/gcc/arm-none-eabi/9.3.1/../../../../arm-none-eabi/lib/thumb/v7-m/nofp\libc_nano.a(lib_a-fflush.o)
                0x00000000080089f4                _fflush_r
 .text.std      0x0000000008008a6c       0x48 c:/st/stm32cubeide_1.5.0/stm32cubeide/plugins/com.st.stm32cube.ide.mcu.externaltools.gnu-tools-for-stm32.9-2020-q2-update.win32_1.5.0.202011040924/tools/bin/../lib/gcc/arm-none-eabi/9.3.1/../../../../arm-none-eabi/lib/thumb/v7-m/nofp\libc_nano.a(lib_a-findfp.o)
 .text._cleanup_r
                0x0000000008008ab4        0xc c:/st/stm32cubeide_1.5.0/stm32cubeide/plugins/com.st.stm32cube.ide.mcu.externaltools.gnu-tools-for-stm32.9-2020-q2-update.win32_1.5.0.202011040924/tools/bin/../lib/gcc/arm-none-eabi/9.3.1/../../../../arm-none-eabi/lib/thumb/v7-m/nofp\libc_nano.a(lib_a-findfp.o)
                0x0000000008008ab4                _cleanup_r
 .text.__sfmoreglue
                0x0000000008008ac0       0x2c c:/st/stm32cubeide_1.5.0/stm32cubeide/plugins/com.st.stm32cube.ide.mcu.externaltools.gnu-tools-for-stm32.9-2020-q2-update.win32_1.5.0.202011040924/tools/bin/../lib/gcc/arm-none-eabi/9.3.1/../../../../arm-none-eabi/lib/thumb/v7-m/nofp\libc_nano.a(lib_a-findfp.o)
                0x0000000008008ac0                __sfmoreglue
 .text.__sfp_lock_acquire
                0x0000000008008aec        0xc c:/st/stm32cubeide_1.5.0/stm32cubeide/plugins/com.st.stm32cube.ide.mcu.externaltools.gnu-tools-for-stm32.9-2020-q2-update.win32_1.5.0.202011040924/tools/bin/../lib/gcc/arm-none-eabi/9.3.1/../../../../arm-none-eabi/lib/thumb/v7-m/nofp\libc_nano.a(lib_a-findfp.o)
                0x0000000008008aec                __sfp_lock_acquire
 .text.__sfp_lock_release
                0x0000000008008af8        0xc c:/st/stm32cubeide_1.5.0/stm32cubeide/plugins/com.st.stm32cube.ide.mcu.externaltools.gnu-tools-for-stm32.9-2020-q2-update.win32_1.5.0.202011040924/tools/bin/../lib/gcc/arm-none-eabi/9.3.1/../../../../arm-none-eabi/lib/thumb/v7-m/nofp\libc_nano.a(lib_a-findfp.o)
                0x0000000008008af8                __sfp_lock_release
 .text.__sinit_lock_acquire
                0x0000000008008b04        0xc c:/st/stm32cubeide_1.5.0/stm32cubeide/plugins/com.st.stm32cube.ide.mcu.externaltools.gnu-tools-for-stm32.9-2020-q2-update.win32_1.5.0.202011040924/tools/bin/../lib/gcc/arm-none-eabi/9.3.1/../../../../arm-none-eabi/lib/thumb/v7-m/nofp\libc_nano.a(lib_a-findfp.o)
                0x0000000008008b04                __sinit_lock_acquire
 .text.__sinit_lock_release
                0x0000000008008b10        0xc c:/st/stm32cubeide_1.5.0/stm32cubeide/plugins/com.st.stm32cube.ide.mcu.externaltools.gnu-tools-for-stm32.9-2020-q2-update.win32_1.5.0.202011040924/tools/bin/../lib/gcc/arm-none-eabi/9.3.1/../../../../arm-none-eabi/lib/thumb/v7-m/nofp\libc_nano.a(lib_a-findfp.o)
                0x0000000008008b10                __sinit_lock_release
 .text.__sinit  0x0000000008008b1c       0x70 c:/st/stm32cubeide_1.5.0/stm32cubeide/plugins/com.st.stm32cube.ide.mcu.externaltools.gnu-tools-for-stm32.9-2020-q2-update.win32_1.5.0.202011040924/tools/bin/../lib/gcc/arm-none-eabi/9.3.1/../../../../arm-none-eabi/lib/thumb/v7-m/nofp\libc_nano.a(lib_a-findfp.o)
                0x0000000008008b1c                __sinit
 .text.__sfp    0x0000000008008b8c       0x8c c:/st/stm32cubeide_1.5.0/stm32cubeide/plugins/com.st.stm32cube.ide.mcu.externaltools.gnu-tools-for-stm32.9-2020-q2-update.win32_1.5.0.202011040924/tools/bin/../lib/gcc/arm-none-eabi/9.3.1/../../../../arm-none-eabi/lib/thumb/v7-m/nofp\libc_nano.a(lib_a-findfp.o)
                0x0000000008008b8c                __sfp
 .text._fwalk_reent
                0x0000000008008c18       0x3e c:/st/stm32cubeide_1.5.0/stm32cubeide/plugins/com.st.stm32cube.ide.mcu.externaltools.gnu-tools-for-stm32.9-2020-q2-update.win32_1.5.0.202011040924/tools/bin/../lib/gcc/arm-none-eabi/9.3.1/../../../../arm-none-eabi/lib/thumb/v7-m/nofp\libc_nano.a(lib_a-fwalk.o)
                0x0000000008008c18                _fwalk_reent
 .text.__retarget_lock_init_recursive
                0x0000000008008c56        0x2 c:/st/stm32cubeide_1.5.0/stm32cubeide/plugins/com.st.stm32cube.ide.mcu.externaltools.gnu-tools-for-stm32.9-2020-q2-update.win32_1.5.0.202011040924/tools/bin/../lib/gcc/arm-none-eabi/9.3.1/../../../../arm-none-eabi/lib/thumb/v7-m/nofp\libc_nano.a(lib_a-lock.o)
                0x0000000008008c56                __retarget_lock_init_recursive
 .text.__retarget_lock_acquire_recursive
                0x0000000008008c58        0x2 c:/st/stm32cubeide_1.5.0/stm32cubeide/plugins/com.st.stm32cube.ide.mcu.externaltools.gnu-tools-for-stm32.9-2020-q2-update.win32_1.5.0.202011040924/tools/bin/../lib/gcc/arm-none-eabi/9.3.1/../../../../arm-none-eabi/lib/thumb/v7-m/nofp\libc_nano.a(lib_a-lock.o)
                0x0000000008008c58                __retarget_lock_acquire_recursive
 .text.__retarget_lock_release_recursive
                0x0000000008008c5a        0x2 c:/st/stm32cubeide_1.5.0/stm32cubeide/plugins/com.st.stm32cube.ide.mcu.externaltools.gnu-tools-for-stm32.9-2020-q2-update.win32_1.5.0.202011040924/tools/bin/../lib/gcc/arm-none-eabi/9.3.1/../../../../arm-none-eabi/lib/thumb/v7-m/nofp\libc_nano.a(lib_a-lock.o)
                0x0000000008008c5a                __retarget_lock_release_recursive
 .text.__swhatbuf_r
                0x0000000008008c5c       0x48 c:/st/stm32cubeide_1.5.0/stm32cubeide/plugins/com.st.stm32cube.ide.mcu.externaltools.gnu-tools-for-stm32.9-2020-q2-update.win32_1.5.0.202011040924/tools/bin/../lib/gcc/arm-none-eabi/9.3.1/../../../../arm-none-eabi/lib/thumb/v7-m/nofp\libc_nano.a(lib_a-makebuf.o)
                0x0000000008008c5c                __swhatbuf_r
 .text.__smakebuf_r
                0x0000000008008ca4       0x80 c:/st/stm32cubeide_1.5.0/stm32cubeide/plugins/com.st.stm32cube.ide.mcu.externaltools.gnu-tools-for-stm32.9-2020-q2-update.win32_1.5.0.202011040924/tools/bin/../lib/gcc/arm-none-eabi/9.3.1/../../../../arm-none-eabi/lib/thumb/v7-m/nofp\libc_nano.a(lib_a-makebuf.o)
                0x0000000008008ca4                __smakebuf_r
 .text._malloc_usable_size_r
                0x0000000008008d24       0x10 c:/st/stm32cubeide_1.5.0/stm32cubeide/plugins/com.st.stm32cube.ide.mcu.externaltools.gnu-tools-for-stm32.9-2020-q2-update.win32_1.5.0.202011040924/tools/bin/../lib/gcc/arm-none-eabi/9.3.1/../../../../arm-none-eabi/lib/thumb/v7-m/nofp\libc_nano.a(lib_a-nano-msizer.o)
                0x0000000008008d24                _malloc_usable_size_r
 .text._raise_r
                0x0000000008008d34       0x50 c:/st/stm32cubeide_1.5.0/stm32cubeide/plugins/com.st.stm32cube.ide.mcu.externaltools.gnu-tools-for-stm32.9-2020-q2-update.win32_1.5.0.202011040924/tools/bin/../lib/gcc/arm-none-eabi/9.3.1/../../../../arm-none-eabi/lib/thumb/v7-m/nofp\libc_nano.a(lib_a-signal.o)
                0x0000000008008d34                _raise_r
 .text.raise    0x0000000008008d84       0x10 c:/st/stm32cubeide_1.5.0/stm32cubeide/plugins/com.st.stm32cube.ide.mcu.externaltools.gnu-tools-for-stm32.9-2020-q2-update.win32_1.5.0.202011040924/tools/bin/../lib/gcc/arm-none-eabi/9.3.1/../../../../arm-none-eabi/lib/thumb/v7-m/nofp\libc_nano.a(lib_a-signal.o)
                0x0000000008008d84                raise
 .text._kill_r  0x0000000008008d94       0x24 c:/st/stm32cubeide_1.5.0/stm32cubeide/plugins/com.st.stm32cube.ide.mcu.externaltools.gnu-tools-for-stm32.9-2020-q2-update.win32_1.5.0.202011040924/tools/bin/../lib/gcc/arm-none-eabi/9.3.1/../../../../arm-none-eabi/lib/thumb/v7-m/nofp\libc_nano.a(lib_a-signalr.o)
                0x0000000008008d94                _kill_r
 .text._getpid_r
                0x0000000008008db8        0x4 c:/st/stm32cubeide_1.5.0/stm32cubeide/plugins/com.st.stm32cube.ide.mcu.externaltools.gnu-tools-for-stm32.9-2020-q2-update.win32_1.5.0.202011040924/tools/bin/../lib/gcc/arm-none-eabi/9.3.1/../../../../arm-none-eabi/lib/thumb/v7-m/nofp\libc_nano.a(lib_a-signalr.o)
                0x0000000008008db8                _getpid_r
 .text.__sread  0x0000000008008dbc       0x22 c:/st/stm32cubeide_1.5.0/stm32cubeide/plugins/com.st.stm32cube.ide.mcu.externaltools.gnu-tools-for-stm32.9-2020-q2-update.win32_1.5.0.202011040924/tools/bin/../lib/gcc/arm-none-eabi/9.3.1/../../../../arm-none-eabi/lib/thumb/v7-m/nofp\libc_nano.a(lib_a-stdio.o)
                0x0000000008008dbc                __sread
 .text.__swrite
                0x0000000008008dde       0x38 c:/st/stm32cubeide_1.5.0/stm32cubeide/plugins/com.st.stm32cube.ide.mcu.externaltools.gnu-tools-for-stm32.9-2020-q2-update.win32_1.5.0.202011040924/tools/bin/../lib/gcc/arm-none-eabi/9.3.1/../../../../arm-none-eabi/lib/thumb/v7-m/nofp\libc_nano.a(lib_a-stdio.o)
                0x0000000008008dde                __swrite
 .text.__sseek  0x0000000008008e16       0x24 c:/st/stm32cubeide_1.5.0/stm32cubeide/plugins/com.st.stm32cube.ide.mcu.externaltools.gnu-tools-for-stm32.9-2020-q2-update.win32_1.5.0.202011040924/tools/bin/../lib/gcc/arm-none-eabi/9.3.1/../../../../arm-none-eabi/lib/thumb/v7-m/nofp\libc_nano.a(lib_a-stdio.o)
                0x0000000008008e16                __sseek
 .text.__sclose
                0x0000000008008e3a        0x8 c:/st/stm32cubeide_1.5.0/stm32cubeide/plugins/com.st.stm32cube.ide.mcu.externaltools.gnu-tools-for-stm32.9-2020-q2-update.win32_1.5.0.202011040924/tools/bin/../lib/gcc/arm-none-eabi/9.3.1/../../../../arm-none-eabi/lib/thumb/v7-m/nofp\libc_nano.a(lib_a-stdio.o)
                0x0000000008008e3a                __sclose
 *fill*         0x0000000008008e42        0x2 
 .text._write_r
                0x0000000008008e44       0x24 c:/st/stm32cubeide_1.5.0/stm32cubeide/plugins/com.st.stm32cube.ide.mcu.externaltools.gnu-tools-for-stm32.9-2020-q2-update.win32_1.5.0.202011040924/tools/bin/../lib/gcc/arm-none-eabi/9.3.1/../../../../arm-none-eabi/lib/thumb/v7-m/nofp\libc_nano.a(lib_a-writer.o)
                0x0000000008008e44                _write_r
 .text._close_r
                0x0000000008008e68       0x20 c:/st/stm32cubeide_1.5.0/stm32cubeide/plugins/com.st.stm32cube.ide.mcu.externaltools.gnu-tools-for-stm32.9-2020-q2-update.win32_1.5.0.202011040924/tools/bin/../lib/gcc/arm-none-eabi/9.3.1/../../../../arm-none-eabi/lib/thumb/v7-m/nofp\libc_nano.a(lib_a-closer.o)
                0x0000000008008e68                _close_r
 .text._fstat_r
                0x0000000008008e88       0x24 c:/st/stm32cubeide_1.5.0/stm32cubeide/plugins/com.st.stm32cube.ide.mcu.externaltools.gnu-tools-for-stm32.9-2020-q2-update.win32_1.5.0.202011040924/tools/bin/../lib/gcc/arm-none-eabi/9.3.1/../../../../arm-none-eabi/lib/thumb/v7-m/nofp\libc_nano.a(lib_a-fstatr.o)
                0x0000000008008e88                _fstat_r
 .text._isatty_r
                0x0000000008008eac       0x20 c:/st/stm32cubeide_1.5.0/stm32cubeide/plugins/com.st.stm32cube.ide.mcu.externaltools.gnu-tools-for-stm32.9-2020-q2-update.win32_1.5.0.202011040924/tools/bin/../lib/gcc/arm-none-eabi/9.3.1/../../../../arm-none-eabi/lib/thumb/v7-m/nofp\libc_nano.a(lib_a-isattyr.o)
                0x0000000008008eac                _isatty_r
 .text._lseek_r
                0x0000000008008ecc       0x24 c:/st/stm32cubeide_1.5.0/stm32cubeide/plugins/com.st.stm32cube.ide.mcu.externaltools.gnu-tools-for-stm32.9-2020-q2-update.win32_1.5.0.202011040924/tools/bin/../lib/gcc/arm-none-eabi/9.3.1/../../../../arm-none-eabi/lib/thumb/v7-m/nofp\libc_nano.a(lib_a-lseekr.o)
                0x0000000008008ecc                _lseek_r
 .text._read_r  0x0000000008008ef0       0x24 c:/st/stm32cubeide_1.5.0/stm32cubeide/plugins/com.st.stm32cube.ide.mcu.externaltools.gnu-tools-for-stm32.9-2020-q2-update.win32_1.5.0.202011040924/tools/bin/../lib/gcc/arm-none-eabi/9.3.1/../../../../arm-none-eabi/lib/thumb/v7-m/nofp\libc_nano.a(lib_a-readr.o)
                0x0000000008008ef0                _read_r
 *(.glue_7)
 .glue_7        0x0000000008008f14        0x0 linker stubs
 *(.glue_7t)
 .glue_7t       0x0000000008008f14        0x0 linker stubs
 *(.eh_frame)
 .eh_frame      0x0000000008008f14        0x0 c:/st/stm32cubeide_1.5.0/stm32cubeide/plugins/com.st.stm32cube.ide.mcu.externaltools.gnu-tools-for-stm32.9-2020-q2-update.win32_1.5.0.202011040924/tools/bin/../lib/gcc/arm-none-eabi/9.3.1/thumb/v7-m/nofp/crtbegin.o
 *(.init)
 .init          0x0000000008008f14        0x4 c:/st/stm32cubeide_1.5.0/stm32cubeide/plugins/com.st.stm32cube.ide.mcu.externaltools.gnu-tools-for-stm32.9-2020-q2-update.win32_1.5.0.202011040924/tools/bin/../lib/gcc/arm-none-eabi/9.3.1/thumb/v7-m/nofp/crti.o
                0x0000000008008f14                _init
 .init          0x0000000008008f18        0x8 c:/st/stm32cubeide_1.5.0/stm32cubeide/plugins/com.st.stm32cube.ide.mcu.externaltools.gnu-tools-for-stm32.9-2020-q2-update.win32_1.5.0.202011040924/tools/bin/../lib/gcc/arm-none-eabi/9.3.1/thumb/v7-m/nofp/crtn.o
 *(.fini)
 .fini          0x0000000008008f20        0x4 c:/st/stm32cubeide_1.5.0/stm32cubeide/plugins/com.st.stm32cube.ide.mcu.externaltools.gnu-tools-for-stm32.9-2020-q2-update.win32_1.5.0.202011040924/tools/bin/../lib/gcc/arm-none-eabi/9.3.1/thumb/v7-m/nofp/crti.o
                0x0000000008008f20                _fini
 .fini          0x0000000008008f24        0x8 c:/st/stm32cubeide_1.5.0/stm32cubeide/plugins/com.st.stm32cube.ide.mcu.externaltools.gnu-tools-for-stm32.9-2020-q2-update.win32_1.5.0.202011040924/tools/bin/../lib/gcc/arm-none-eabi/9.3.1/thumb/v7-m/nofp/crtn.o
                0x0000000008008f2c                . = ALIGN (0x4)
                0x0000000008008f2c                _etext = .

.vfp11_veneer   0x0000000008008f2c        0x0
 .vfp11_veneer  0x0000000008008f2c        0x0 linker stubs

.v4_bx          0x0000000008008f2c        0x0
 .v4_bx         0x0000000008008f2c        0x0 linker stubs

.iplt           0x0000000008008f2c        0x0
 .iplt          0x0000000008008f2c        0x0 c:/st/stm32cubeide_1.5.0/stm32cubeide/plugins/com.st.stm32cube.ide.mcu.externaltools.gnu-tools-for-stm32.9-2020-q2-update.win32_1.5.0.202011040924/tools/bin/../lib/gcc/arm-none-eabi/9.3.1/thumb/v7-m/nofp/crtbegin.o

.rodata         0x0000000008008f30      0xeec
                0x0000000008008f30                . = ALIGN (0x4)
 *(.rodata)
 *(.rodata*)
 .rodata.SetRegisterValue.str1.1
                0x0000000008008f30       0x7b Core/Src/ads1256.o
 .rodata.initADS.str1.1
                0x0000000008008fab       0x34 Core/Src/ads1256.o
 .rodata.mount_sd.str1.1
                0x0000000008008fdf       0x33 Core/Src/file_handling.o
 .rodata.scan_files.str1.1
                0x0000000008009012       0x24 Core/Src/file_handling.o
 .rodata.write_file.str1.1
                0x0000000008009036       0xd0 Core/Src/file_handling.o
                                         0xd3 (size before relaxing)
 .rodata.read_file.str1.1
                0x0000000008009106       0x7b Core/Src/file_handling.o
 .rodata.create_file.str1.1
                0x0000000008009181       0x69 Core/Src/file_handling.o
 .rodata.create_file_mod.str1.1
                0x00000000080091ea       0x49 Core/Src/file_handling.o
 .rodata.remove_file.str1.1
                0x0000000008009233       0x3c Core/Src/file_handling.o
 .rodata.create_dir.str1.1
                0x000000000800926f       0x47 Core/Src/file_handling.o
 .rodata.check_sd.str1.1
                0x00000000080092b6       0x34 Core/Src/file_handling.o
                                         0x35 (size before relaxing)
 .rodata.check_file.str1.1
                0x00000000080092ea       0x99 Core/Src/file_handling.o
 .rodata.update_file.str1.1
                0x0000000008009383       0x72 Core/Src/file_handling.o
 .rodata.main.str1.1
                0x00000000080093f5       0xba Core/Src/main.o
                                         0xcb (size before relaxing)
 .rodata.AHBPrescTable
                0x00000000080094af       0x10 Core/Src/system_stm32f1xx.o
                0x00000000080094af                AHBPrescTable
 .rodata.APBPrescTable
                0x00000000080094bf        0x8 Core/Src/system_stm32f1xx.o
                0x00000000080094bf                APBPrescTable
 .rodata.HAL_RCC_GetSysClockFreq.str1.1
                0x00000000080094c7       0x11 Drivers/STM32F1xx_HAL_Driver/Src/stm32f1xx_hal_rcc.o
 .rodata.follow_path.str1.1
                0x00000000080094d8       0x10 Middlewares/Third_Party/FatFs/src/ff.o
 .rodata.ExCvt  0x00000000080094e8       0x80 Middlewares/Third_Party/FatFs/src/ff.o
 .rodata.LfnOfs
                0x0000000008009568        0xd Middlewares/Third_Party/FatFs/src/ff.o
 *fill*         0x0000000008009575        0x1 
 .rodata.Tbl    0x0000000008009576      0x100 Middlewares/Third_Party/FatFs/src/option/ccsbcs.o
 .rodata.tbl_lower.6680
                0x0000000008009676      0x1e0 Middlewares/Third_Party/FatFs/src/option/ccsbcs.o
 .rodata.tbl_upper.6681
                0x0000000008009856      0x1e0 Middlewares/Third_Party/FatFs/src/option/ccsbcs.o
 *fill*         0x0000000008009a36        0x2 
 .rodata._global_impure_ptr
                0x0000000008009a38        0x4 c:/st/stm32cubeide_1.5.0/stm32cubeide/plugins/com.st.stm32cube.ide.mcu.externaltools.gnu-tools-for-stm32.9-2020-q2-update.win32_1.5.0.202011040924/tools/bin/../lib/gcc/arm-none-eabi/9.3.1/../../../../arm-none-eabi/lib/thumb/v7-m/nofp\libc_nano.a(lib_a-impure.o)
                0x0000000008009a38                _global_impure_ptr
 .rodata._printf_float.str1.1
                0x0000000008009a3c       0x12 c:/st/stm32cubeide_1.5.0/stm32cubeide/plugins/com.st.stm32cube.ide.mcu.externaltools.gnu-tools-for-stm32.9-2020-q2-update.win32_1.5.0.202011040924/tools/bin/../lib/gcc/arm-none-eabi/9.3.1/../../../../arm-none-eabi/lib/thumb/v7-m/nofp\libc_nano.a(lib_a-nano-vfprintf_float.o)
 .rodata._printf_i.str1.1
                0x0000000008009a4e       0x22 c:/st/stm32cubeide_1.5.0/stm32cubeide/plugins/com.st.stm32cube.ide.mcu.externaltools.gnu-tools-for-stm32.9-2020-q2-update.win32_1.5.0.202011040924/tools/bin/../lib/gcc/arm-none-eabi/9.3.1/../../../../arm-none-eabi/lib/thumb/v7-m/nofp\libc_nano.a(lib_a-nano-vfprintf_i.o)
 .rodata._dtoa_r.str1.1
                0x0000000008009a70       0x94 c:/st/stm32cubeide_1.5.0/stm32cubeide/plugins/com.st.stm32cube.ide.mcu.externaltools.gnu-tools-for-stm32.9-2020-q2-update.win32_1.5.0.202011040924/tools/bin/../lib/gcc/arm-none-eabi/9.3.1/../../../../arm-none-eabi/lib/thumb/v7-m/nofp\libc_nano.a(lib_a-dtoa.o)
                                         0x96 (size before relaxing)
 .rodata._Balloc.str1.1
                0x0000000008009b04       0x60 c:/st/stm32cubeide_1.5.0/stm32cubeide/plugins/com.st.stm32cube.ide.mcu.externaltools.gnu-tools-for-stm32.9-2020-q2-update.win32_1.5.0.202011040924/tools/bin/../lib/gcc/arm-none-eabi/9.3.1/../../../../arm-none-eabi/lib/thumb/v7-m/nofp\libc_nano.a(lib_a-mprec.o)
                                         0x77 (size before relaxing)
 .rodata.__multadd.str1.1
                0x0000000008009b64       0x11 c:/st/stm32cubeide_1.5.0/stm32cubeide/plugins/com.st.stm32cube.ide.mcu.externaltools.gnu-tools-for-stm32.9-2020-q2-update.win32_1.5.0.202011040924/tools/bin/../lib/gcc/arm-none-eabi/9.3.1/../../../../arm-none-eabi/lib/thumb/v7-m/nofp\libc_nano.a(lib_a-mprec.o)
 *fill*         0x0000000008009b64        0x4 
 .rodata.__mprec_bigtens
                0x0000000008009b68       0x28 c:/st/stm32cubeide_1.5.0/stm32cubeide/plugins/com.st.stm32cube.ide.mcu.externaltools.gnu-tools-for-stm32.9-2020-q2-update.win32_1.5.0.202011040924/tools/bin/../lib/gcc/arm-none-eabi/9.3.1/../../../../arm-none-eabi/lib/thumb/v7-m/nofp\libc_nano.a(lib_a-mprec.o)
                0x0000000008009b68                __mprec_bigtens
 .rodata.__mprec_tens
                0x0000000008009b90       0xc8 c:/st/stm32cubeide_1.5.0/stm32cubeide/plugins/com.st.stm32cube.ide.mcu.externaltools.gnu-tools-for-stm32.9-2020-q2-update.win32_1.5.0.202011040924/tools/bin/../lib/gcc/arm-none-eabi/9.3.1/../../../../arm-none-eabi/lib/thumb/v7-m/nofp\libc_nano.a(lib_a-mprec.o)
                0x0000000008009b90                __mprec_tens
 .rodata.p05.6150
                0x0000000008009c58        0xc c:/st/stm32cubeide_1.5.0/stm32cubeide/plugins/com.st.stm32cube.ide.mcu.externaltools.gnu-tools-for-stm32.9-2020-q2-update.win32_1.5.0.202011040924/tools/bin/../lib/gcc/arm-none-eabi/9.3.1/../../../../arm-none-eabi/lib/thumb/v7-m/nofp\libc_nano.a(lib_a-mprec.o)
 .rodata._svfprintf_r.str1.1
                0x0000000008009c64       0x11 c:/st/stm32cubeide_1.5.0/stm32cubeide/plugins/com.st.stm32cube.ide.mcu.externaltools.gnu-tools-for-stm32.9-2020-q2-update.win32_1.5.0.202011040924/tools/bin/../lib/gcc/arm-none-eabi/9.3.1/../../../../arm-none-eabi/lib/thumb/v7-m/nofp\libc_nano.a(lib_a-nano-svfprintf.o)
 .rodata.__assert_func.str1.1
                0x0000000008009c75       0x3c c:/st/stm32cubeide_1.5.0/stm32cubeide/plugins/com.st.stm32cube.ide.mcu.externaltools.gnu-tools-for-stm32.9-2020-q2-update.win32_1.5.0.202011040924/tools/bin/../lib/gcc/arm-none-eabi/9.3.1/../../../../arm-none-eabi/lib/thumb/v7-m/nofp\libc_nano.a(lib_a-assert.o)
                                         0x3d (size before relaxing)
 .rodata._setlocale_r.str1.1
                0x0000000008009cb1        0x8 c:/st/stm32cubeide_1.5.0/stm32cubeide/plugins/com.st.stm32cube.ide.mcu.externaltools.gnu-tools-for-stm32.9-2020-q2-update.win32_1.5.0.202011040924/tools/bin/../lib/gcc/arm-none-eabi/9.3.1/../../../../arm-none-eabi/lib/thumb/v7-m/nofp\libc_nano.a(lib_a-locale.o)
                                          0x9 (size before relaxing)
 .rodata.str1.1
                0x0000000008009cb9        0x2 c:/st/stm32cubeide_1.5.0/stm32cubeide/plugins/com.st.stm32cube.ide.mcu.externaltools.gnu-tools-for-stm32.9-2020-q2-update.win32_1.5.0.202011040924/tools/bin/../lib/gcc/arm-none-eabi/9.3.1/../../../../arm-none-eabi/lib/thumb/v7-m/nofp\libc_nano.a(lib_a-locale.o)
 .rodata._vfprintf_r.str1.1
                0x0000000008009cbb       0x11 c:/st/stm32cubeide_1.5.0/stm32cubeide/plugins/com.st.stm32cube.ide.mcu.externaltools.gnu-tools-for-stm32.9-2020-q2-update.win32_1.5.0.202011040924/tools/bin/../lib/gcc/arm-none-eabi/9.3.1/../../../../arm-none-eabi/lib/thumb/v7-m/nofp\libc_nano.a(lib_a-nano-vfprintf.o)
 .rodata._ctype_
                0x0000000008009cbb      0x101 c:/st/stm32cubeide_1.5.0/stm32cubeide/plugins/com.st.stm32cube.ide.mcu.externaltools.gnu-tools-for-stm32.9-2020-q2-update.win32_1.5.0.202011040924/tools/bin/../lib/gcc/arm-none-eabi/9.3.1/../../../../arm-none-eabi/lib/thumb/v7-m/nofp\libc_nano.a(lib_a-ctype_.o)
                0x0000000008009cbb                _ctype_
 .rodata.__sf_fake_stderr
                0x0000000008009dbc       0x20 c:/st/stm32cubeide_1.5.0/stm32cubeide/plugins/com.st.stm32cube.ide.mcu.externaltools.gnu-tools-for-stm32.9-2020-q2-update.win32_1.5.0.202011040924/tools/bin/../lib/gcc/arm-none-eabi/9.3.1/../../../../arm-none-eabi/lib/thumb/v7-m/nofp\libc_nano.a(lib_a-findfp.o)
                0x0000000008009dbc                __sf_fake_stderr
 .rodata.__sf_fake_stdin
                0x0000000008009ddc       0x20 c:/st/stm32cubeide_1.5.0/stm32cubeide/plugins/com.st.stm32cube.ide.mcu.externaltools.gnu-tools-for-stm32.9-2020-q2-update.win32_1.5.0.202011040924/tools/bin/../lib/gcc/arm-none-eabi/9.3.1/../../../../arm-none-eabi/lib/thumb/v7-m/nofp\libc_nano.a(lib_a-findfp.o)
                0x0000000008009ddc                __sf_fake_stdin
 .rodata.__sf_fake_stdout
                0x0000000008009dfc       0x20 c:/st/stm32cubeide_1.5.0/stm32cubeide/plugins/com.st.stm32cube.ide.mcu.externaltools.gnu-tools-for-stm32.9-2020-q2-update.win32_1.5.0.202011040924/tools/bin/../lib/gcc/arm-none-eabi/9.3.1/../../../../arm-none-eabi/lib/thumb/v7-m/nofp\libc_nano.a(lib_a-findfp.o)
                0x0000000008009dfc                __sf_fake_stdout
                0x0000000008009e1c                . = ALIGN (0x4)

.rel.dyn        0x0000000008009e1c        0x0
 .rel.iplt      0x0000000008009e1c        0x0 c:/st/stm32cubeide_1.5.0/stm32cubeide/plugins/com.st.stm32cube.ide.mcu.externaltools.gnu-tools-for-stm32.9-2020-q2-update.win32_1.5.0.202011040924/tools/bin/../lib/gcc/arm-none-eabi/9.3.1/thumb/v7-m/nofp/crtbegin.o

.ARM.extab      0x0000000008009e1c        0x0
                0x0000000008009e1c                . = ALIGN (0x4)
 *(.ARM.extab* .gnu.linkonce.armextab.*)
                0x0000000008009e1c                . = ALIGN (0x4)

.ARM            0x0000000008009e1c        0x0
                0x0000000008009e1c                . = ALIGN (0x4)
                0x0000000008009e1c                __exidx_start = .
 *(.ARM.exidx*)
                0x0000000008009e1c                __exidx_end = .
                0x0000000008009e1c                . = ALIGN (0x4)

.preinit_array  0x0000000008009e1c        0x0
                0x0000000008009e1c                . = ALIGN (0x4)
                0x0000000008009e1c                PROVIDE (__preinit_array_start = .)
 *(.preinit_array*)
                0x0000000008009e1c                PROVIDE (__preinit_array_end = .)
                0x0000000008009e1c                . = ALIGN (0x4)

.init_array     0x0000000008009e1c        0x4
                0x0000000008009e1c                . = ALIGN (0x4)
                0x0000000008009e1c                PROVIDE (__init_array_start = .)
 *(SORT_BY_NAME(.init_array.*))
 *(.init_array*)
 .init_array    0x0000000008009e1c        0x4 c:/st/stm32cubeide_1.5.0/stm32cubeide/plugins/com.st.stm32cube.ide.mcu.externaltools.gnu-tools-for-stm32.9-2020-q2-update.win32_1.5.0.202011040924/tools/bin/../lib/gcc/arm-none-eabi/9.3.1/thumb/v7-m/nofp/crtbegin.o
                0x0000000008009e20                PROVIDE (__init_array_end = .)
                0x0000000008009e20                . = ALIGN (0x4)

.fini_array     0x0000000008009e20        0x4
                0x0000000008009e20                . = ALIGN (0x4)
                [!provide]                        PROVIDE (__fini_array_start = .)
 *(SORT_BY_NAME(.fini_array.*))
 *(.fini_array*)
 .fini_array    0x0000000008009e20        0x4 c:/st/stm32cubeide_1.5.0/stm32cubeide/plugins/com.st.stm32cube.ide.mcu.externaltools.gnu-tools-for-stm32.9-2020-q2-update.win32_1.5.0.202011040924/tools/bin/../lib/gcc/arm-none-eabi/9.3.1/thumb/v7-m/nofp/crtbegin.o
                [!provide]                        PROVIDE (__fini_array_end = .)
                0x0000000008009e24                . = ALIGN (0x4)
                0x0000000008009e24                _sidata = LOADADDR (.data)

.data           0x0000000020000000      0x200 load address 0x0000000008009e24
                0x0000000020000000                . = ALIGN (0x4)
                0x0000000020000000                _sdata = .
 *(.data)
 *(.data*)
 .data.DRDY_state
                0x0000000020000000        0x4 Core/Src/ads1256.o
                0x0000000020000000                DRDY_state
 .data.Stat     0x0000000020000004        0x1 Core/Src/fatfs_sd.o
 .data.fileName
                0x0000000020000005        0xa Core/Src/main.o
                0x0000000020000005                fileName
 *fill*         0x000000002000000f        0x1 
 .data.SystemCoreClock
                0x0000000020000010        0x4 Core/Src/system_stm32f1xx.o
                0x0000000020000010                SystemCoreClock
 .data.uwTickFreq
                0x0000000020000014        0x1 Drivers/STM32F1xx_HAL_Driver/Src/stm32f1xx_hal.o
                0x0000000020000014                uwTickFreq
 *fill*         0x0000000020000015        0x3 
 .data.uwTickPrio
                0x0000000020000018        0x4 Drivers/STM32F1xx_HAL_Driver/Src/stm32f1xx_hal.o
                0x0000000020000018                uwTickPrio
 .data.USER_Driver
                0x000000002000001c       0x14 FATFS/Target/user_diskio.o
                0x000000002000001c                USER_Driver
 .data._impure_ptr
                0x0000000020000030        0x4 c:/st/stm32cubeide_1.5.0/stm32cubeide/plugins/com.st.stm32cube.ide.mcu.externaltools.gnu-tools-for-stm32.9-2020-q2-update.win32_1.5.0.202011040924/tools/bin/../lib/gcc/arm-none-eabi/9.3.1/../../../../arm-none-eabi/lib/thumb/v7-m/nofp\libc_nano.a(lib_a-impure.o)
                0x0000000020000030                _impure_ptr
 .data.impure_data
                0x0000000020000034       0x60 c:/st/stm32cubeide_1.5.0/stm32cubeide/plugins/com.st.stm32cube.ide.mcu.externaltools.gnu-tools-for-stm32.9-2020-q2-update.win32_1.5.0.202011040924/tools/bin/../lib/gcc/arm-none-eabi/9.3.1/../../../../arm-none-eabi/lib/thumb/v7-m/nofp\libc_nano.a(lib_a-impure.o)
 .data.__global_locale
                0x0000000020000094      0x16c c:/st/stm32cubeide_1.5.0/stm32cubeide/plugins/com.st.stm32cube.ide.mcu.externaltools.gnu-tools-for-stm32.9-2020-q2-update.win32_1.5.0.202011040924/tools/bin/../lib/gcc/arm-none-eabi/9.3.1/../../../../arm-none-eabi/lib/thumb/v7-m/nofp\libc_nano.a(lib_a-locale.o)
                0x0000000020000094                __global_locale
 *(.RamFunc)
 *(.RamFunc*)
                0x0000000020000200                . = ALIGN (0x4)
                0x0000000020000200                _edata = .

.igot.plt       0x0000000020000200        0x0 load address 0x000000000800a024
 .igot.plt      0x0000000020000200        0x0 c:/st/stm32cubeide_1.5.0/stm32cubeide/plugins/com.st.stm32cube.ide.mcu.externaltools.gnu-tools-for-stm32.9-2020-q2-update.win32_1.5.0.202011040924/tools/bin/../lib/gcc/arm-none-eabi/9.3.1/thumb/v7-m/nofp/crtbegin.o
                0x0000000020000200                . = ALIGN (0x4)

.bss            0x0000000020000200     0x17d8 load address 0x000000000800a024
                0x0000000020000200                _sbss = .
                0x0000000020000200                __bss_start__ = _sbss
 *(.bss)
 .bss           0x0000000020000200       0x1c c:/st/stm32cubeide_1.5.0/stm32cubeide/plugins/com.st.stm32cube.ide.mcu.externaltools.gnu-tools-for-stm32.9-2020-q2-update.win32_1.5.0.202011040924/tools/bin/../lib/gcc/arm-none-eabi/9.3.1/thumb/v7-m/nofp/crtbegin.o
 *(.bss*)
 .bss.rx_buffer
                0x000000002000021c       0x48 Core/Src/UartRingbuffer.o
                0x000000002000021c                rx_buffer
 .bss.tx_buffer
                0x0000000020000264       0x48 Core/Src/UartRingbuffer.o
                0x0000000020000264                tx_buffer
 .bss.CardType  0x00000000200002ac        0x1 Core/Src/fatfs_sd.o
 .bss.PowerFlag
                0x00000000200002ad        0x1 Core/Src/fatfs_sd.o
 .bss.cmd       0x00000000200002ae        0x1 Core/Src/main.o
                0x00000000200002ae                cmd
 *fill*         0x00000000200002af        0x1 
 .bss.conversion_trigger
                0x00000000200002b0        0x4 Core/Src/main.o
                0x00000000200002b0                conversion_trigger
 .bss.line_counter
                0x00000000200002b4        0x4 Core/Src/main.o
                0x00000000200002b4                line_counter
 .bss.FatFsCnt  0x00000000200002b8        0x1 Core/Src/stm32f1xx_it.o
                0x00000000200002b8                FatFsCnt
 *fill*         0x00000000200002b9        0x3 
 .bss.__sbrk_heap_end
                0x00000000200002bc        0x4 Core/Src/sysmem.o
 .bss.FatFs     0x00000000200002c0        0x4 Middlewares/Third_Party/FatFs/src/ff.o
 .bss.Files     0x00000000200002c4       0x18 Middlewares/Third_Party/FatFs/src/ff.o
 .bss.Fsid      0x00000000200002dc        0x2 Middlewares/Third_Party/FatFs/src/ff.o
 .bss.LfnBuf    0x00000000200002de      0x200 Middlewares/Third_Party/FatFs/src/ff.o
 *fill*         0x00000000200004de        0x2 
 .bss.disk      0x00000000200004e0        0xc Middlewares/Third_Party/FatFs/src/ff_gen_drv.o
                0x00000000200004e0                disk
 .bss.__malloc_free_list
                0x00000000200004ec        0x4 c:/st/stm32cubeide_1.5.0/stm32cubeide/plugins/com.st.stm32cube.ide.mcu.externaltools.gnu-tools-for-stm32.9-2020-q2-update.win32_1.5.0.202011040924/tools/bin/../lib/gcc/arm-none-eabi/9.3.1/../../../../arm-none-eabi/lib/thumb/v7-m/nofp\libc_nano.a(lib_a-nano-mallocr.o)
                0x00000000200004ec                __malloc_free_list
 .bss.__malloc_sbrk_start
                0x00000000200004f0        0x4 c:/st/stm32cubeide_1.5.0/stm32cubeide/plugins/com.st.stm32cube.ide.mcu.externaltools.gnu-tools-for-stm32.9-2020-q2-update.win32_1.5.0.202011040924/tools/bin/../lib/gcc/arm-none-eabi/9.3.1/../../../../arm-none-eabi/lib/thumb/v7-m/nofp\libc_nano.a(lib_a-nano-mallocr.o)
                0x00000000200004f0                __malloc_sbrk_start
 *(COMMON)
 COMMON         0x00000000200004f4       0xc4 Core/Src/MPU6050.o
                0x00000000200004f4                accXoffset
                0x00000000200004f8                Accel_X_RAW
                0x00000000200004fc                preInterval
                0x0000000020000500                angle_pitch_acc
                0x0000000020000504                gyroZoffset
                0x0000000020000508                Temperature
                0x000000002000050c                accZoffset
                0x0000000020000510                hi2c1
                0x0000000020000564                gyroX
                0x0000000020000568                Gyro_X_RAW
                0x000000002000056c                accZ
                0x0000000020000570                temp
                0x0000000020000574                gyroYoffset
                0x0000000020000578                Accel_Y_RAW
                0x000000002000057a                Accel_Z_RAW
                0x000000002000057c                gyroZ
                0x0000000020000580                accYoffset
                0x0000000020000584                angleX
                0x0000000020000588                angleAccY
                0x000000002000058c                acc_total_vector
                0x0000000020000590                Gyro_Z_RAW
                0x0000000020000594                angleZ
                0x0000000020000598                angle_roll_acc
                0x000000002000059c                gyroY
                0x00000000200005a0                angleAccX
                0x00000000200005a4                Gyro_Y_RAW
                0x00000000200005a8                accY